176.65.240.146 - - [12/Aug/2024:08:15:29 +0000] "GET /k1P7Uq0Rz7GzaEXuDvRu.php HTTP/1.1" 200 8 "-" "GuzzleHttp/7"
87.236.176.201 - - [12/Aug/2024:14:46:40 +0000] "GET / HTTP/1.1" 301 0 "-" "Mozilla/5.0 (compatible; InternetMeasurement/1.0; +https://internet-measurement.com/)"
86.109.60.108 - - [12/Aug/2024:15:29:43 +0000] "GET / HTTP/1.1" 301 0 "-" "Mozilla/5.0 (Windows NT 10.0; Win64; x64; rv:129.0) Gecko/20100101 Firefox/129.0"
185.164.72.208 - - [12/Aug/2024:16:32:15 +0000] "POST /wp-cron.php?doing_wp_cron=1723480334.7553739547729492187500 HTTP/1.1" 200 0 "-" "WordPress/6.6.1; https://drrikhtehgaran.com"
212.16.73.178 - - [12/Aug/2024:16:32:06 +0000] "GET / HTTP/1.1" 301 0 "-" "Mozilla/5.0 (Windows NT 10.0; Win64; x64) AppleWebKit/537.36 (KHTML, like Gecko) Chrome/127.0.0.0 Safari/537.36 Edg/127.0.0.0"
185.164.72.208 - - [12/Aug/2024:17:11:14 +0000] "GET /.well-known/acme-challenge/_5EL0AA292CF10JIU9W0P4_L7-C9S_XN HTTP/1.1" 200 64 "-" "Cpanel-HTTP-Client/1.0"
185.164.72.208 - - [12/Aug/2024:17:11:14 +0000] "GET /.well-known/acme-challenge/096BOW4O0CYXM8LIQOO3K8H2M3NOMNP0 HTTP/1.1" 200 64 "-" "Cpanel-HTTP-Client/1.0"
88.135.68.7 - - [12/Aug/2024:18:09:33 +0000] "GET /.well-known/acme-challenge/7AQNZXC0GJU0UQ75W4857NWJ2UGLLPBS HTTP/1.1" 404 1238 "-" "Cpanel-HTTP-Client/1.0"
51.158.37.210 - - [12/Aug/2024:18:17:33 +0000] "GET / HTTP/1.1" 301 0 "-" "Mozilla/5.0 (Windows NT 10.0; Win64; x64) AppleWebKit/537.36 (KHTML, like Gecko) Chrome/124.0.0.0 Safari/537.3"
88.135.68.7 - - [12/Aug/2024:18:09:33 +0000] "GET /.well-known/acme-challenge/E-NEYCKVXFC4P6OAM3FLN85RWRCEYD62 HTTP/1.1" 404 1238 "-" "Cpanel-HTTP-Client/1.0"
185.164.72.208 - - [12/Aug/2024:18:17:39 +0000] "POST /wp-cron.php?doing_wp_cron=1723486659.0273880958557128906250 HTTP/1.1" 200 0 "-" "WordPress/6.6.1; https://drrikhtehgaran.com"
51.158.37.210 - - [12/Aug/2024:18:17:25 +0000] "HEAD / HTTP/1.1" 200 0 "-" "curl/7.81.0"
86.57.85.1 - - [12/Aug/2024:19:38:35 +0000] "GET / HTTP/1.1" 301 0 "-" "Mozilla/5.0 (Windows NT 10.0; Win64; x64) AppleWebKit/537.36 (KHTML, like Gecko) Chrome/127.0.0.0 Safari/537.36"
178.33.248.195 - - [12/Aug/2024:20:05:22 +0000] "GET /wp-login.php HTTP/1.1" 403 7166 "-" "Mozilla/5.0 (X11; Ubuntu; Linux x86_64; rv:62.0) Gecko/20100101 Firefox/62.0"
88.135.68.7 - - [14/Aug/2024:18:11:12 +0000] "GET /.well-known/acme-challenge/3PX30Y1ULUGXOIXLYEIEXD5EEUJEQ9QW HTTP/1.1" 404 1238 "-" "Cpanel-HTTP-Client/1.0"
88.135.68.7 - - [14/Aug/2024:18:11:12 +0000] "GET /.well-known/acme-challenge/Y21U4_G7WY49KGA0XN4P9R3VPQLMR4KS HTTP/1.1" 404 1238 "-" "Cpanel-HTTP-Client/1.0"
43.153.105.17 - - [14/Aug/2024:19:37:49 +0000] "GET / HTTP/1.1" 301 0 "-" "Mozilla/5.0 (iPhone; CPU iPhone OS 13_2_3 like Mac OS X) AppleWebKit/605.1.15 (KHTML, like Gecko) Version/13.0.3 Mobile/15E148 Safari/604.1"
45.139.11.127 - - [14/Aug/2024:19:38:02 +0000] "POST /wp-cron.php?doing_wp_cron=1723664282.4004659652709960937500 HTTP/1.1" 200 0 "-" "WordPress/6.6.1; https://drrikhtehgaran.com"
45.139.11.127 - - [14/Aug/2024:19:52:19 +0000] "POST /wp-cron.php?doing_wp_cron=1723665139.3741788864135742187500 HTTP/1.1" 200 0 "-" "WordPress/6.6.1; https://drrikhtehgaran.com"
86.57.116.118 - - [14/Aug/2024:19:52:18 +0000] "GET / HTTP/1.1" 301 0 "-" "Mozilla/5.0 (Windows NT 10.0; Win64; x64) AppleWebKit/537.36 (KHTML, like Gecko) Chrome/127.0.0.0 Safari/537.36"
45.139.11.127 - - [14/Aug/2024:20:33:51 +0000] "GET /.well-known/acme-challenge/ZNJXHYOCRGD_9-54BCN3UR3CGK0RH3U0 HTTP/1.1" 200 64 "-" "Cpanel-HTTP-Client/1.0"
45.139.11.127 - - [14/Aug/2024:20:33:51 +0000] "GET /.well-known/acme-challenge/BWW6WSE907NMK92W92_V_7AVKN6B3W5G HTTP/1.1" 200 64 "-" "Cpanel-HTTP-Client/1.0"
88.135.68.7 - - [14/Aug/2024:21:09:08 +0000] "GET /.well-known/acme-challenge/D3UJW0GJHA52HVB_FN0TF44051W9UP4_ HTTP/1.1" 404 1238 "-" "Cpanel-HTTP-Client/1.0"
88.135.68.7 - - [14/Aug/2024:21:09:08 +0000] "GET /.well-known/acme-challenge/O4RIMGVYF09-41WJVQAE02URWM7O-BGR HTTP/1.1" 404 1238 "-" "Cpanel-HTTP-Client/1.0"
104.45.41.45 - - [14/Aug/2024:21:24:13 +0000] "GET /wp-login.php HTTP/1.1" 302 0 "-" "Mozilla/5.0 (X11; Fedora; Linux x86_64; rv:94.0) Gecko/20100101 Firefox/95.0"
104.45.41.45 - - [14/Aug/2024:21:24:30 +0000] "GET ///?author=1 HTTP/1.1" 404 39296 "-" "Mozilla/5.0 (X11; Fedora; Linux x86_64; rv:94.0) Gecko/20100101 Firefox/95.0"
104.45.41.45 - - [14/Aug/2024:21:24:32 +0000] "GET ///wp-json/wp/v2/users/ HTTP/1.1" 401 309 "-" "Mozilla/5.0 (X11; Fedora; Linux x86_64; rv:94.0) Gecko/20100101 Firefox/95.0"
45.139.11.127 - - [14/Aug/2024:21:24:28 +0000] "POST /wp-cron.php?doing_wp_cron=1723670667.3510479927062988281250 HTTP/1.1" 200 0 "-" "WordPress/6.6.1; https://drrikhtehgaran.com"
45.139.11.127 - - [14/Aug/2024:23:19:20 +0000] "POST /wp-cron.php?doing_wp_cron=1723677559.6184310913085937500000 HTTP/1.1" 200 0 "-" "WordPress/6.6.1; https://drrikhtehgaran.com"
49.51.243.156 - - [14/Aug/2024:23:19:07 +0000] "GET / HTTP/1.1" 301 0 "-" "Mozilla/5.0 (iPhone; CPU iPhone OS 13_2_3 like Mac OS X) AppleWebKit/605.1.15 (KHTML, like Gecko) Version/13.0.3 Mobile/15E148 Safari/604.1"
45.139.11.127 - - [14/Aug/2024:23:33:28 +0000] "GET /.well-known/acme-challenge/VLSSYSAGDIJQ1IFL6P7JURYM_F4E_JI7 HTTP/1.1" 200 64 "-" "Cpanel-HTTP-Client/1.0"
45.139.11.127 - - [14/Aug/2024:23:33:28 +0000] "GET /.well-known/acme-challenge/SYRJ-BDNM_1NAEN0CEJCQ5SLBNAPK8QG HTTP/1.1" 200 64 "-" "Cpanel-HTTP-Client/1.0"
88.135.68.7 - - [15/Aug/2024:00:12:15 +0000] "GET /.well-known/acme-challenge/YVSA1DBS2ECE0C793FTGOZCAA015QM2G HTTP/1.1" 404 1238 "-" "Cpanel-HTTP-Client/1.0"
88.135.68.7 - - [15/Aug/2024:00:12:15 +0000] "GET /.well-known/acme-challenge/_PGBCKTT412OR1PXWOHY0S2XZNOMP8C6 HTTP/1.1" 404 1238 "-" "Cpanel-HTTP-Client/1.0"
45.139.11.127 - - [15/Aug/2024:01:28:28 +0000] "POST /wp-cron.php?doing_wp_cron=1723685308.1199669837951660156250 HTTP/1.1" 200 0 "-" "WordPress/6.6.1; https://drrikhtehgaran.com"
199.244.88.231 - - [15/Aug/2024:01:26:24 +0000] "GET / HTTP/1.1" 301 0 "-" "Mozilla/5.0 (X11; Linux x86_64) AppleWebKit/537.36 (KHTML, like Gecko) Chrome/105.0.0.0 Safari/537.36"
45.139.11.127 - - [15/Aug/2024:01:26:27 +0000] "POST /wp-cron.php?doing_wp_cron=1723685187.4448990821838378906250 HTTP/1.1" 200 0 "-" "WordPress/6.6.1; https://drrikhtehgaran.com"
74.208.2.212 - - [15/Aug/2024:01:28:25 +0000] "GET /robots.txt HTTP/1.1" 200 129 "-" "IonCrawl (https://www.ionos.de/terms-gtc/faq-crawler-en/)"
185.81.128.21 - - [15/Aug/2024:01:43:41 +0000] "GET / HTTP/1.1" 301 0 "-" "Mozilla/5.0 (Macintosh; Intel Mac OS X 10_15_7) AppleWebKit/537.36 (KHTML, like Gecko) Chrome/116.0.0.0 Safari/537.36"
45.139.11.127 - - [15/Aug/2024:02:33:40 +0000] "GET /.well-known/acme-challenge/J2O-L9UQ7PKPSBPJ2YYA-CH3XPTP-FYG HTTP/1.1" 200 64 "-" "Cpanel-HTTP-Client/1.0"
45.139.11.127 - - [15/Aug/2024:02:33:40 +0000] "GET /.well-known/acme-challenge/B0DW_VB7HOARB5IQQK87XDJ02YLT1R6- HTTP/1.1" 200 64 "-" "Cpanel-HTTP-Client/1.0"
88.135.68.7 - - [15/Aug/2024:03:09:10 +0000] "GET /.well-known/acme-challenge/7O7CNBTZHVKSCLUR1W8SXPOGZKVM6ODB HTTP/1.1" 404 1238 "-" "Cpanel-HTTP-Client/1.0"
88.135.68.7 - - [15/Aug/2024:03:09:10 +0000] "GET /.well-known/acme-challenge/ACGCVDAPCAO5Z7C-XGNTY1YI6473WFI9 HTTP/1.1" 404 1238 "-" "Cpanel-HTTP-Client/1.0"
144.126.213.51 - - [15/Aug/2024:03:51:45 +0000] "GET / HTTP/1.1" 200 0 "-" "Mozilla/5.0 (Windows NT 10.0; Win64; x64) AppleWebKit/537.36 (KHTML, like Gecko) Chrome/126.0.0.0 Safari/537.36"
45.139.11.127 - - [15/Aug/2024:04:15:58 +0000] "POST /wp-cron.php?doing_wp_cron=1723695358.9597480297088623046875 HTTP/1.1" 200 0 "-" "WordPress/6.6.1; https://drrikhtehgaran.com"
154.38.175.68 - - [15/Aug/2024:04:15:46 +0000] "GET /wp-content/plugins/essential-addons-for-elementor-lite/readme.txt HTTP/1.1" 404 40995 "www.google.com" "Mozilla/6.4 (Windows NT 11.1) Gecko/2010102 Firefox/99.0"
209.126.4.86 - - [15/Aug/2024:05:27:53 +0000] "GET /wp-login.php HTTP/1.1" 403 7168 "-" "Mozlila/5.0 (Linux; Android 7.0; SM-G892A Bulid/NRD90M; wv) AppleWebKit/537.36 (KHTML, like Gecko) Version/4.0 Chrome/60.0.3112.107 Moblie Safari/537.36"
209.126.4.86 - - [15/Aug/2024:05:28:09 +0000] "GET /wp-admin.php HTTP/1.1" 403 7168 "-" "Mozlila/5.0 (Linux; Android 7.0; SM-G892A Bulid/NRD90M; wv) AppleWebKit/537.36 (KHTML, like Gecko) Version/4.0 Chrome/60.0.3112.107 Moblie Safari/537.36"
209.126.4.86 - - [15/Aug/2024:05:28:25 +0000] "GET /.well-known/acme-challenge/index.php HTTP/1.1" 403 7168 "-" "Mozlila/5.0 (Linux; Android 7.0; SM-G892A Bulid/NRD90M; wv) AppleWebKit/537.36 (KHTML, like Gecko) Version/4.0 Chrome/60.0.3112.107 Moblie Safari/537.36"
209.126.4.86 - - [15/Aug/2024:05:29:42 +0000] "GET /moon.php HTTP/1.1" 403 7161 "-" "Mozlila/5.0 (Linux; Android 7.0; SM-G892A Bulid/NRD90M; wv) AppleWebKit/537.36 (KHTML, like Gecko) Version/4.0 Chrome/60.0.3112.107 Moblie Safari/537.36"
209.126.4.86 - - [15/Aug/2024:05:28:03 +0000] "GET /wp-includes/Requests/about.php HTTP/1.1" 403 7162 "-" "Mozlila/5.0 (Linux; Android 7.0; SM-G892A Bulid/NRD90M; wv) AppleWebKit/537.36 (KHTML, like Gecko) Version/4.0 Chrome/60.0.3112.107 Moblie Safari/537.36"
209.126.4.86 - - [15/Aug/2024:05:29:31 +0000] "GET /wp-includes/SimplePie/radio.php HTTP/1.1" 403 7161 "-" "Mozlila/5.0 (Linux; Android 7.0; SM-G892A Bulid/NRD90M; wv) AppleWebKit/537.36 (KHTML, like Gecko) Version/4.0 Chrome/60.0.3112.107 Moblie Safari/537.36"
45.139.11.127 - - [15/Aug/2024:05:33:28 +0000] "GET /.well-known/acme-challenge/2_Z1PZLQVP_8064VZKINVBQ12FOBGJBP HTTP/1.1" 200 64 "-" "Cpanel-HTTP-Client/1.0"
45.139.11.127 - - [15/Aug/2024:05:33:28 +0000] "GET /.well-known/acme-challenge/KHU0X9J959ENXKMAW-U4XK0QAKLSPMN1 HTTP/1.1" 200 64 "-" "Cpanel-HTTP-Client/1.0"
209.126.4.86 - - [15/Aug/2024:05:27:45 +0000] "GET /mah.php HTTP/1.1" 403 7162 "-" "Mozlila/5.0 (Linux; Android 7.0; SM-G892A Bulid/NRD90M; wv) AppleWebKit/537.36 (KHTML, like Gecko) Version/4.0 Chrome/60.0.3112.107 Moblie Safari/537.36"
209.126.4.86 - - [15/Aug/2024:05:29:20 +0000] "GET /wp-includes/autoload_classmap.php HTTP/1.1" 403 7161 "-" "Mozlila/5.0 (Linux; Android 7.0; SM-G892A Bulid/NRD90M; wv) AppleWebKit/537.36 (KHTML, like Gecko) Version/4.0 Chrome/60.0.3112.107 Moblie Safari/537.36"
209.126.4.86 - - [15/Aug/2024:05:28:00 +0000] "GET /wp-content/uploads/about.php HTTP/1.1" 403 7161 "-" "Mozlila/5.0 (Linux; Android 7.0; SM-G892A Bulid/NRD90M; wv) AppleWebKit/537.36 (KHTML, like Gecko) Version/4.0 Chrome/60.0.3112.107 Moblie Safari/537.36"
209.126.4.86 - - [15/Aug/2024:05:28:33 +0000] "GET /wp-admin/maint/index.php HTTP/1.1" 403 7167 "-" "Mozlila/5.0 (Linux; Android 7.0; SM-G892A Bulid/NRD90M; wv) AppleWebKit/537.36 (KHTML, like Gecko) Version/4.0 Chrome/60.0.3112.107 Moblie Safari/537.36"
209.126.4.86 - - [15/Aug/2024:05:28:58 +0000] "GET /.well-known/index.php HTTP/1.1" 403 7161 "-" "Mozlila/5.0 (Linux; Android 7.0; SM-G892A Bulid/NRD90M; wv) AppleWebKit/537.36 (KHTML, like Gecko) Version/4.0 Chrome/60.0.3112.107 Moblie Safari/537.36"
209.126.4.86 - - [15/Aug/2024:05:29:55 +0000] "GET /fw.php HTTP/1.1" 403 7162 "-" "Mozlila/5.0 (Linux; Android 7.0; SM-G892A Bulid/NRD90M; wv) AppleWebKit/537.36 (KHTML, like Gecko) Version/4.0 Chrome/60.0.3112.107 Moblie Safari/537.36"
209.126.4.86 - - [15/Aug/2024:05:28:52 +0000] "GET /wp-admin/images/index.php HTTP/1.1" 403 7162 "-" "Mozlila/5.0 (Linux; Android 7.0; SM-G892A Bulid/NRD90M; wv) AppleWebKit/537.36 (KHTML, like Gecko) Version/4.0 Chrome/60.0.3112.107 Moblie Safari/537.36"
209.126.4.86 - - [15/Aug/2024:05:28:42 +0000] "GET /wp-admin/network/index.php HTTP/1.1" 403 7168 "-" "Mozlila/5.0 (Linux; Android 7.0; SM-G892A Bulid/NRD90M; wv) AppleWebKit/537.36 (KHTML, like Gecko) Version/4.0 Chrome/60.0.3112.107 Moblie Safari/537.36"
209.126.4.86 - - [15/Aug/2024:05:29:11 +0000] "GET /wp-admin/css/lock.php HTTP/1.1" 403 7167 "-" "Mozlila/5.0 (Linux; Android 7.0; SM-G892A Bulid/NRD90M; wv) AppleWebKit/537.36 (KHTML, like Gecko) Version/4.0 Chrome/60.0.3112.107 Moblie Safari/537.36"
209.126.4.86 - - [15/Aug/2024:05:28:15 +0000] "GET /wp-includes/js/index.php HTTP/1.1" 403 7167 "-" "Mozlila/5.0 (Linux; Android 7.0; SM-G892A Bulid/NRD90M; wv) AppleWebKit/537.36 (KHTML, like Gecko) Version/4.0 Chrome/60.0.3112.107 Moblie Safari/537.36"
209.126.4.86 - - [15/Aug/2024:05:29:03 +0000] "GET /wp-includes/plugins.php HTTP/1.1" 403 7167 "-" "Mozlila/5.0 (Linux; Android 7.0; SM-G892A Bulid/NRD90M; wv) AppleWebKit/537.36 (KHTML, like Gecko) Version/4.0 Chrome/60.0.3112.107 Moblie Safari/537.36"
209.126.4.86 - - [15/Aug/2024:05:29:28 +0000] "GET /wp-blog-header.php HTTP/1.1" 403 7162 "-" "Mozlila/5.0 (Linux; Android 7.0; SM-G892A Bulid/NRD90M; wv) AppleWebKit/537.36 (KHTML, like Gecko) Version/4.0 Chrome/60.0.3112.107 Moblie Safari/537.36"
209.126.4.86 - - [15/Aug/2024:05:29:35 +0000] "GET /.well-known/wp-login.php HTTP/1.1" 403 7161 "-" "Mozlila/5.0 (Linux; Android 7.0; SM-G892A Bulid/NRD90M; wv) AppleWebKit/537.36 (KHTML, like Gecko) Version/4.0 Chrome/60.0.3112.107 Moblie Safari/537.36"
209.126.4.86 - - [15/Aug/2024:05:29:49 +0000] "GET /.well-known/content.php HTTP/1.1" 403 7162 "-" "Mozlila/5.0 (Linux; Android 7.0; SM-G892A Bulid/NRD90M; wv) AppleWebKit/537.36 (KHTML, like Gecko) Version/4.0 Chrome/60.0.3112.107 Moblie Safari/537.36"
88.135.68.7 - - [15/Aug/2024:06:09:03 +0000] "GET /.well-known/acme-challenge/BV0YP_ZAVY8913JIHLNQ-_358KL4M_79 HTTP/1.1" 404 1238 "-" "Cpanel-HTTP-Client/1.0"
88.135.68.7 - - [15/Aug/2024:06:09:03 +0000] "GET /.well-known/acme-challenge/RY32COXVE46DRO4H2ML6-UM3CZHFJNZ3 HTTP/1.1" 404 1238 "-" "Cpanel-HTTP-Client/1.0"
194.38.23.16 - - [15/Aug/2024:08:47:36 +0000] "GET /admin/plugins/uploadify/uploadify.css HTTP/1.1" 403 17006 "-" "ALittle Client"
45.139.11.127 - - [15/Aug/2024:08:33:40 +0000] "GET /.well-known/acme-challenge/SOC3UER__9NWTUYJC39IOJLEA3REHMH4 HTTP/1.1" 200 64 "-" "Cpanel-HTTP-Client/1.0"
45.139.11.127 - - [15/Aug/2024:08:33:40 +0000] "GET /.well-known/acme-challenge/QTZ3CDL07I-CX1QBFYMA0IT5H38U421W HTTP/1.1" 200 64 "-" "Cpanel-HTTP-Client/1.0"
88.135.68.7 - - [15/Aug/2024:09:09:13 +0000] "GET /.well-known/acme-challenge/I5SV6PWK_K-IPU4HQBG5LHJ3NOC046B9 HTTP/1.1" 404 1238 "-" "Cpanel-HTTP-Client/1.0"
88.135.68.7 - - [15/Aug/2024:09:09:13 +0000] "GET /.well-known/acme-challenge/3QR3K3HF8TS27XA-H36W3Y71VNGQB9J7 HTTP/1.1" 404 1238 "-" "Cpanel-HTTP-Client/1.0"
45.61.60.18 - - [15/Aug/2024:09:12:34 +0000] "GET /wp-content/plugins/ HTTP/1.1" 403 7167 "-" "Mozlila/5.0 (Linux; Android 7.0; SM-G892A Bulid/NRD90M; wv) AppleWebKit/537.36 (KHTML, like Gecko) Version/4.0 Chrome/60.0.3112.107 Moblie Safari/537.36"
45.61.60.18 - - [15/Aug/2024:09:12:34 +0000] "GET /wp-content/plugins/ads-txt/ HTTP/1.1" 403 7160 "-" "Mozlila/5.0 (Linux; Android 7.0; SM-G892A Bulid/NRD90M; wv) AppleWebKit/537.36 (KHTML, like Gecko) Version/4.0 Chrome/60.0.3112.107 Moblie Safari/537.36"
45.61.60.18 - - [15/Aug/2024:09:12:35 +0000] "GET /wp-content/plugins/ads-txt/ HTTP/1.1" 403 7161 "-" "Mozlila/5.0 (Linux; Android 7.0; SM-G892A Bulid/NRD90M; wv) AppleWebKit/537.36 (KHTML, like Gecko) Version/4.0 Chrome/60.0.3112.107 Moblie Safari/537.36"
45.61.60.18 - - [15/Aug/2024:09:12:33 +0000] "GET /wp-content/plugins/ HTTP/1.1" 403 7165 "-" "Mozlila/5.0 (Linux; Android 7.0; SM-G892A Bulid/NRD90M; wv) AppleWebKit/537.36 (KHTML, like Gecko) Version/4.0 Chrome/60.0.3112.107 Moblie Safari/537.36"
194.38.20.13 - - [15/Aug/2024:09:38:51 +0000] "GET /elfinder/php/connector.php HTTP/1.1" 403 17006 "-" "ALittle Client"
45.139.11.127 - - [15/Aug/2024:11:19:13 +0000] "POST /wp-cron.php?doing_wp_cron=1723720753.6631469726562500000000 HTTP/1.1" 200 0 "-" "WordPress/6.6.1; https://drrikhtehgaran.com"
157.10.45.135 - - [15/Aug/2024:11:19:02 +0000] "GET / HTTP/1.1" 301 0 "-" "Mozilla/5.0 (Windows NT 10.0; Win64; x64) AppleWebKit/537.36 (KHTML, like Gecko) Chrome/95.0.4638.69 Safari/537.36"
45.139.11.127 - - [15/Aug/2024:11:33:34 +0000] "GET /.well-known/acme-challenge/ZMQ76X4OP8A-D3EC5WKC9SV83B9S1CL_ HTTP/1.1" 200 64 "-" "Cpanel-HTTP-Client/1.0"
45.139.11.127 - - [15/Aug/2024:11:33:34 +0000] "GET /.well-known/acme-challenge/YPZU8HLCRCC8FSLB838FMZAIU4Y79ZFH HTTP/1.1" 200 64 "-" "Cpanel-HTTP-Client/1.0"
45.139.11.127 - - [15/Aug/2024:12:12:20 +0000] "POST /wp-cron.php?doing_wp_cron=1723723940.5607869625091552734375 HTTP/1.1" 200 0 "-" "WordPress/6.6.1; https://drrikhtehgaran.com"
45.139.11.127 - - [15/Aug/2024:12:12:20 +0000] "POST /wp-cron.php?doing_wp_cron=1723723940.6645750999450683593750 HTTP/1.1" 200 0 "-" "WordPress/6.6.1; https://drrikhtehgaran.com"
195.154.114.92 - - [15/Aug/2024:12:12:17 +0000] "GET / HTTP/1.1" 301 0 "https://check-host.net/check-report/1d2f7415k216" "CheckHost (https://check-host.net/)"
45.139.11.127 - - [15/Aug/2024:12:12:21 +0000] "POST /wp-cron.php?doing_wp_cron=1723723941.4519500732421875000000 HTTP/1.1" 200 0 "-" "WordPress/6.6.1; https://drrikhtehgaran.com"
5.159.54.120 - - [15/Aug/2024:12:12:18 +0000] "GET / HTTP/1.1" 301 0 "https://check-host.net/check-report/1d2f7415k216" "CheckHost (https://check-host.net/)"
88.135.68.7 - - [15/Aug/2024:12:09:08 +0000] "GET /.well-known/acme-challenge/VDUL11BGHXQFL70WV0OHK8FDPTVBSPO1 HTTP/1.1" 404 1238 "-" "Cpanel-HTTP-Client/1.0"
65.109.182.130 - - [15/Aug/2024:12:12:17 +0000] "GET / HTTP/1.1" 301 0 "https://check-host.net/check-report/1d2f7415k216" "CheckHost (https://check-host.net/)"
92.223.65.81 - - [15/Aug/2024:12:12:18 +0000] "GET / HTTP/1.1" 301 0 "https://check-host.net/check-report/1d2f7415k216" "CheckHost (https://check-host.net/)"
93.123.16.89 - - [15/Aug/2024:12:12:17 +0000] "GET / HTTP/1.1" 301 0 "https://check-host.net/check-report/1d2f7415k216" "CheckHost (https://check-host.net/)"
185.185.132.232 - - [15/Aug/2024:12:12:18 +0000] "GET / HTTP/1.1" 301 0 "https://check-host.net/check-report/1d2f7415k216" "CheckHost (https://check-host.net/)"
45.139.11.127 - - [15/Aug/2024:12:12:22 +0000] "POST /wp-cron.php?doing_wp_cron=1723723942.4543759822845458984375 HTTP/1.1" 200 0 "-" "WordPress/6.6.1; https://drrikhtehgaran.com"
45.139.11.127 - - [15/Aug/2024:12:12:22 +0000] "POST /wp-cron.php?doing_wp_cron=1723723942.5557920932769775390625 HTTP/1.1" 200 0 "-" "WordPress/6.6.1; https://drrikhtehgaran.com"
45.139.11.127 - - [15/Aug/2024:12:12:22 +0000] "POST /wp-cron.php?doing_wp_cron=1723723942.5505039691925048828125 HTTP/1.1" 200 0 "-" "WordPress/6.6.1; https://drrikhtehgaran.com"
45.139.11.127 - - [15/Aug/2024:12:12:22 +0000] "POST /wp-cron.php?doing_wp_cron=1723723942.8689889907836914062500 HTTP/1.1" 200 0 "-" "WordPress/6.6.1; https://drrikhtehgaran.com"
38.145.202.12 - - [15/Aug/2024:12:12:18 +0000] "GET / HTTP/1.1" 301 0 "https://check-host.net/check-report/1d2f7415k216" "CheckHost (https://check-host.net/)"
212.16.73.178 - - [15/Aug/2024:12:06:25 +0000] "GET / HTTP/1.1" 301 0 "-" "Mozilla/5.0 (Windows NT 10.0; Win64; x64; rv:129.0) Gecko/20100101 Firefox/129.0"
45.139.11.127 - - [15/Aug/2024:12:12:20 +0000] "POST /wp-cron.php?doing_wp_cron=1723723939.9568259716033935546875 HTTP/1.1" 200 0 "-" "WordPress/6.6.1; https://drrikhtehgaran.com"
45.139.11.127 - - [15/Aug/2024:12:12:20 +0000] "POST /wp-cron.php?doing_wp_cron=1723723940.3519680500030517578125 HTTP/1.1" 200 0 "-" "WordPress/6.6.1; https://drrikhtehgaran.com"
167.235.135.184 - - [15/Aug/2024:12:12:17 +0000] "GET / HTTP/1.1" 301 0 "https://check-host.net/check-report/1d2f7415k216" "CheckHost (https://check-host.net/)"
45.139.11.127 - - [15/Aug/2024:12:12:21 +0000] "POST /wp-cron.php?doing_wp_cron=1723723941.0662610530853271484375 HTTP/1.1" 200 0 "-" "WordPress/6.6.1; https://drrikhtehgaran.com"
179.43.148.195 - - [15/Aug/2024:12:12:17 +0000] "GET / HTTP/1.1" 301 0 "https://check-host.net/check-report/1d2f7415k216" "CheckHost (https://check-host.net/)"
45.146.7.45 - - [15/Aug/2024:12:12:17 +0000] "GET / HTTP/1.1" 301 0 "https://check-host.net/check-report/1d2f7415k216" "CheckHost (https://check-host.net/)"
145.224.121.218 - - [15/Aug/2024:12:12:18 +0000] "GET / HTTP/1.1" 301 0 "https://check-host.net/check-report/1d2f7415k216" "CheckHost (https://check-host.net/)"
45.139.11.127 - - [15/Aug/2024:12:12:22 +0000] "POST /wp-cron.php?doing_wp_cron=1723723942.3548069000244140625000 HTTP/1.1" 200 0 "-" "WordPress/6.6.1; https://drrikhtehgaran.com"
185.120.77.165 - - [15/Aug/2024:12:12:18 +0000] "GET / HTTP/1.1" 301 0 "https://check-host.net/check-report/1d2f7415k216" "CheckHost (https://check-host.net/)"
77.75.230.51 - - [15/Aug/2024:12:12:18 +0000] "GET / HTTP/1.1" 301 0 "https://check-host.net/check-report/1d2f7415k216" "CheckHost (https://check-host.net/)"
212.16.73.178 - - [15/Aug/2024:12:12:32 +0000] "GET / HTTP/1.1" 301 0 "-" "Mozilla/5.0 (Windows NT 10.0; Win64; x64; rv:129.0) Gecko/20100101 Firefox/129.0"
185.191.77.28 - - [15/Aug/2024:12:04:43 +0000] "GET / HTTP/1.1" 301 0 "-" "Mozilla/5.0 (X11; Linux x86_64) AppleWebKit/537.36 (KHTML, like Gecko) Chrome/86.0.4240.198 Safari/537.36"
45.139.11.127 - - [15/Aug/2024:12:12:20 +0000] "POST /wp-cron.php?doing_wp_cron=1723723940.7675349712371826171875 HTTP/1.1" 200 0 "-" "WordPress/6.6.1; https://drrikhtehgaran.com"
45.139.11.127 - - [15/Aug/2024:12:12:21 +0000] "POST /wp-cron.php?doing_wp_cron=1723723941.6561820507049560546875 HTTP/1.1" 200 0 "-" "WordPress/6.6.1; https://drrikhtehgaran.com"
45.139.11.127 - - [15/Aug/2024:12:12:21 +0000] "POST /wp-cron.php?doing_wp_cron=1723723941.5635519027709960937500 HTTP/1.1" 200 0 "-" "WordPress/6.6.1; https://drrikhtehgaran.com"
45.139.11.127 - - [15/Aug/2024:12:12:21 +0000] "POST /wp-cron.php?doing_wp_cron=1723723941.5457870960235595703125 HTTP/1.1" 200 0 "-" "WordPress/6.6.1; https://drrikhtehgaran.com"
185.230.55.13 - - [15/Aug/2024:12:12:17 +0000] "GET / HTTP/1.1" 301 0 "https://check-host.net/check-report/1d2f7415k216" "CheckHost (https://check-host.net/)"
45.139.11.127 - - [15/Aug/2024:12:12:21 +0000] "POST /wp-cron.php?doing_wp_cron=1723723941.7644429206848144531250 HTTP/1.1" 200 0 "-" "WordPress/6.6.1; https://drrikhtehgaran.com"
178.216.200.169 - - [15/Aug/2024:12:12:17 +0000] "GET / HTTP/1.1" 301 0 "https://check-host.net/check-report/1d2f7415k216" "CheckHost (https://check-host.net/)"
185.143.223.66 - - [15/Aug/2024:12:12:18 +0000] "GET / HTTP/1.1" 301 0 "https://check-host.net/check-report/1d2f7415k216" "CheckHost (https://check-host.net/)"
45.139.11.127 - - [15/Aug/2024:12:12:22 +0000] "POST /wp-cron.php?doing_wp_cron=1723723942.3672449588775634765625 HTTP/1.1" 200 0 "-" "WordPress/6.6.1; https://drrikhtehgaran.com"
45.139.11.127 - - [15/Aug/2024:12:12:22 +0000] "POST /wp-cron.php?doing_wp_cron=1723723942.4480180740356445312500 HTTP/1.1" 200 0 "-" "WordPress/6.6.1; https://drrikhtehgaran.com"
178.17.171.235 - - [15/Aug/2024:12:12:17 +0000] "GET / HTTP/1.1" 301 0 "https://check-host.net/check-report/1d2f7415k216" "CheckHost (https://check-host.net/)"
193.8.95.39 - - [15/Aug/2024:12:12:18 +0000] "GET / HTTP/1.1" 301 0 "https://check-host.net/check-report/1d2f7415k216" "CheckHost (https://check-host.net/)"
45.139.11.127 - - [15/Aug/2024:12:12:23 +0000] "POST /wp-cron.php?doing_wp_cron=1723723943.0479559898376464843750 HTTP/1.1" 200 0 "-" "WordPress/6.6.1; https://drrikhtehgaran.com"
45.139.11.127 - - [15/Aug/2024:12:12:23 +0000] "POST /wp-cron.php?doing_wp_cron=1723723943.4582479000091552734375 HTTP/1.1" 200 0 "-" "WordPress/6.6.1; https://drrikhtehgaran.com"
129.227.242.140 - - [15/Aug/2024:12:12:18 +0000] "GET / HTTP/1.1" 301 0 "https://check-host.net/check-report/1d2f7415k216" "CheckHost (https://check-host.net/)"
5.44.42.40 - - [15/Aug/2024:12:12:19 +0000] "GET / HTTP/1.1" 301 0 "https://check-host.net/check-report/1d2f7415k216" "CheckHost (https://check-host.net/)"
88.135.68.7 - - [15/Aug/2024:12:09:08 +0000] "GET /.well-known/acme-challenge/1P-G6JTS_F_2HXO8_-FI9NSQX-6YZL-Y HTTP/1.1" 404 1238 "-" "Cpanel-HTTP-Client/1.0"
185.25.204.60 - - [15/Aug/2024:12:12:17 +0000] "GET / HTTP/1.1" 301 0 "https://check-host.net/check-report/1d2f7415k216" "CheckHost (https://check-host.net/)"
45.139.11.127 - - [15/Aug/2024:12:12:21 +0000] "POST /wp-cron.php?doing_wp_cron=1723723941.0596749782562255859375 HTTP/1.1" 200 0 "-" "WordPress/6.6.1; https://drrikhtehgaran.com"
185.209.161.169 - - [15/Aug/2024:12:12:17 +0000] "GET / HTTP/1.1" 301 0 "https://check-host.net/check-report/1d2f7415k216" "CheckHost (https://check-host.net/)"
45.139.11.127 - - [15/Aug/2024:12:12:21 +0000] "POST /wp-cron.php?doing_wp_cron=1723723941.6564610004425048828125 HTTP/1.1" 200 0 "-" "WordPress/6.6.1; https://drrikhtehgaran.com"
45.141.149.25 - - [15/Aug/2024:12:12:17 +0000] "GET / HTTP/1.1" 301 0 "https://check-host.net/check-report/1d2f7415k216" "CheckHost (https://check-host.net/)"
45.139.11.127 - - [15/Aug/2024:12:12:22 +0000] "POST /wp-cron.php?doing_wp_cron=1723723941.9484560489654541015625 HTTP/1.1" 200 0 "-" "WordPress/6.6.1; https://drrikhtehgaran.com"
77.92.151.181 - - [15/Aug/2024:12:12:21 +0000] "GET / HTTP/1.1" 301 0 "https://check-host.net/check-report/1d2f7415k216" "CheckHost (https://check-host.net/)"
185.191.77.28 - - [15/Aug/2024:12:04:47 +0000] "GET / HTTP/1.1" 301 0 "-" "Mozilla/5.0 (X11; Linux x86_64) AppleWebKit/537.36 (KHTML, like Gecko) HeadlessChrome/86.0.4240.198 Safari/537.36"
185.37.147.117 - - [15/Aug/2024:12:12:17 +0000] "GET / HTTP/1.1" 301 0 "https://check-host.net/check-report/1d2f7415k216" "CheckHost (https://check-host.net/)"
45.139.11.127 - - [15/Aug/2024:12:12:20 +0000] "POST /wp-cron.php?doing_wp_cron=1723723940.4563028812408447265625 HTTP/1.1" 200 0 "-" "WordPress/6.6.1; https://drrikhtehgaran.com"
45.139.11.127 - - [15/Aug/2024:12:12:21 +0000] "POST /wp-cron.php?doing_wp_cron=1723723940.9535810947418212890625 HTTP/1.1" 200 0 "-" "WordPress/6.6.1; https://drrikhtehgaran.com"
91.231.182.39 - - [15/Aug/2024:12:12:17 +0000] "GET / HTTP/1.1" 301 0 "https://check-host.net/check-report/1d2f7415k216" "CheckHost (https://check-host.net/)"
194.26.229.20 - - [15/Aug/2024:12:12:17 +0000] "GET / HTTP/1.1" 301 0 "https://check-host.net/check-report/1d2f7415k216" "CheckHost (https://check-host.net/)"
45.139.11.127 - - [15/Aug/2024:12:12:21 +0000] "POST /wp-cron.php?doing_wp_cron=1723723941.0577208995819091796875 HTTP/1.1" 200 0 "-" "WordPress/6.6.1; https://drrikhtehgaran.com"
45.139.11.127 - - [15/Aug/2024:12:12:21 +0000] "POST /wp-cron.php?doing_wp_cron=1723723941.2617180347442626953125 HTTP/1.1" 200 0 "-" "WordPress/6.6.1; https://drrikhtehgaran.com"
78.40.116.61 - - [15/Aug/2024:12:12:17 +0000] "GET / HTTP/1.1" 301 0 "https://check-host.net/check-report/1d2f7415k216" "CheckHost (https://check-host.net/)"
45.95.168.235 - - [15/Aug/2024:12:12:17 +0000] "GET / HTTP/1.1" 301 0 "https://check-host.net/check-report/1d2f7415k216" "CheckHost (https://check-host.net/)"
45.139.11.127 - - [15/Aug/2024:12:12:22 +0000] "POST /wp-cron.php?doing_wp_cron=1723723941.9673690795898437500000 HTTP/1.1" 200 0 "-" "WordPress/6.6.1; https://drrikhtehgaran.com"
45.139.11.127 - - [15/Aug/2024:12:12:21 +0000] "POST /wp-cron.php?doing_wp_cron=1723723941.8657250404357910156250 HTTP/1.1" 200 0 "-" "WordPress/6.6.1; https://drrikhtehgaran.com"
147.45.113.237 - - [15/Aug/2024:12:12:18 +0000] "GET / HTTP/1.1" 301 0 "https://check-host.net/check-report/1d2f7415k216" "CheckHost (https://check-host.net/)"
185.24.253.139 - - [15/Aug/2024:12:12:18 +0000] "GET / HTTP/1.1" 301 0 "https://check-host.net/check-report/1d2f7415k216" "CheckHost (https://check-host.net/)"
185.130.104.238 - - [15/Aug/2024:12:12:17 +0000] "GET / HTTP/1.1" 301 0 "https://check-host.net/check-report/1d2f7415k216" "CheckHost (https://check-host.net/)"
45.139.11.127 - - [15/Aug/2024:12:12:22 +0000] "POST /wp-cron.php?doing_wp_cron=1723723942.7610349655151367187500 HTTP/1.1" 200 0 "-" "WordPress/6.6.1; https://drrikhtehgaran.com"
45.139.11.127 - - [15/Aug/2024:12:04:47 +0000] "POST /wp-cron.php?doing_wp_cron=1723723487.8683409690856933593750 HTTP/1.1" 200 0 "-" "WordPress/6.6.1; https://drrikhtehgaran.com"
45.139.11.127 - - [15/Aug/2024:12:04:47 +0000] "POST /wp-cron.php?doing_wp_cron=1723723487.8682420253753662109375 HTTP/1.1" 200 0 "-" "WordPress/6.6.1; https://drrikhtehgaran.com"
45.139.11.127 - - [15/Aug/2024:12:12:20 +0000] "POST /wp-cron.php?doing_wp_cron=1723723940.0473759174346923828125 HTTP/1.1" 200 0 "-" "WordPress/6.6.1; https://drrikhtehgaran.com"
185.138.164.21 - - [15/Aug/2024:12:12:17 +0000] "GET / HTTP/1.1" 301 0 "https://check-host.net/check-report/1d2f7415k216" "CheckHost (https://check-host.net/)"
88.119.179.10 - - [15/Aug/2024:12:12:17 +0000] "GET / HTTP/1.1" 301 0 "https://check-host.net/check-report/1d2f7415k216" "CheckHost (https://check-host.net/)"
185.185.132.179 - - [15/Aug/2024:12:12:17 +0000] "GET / HTTP/1.1" 301 0 "https://check-host.net/check-report/1d2f7415k216" "CheckHost (https://check-host.net/)"
185.83.213.25 - - [15/Aug/2024:12:12:17 +0000] "GET / HTTP/1.1" 301 0 "https://check-host.net/check-report/1d2f7415k216" "CheckHost (https://check-host.net/)"
45.139.11.127 - - [15/Aug/2024:12:12:22 +0000] "POST /wp-cron.php?doing_wp_cron=1723723942.5604031085968017578125 HTTP/1.1" 200 0 "-" "WordPress/6.6.1; https://drrikhtehgaran.com"
45.139.11.127 - - [15/Aug/2024:12:12:22 +0000] "POST /wp-cron.php?doing_wp_cron=1723723942.6523289680480957031250 HTTP/1.1" 200 0 "-" "WordPress/6.6.1; https://drrikhtehgaran.com"
45.139.11.127 - - [15/Aug/2024:12:12:22 +0000] "POST /wp-cron.php?doing_wp_cron=1723723942.8463420867919921875000 HTTP/1.1" 200 0 "-" "WordPress/6.6.1; https://drrikhtehgaran.com"
209.14.69.16 - - [15/Aug/2024:12:12:18 +0000] "GET / HTTP/1.1" 301 0 "https://check-host.net/check-report/1d2f7415k216" "CheckHost (https://check-host.net/)"
103.214.169.52 - - [15/Aug/2024:12:12:19 +0000] "GET / HTTP/1.1" 301 0 "https://check-host.net/check-report/1d2f7415k216" "CheckHost (https://check-host.net/)"
45.139.11.127 - - [15/Aug/2024:12:12:23 +0000] "POST /wp-cron.php?doing_wp_cron=1723723943.1583030223846435546875 HTTP/1.1" 200 0 "-" "WordPress/6.6.1; https://drrikhtehgaran.com"
45.139.11.127 - - [15/Aug/2024:12:12:23 +0000] "POST /wp-cron.php?doing_wp_cron=1723723943.3633110523223876953125 HTTP/1.1" 200 0 "-" "WordPress/6.6.1; https://drrikhtehgaran.com"
103.99.52.202 - - [15/Aug/2024:12:12:18 +0000] "GET / HTTP/1.1" 301 0 "https://check-host.net/check-report/1d2f7415k216" "CheckHost (https://check-host.net/)"
141.98.234.68 - - [15/Aug/2024:12:12:20 +0000] "GET / HTTP/1.1" 301 0 "https://check-host.net/check-report/1d2f7415k216" "CheckHost (https://check-host.net/)"
45.139.11.127 - - [15/Aug/2024:12:06:26 +0000] "POST /wp-cron.php?doing_wp_cron=1723723586.2743599414825439453125 HTTP/1.1" 200 0 "-" "WordPress/6.6.1; https://drrikhtehgaran.com"
45.139.11.127 - - [15/Aug/2024:12:12:20 +0000] "POST /wp-cron.php?doing_wp_cron=1723723940.1480810642242431640625 HTTP/1.1" 200 0 "-" "WordPress/6.6.1; https://drrikhtehgaran.com"
195.211.27.85 - - [15/Aug/2024:12:12:17 +0000] "GET / HTTP/1.1" 301 0 "https://check-host.net/check-report/1d2f7415k216" "CheckHost (https://check-host.net/)"
45.139.11.127 - - [15/Aug/2024:12:12:21 +0000] "POST /wp-cron.php?doing_wp_cron=1723723941.3569700717926025390625 HTTP/1.1" 200 0 "-" "WordPress/6.6.1; https://drrikhtehgaran.com"
45.139.11.127 - - [15/Aug/2024:12:12:21 +0000] "POST /wp-cron.php?doing_wp_cron=1723723941.5522689819335937500000 HTTP/1.1" 200 0 "-" "WordPress/6.6.1; https://drrikhtehgaran.com"
185.86.77.126 - - [15/Aug/2024:12:12:18 +0000] "GET / HTTP/1.1" 301 0 "https://check-host.net/check-report/1d2f7415k216" "CheckHost (https://check-host.net/)"
45.139.11.127 - - [15/Aug/2024:12:12:21 +0000] "POST /wp-cron.php?doing_wp_cron=1723723941.6685380935668945312500 HTTP/1.1" 200 0 "-" "WordPress/6.6.1; https://drrikhtehgaran.com"
45.139.11.127 - - [15/Aug/2024:12:12:22 +0000] "POST /wp-cron.php?doing_wp_cron=1723723942.1561610698699951171875 HTTP/1.1" 200 0 "-" "WordPress/6.6.1; https://drrikhtehgaran.com"
45.139.11.127 - - [15/Aug/2024:12:12:22 +0000] "POST /wp-cron.php?doing_wp_cron=1723723942.1566801071166992187500 HTTP/1.1" 200 0 "-" "WordPress/6.6.1; https://drrikhtehgaran.com"
194.146.57.64 - - [15/Aug/2024:12:12:17 +0000] "GET / HTTP/1.1" 301 0 "https://check-host.net/check-report/1d2f7415k216" "CheckHost (https://check-host.net/)"
45.139.11.127 - - [15/Aug/2024:12:12:22 +0000] "POST /wp-cron.php?doing_wp_cron=1723723942.5498759746551513671875 HTTP/1.1" 200 0 "-" "WordPress/6.6.1; https://drrikhtehgaran.com"
185.105.238.209 - - [15/Aug/2024:12:12:18 +0000] "GET / HTTP/1.1" 301 0 "https://check-host.net/check-report/1d2f7415k216" "CheckHost (https://check-host.net/)"
122.10.225.58 - - [15/Aug/2024:12:12:18 +0000] "GET / HTTP/1.1" 301 0 "https://check-host.net/check-report/1d2f7415k216" "CheckHost (https://check-host.net/)"
129.227.39.194 - - [15/Aug/2024:12:12:18 +0000] "GET / HTTP/1.1" 301 0 "https://check-host.net/check-report/1d2f7415k216" "CheckHost (https://check-host.net/)"
167.114.113.229 - - [15/Aug/2024:16:37:12 +0000] "GET /wp-login.php HTTP/1.1" 302 0 "-" "Mozilla/5.0 (X11; Fedora; Linux x86_64; rv:94.0) Gecko/20100101 Firefox/95.0"
167.114.113.229 - - [15/Aug/2024:16:37:23 +0000] "GET ///?author=1 HTTP/1.1" 404 39283 "-" "Mozilla/5.0 (X11; Fedora; Linux x86_64; rv:94.0) Gecko/20100101 Firefox/95.0"
167.114.113.229 - - [15/Aug/2024:16:37:25 +0000] "GET ///wp-json/wp/v2/users/ HTTP/1.1" 401 309 "-" "Mozilla/5.0 (X11; Fedora; Linux x86_64; rv:94.0) Gecko/20100101 Firefox/95.0"
52.208.151.205 - - [15/Aug/2024:16:49:37 +0000] "GET / HTTP/1.1" 301 0 "-" "Mozilla/5.0 (Windows NT 6.3; Win64; x64) AppleWebKit/537.36 (KHTML, like Gecko) Chrome/37.0.2049.0 Safari/537.36"
45.139.11.127 - - [15/Aug/2024:17:18:41 +0000] "POST /wp-cron.php?doing_wp_cron=1723742321.2679009437561035156250 HTTP/1.1" 200 0 "-" "WordPress/6.6.1; https://drrikhtehgaran.com"
138.68.180.18 - - [15/Aug/2024:17:18:40 +0000] "GET / HTTP/1.1" 301 0 "-" "Mozilla/5.0 (Windows NT 10.0; Win64; x64) AppleWebKit/537.36 (KHTML, like Gecko) Chrome/124.0.0.0 Safari/537.36"
45.139.11.127 - - [15/Aug/2024:17:35:10 +0000] "GET /.well-known/acme-challenge/5L2L4TYV400L_HD4S7BAKCADCPX89ODY HTTP/1.1" 200 64 "-" "Cpanel-HTTP-Client/1.0"
45.139.11.127 - - [15/Aug/2024:17:42:57 +0000] "GET /.well-known/acme-challenge/RB-mKPYNaRE3VleOxIl2aFyZxzOrexqwu2yN1YV2PnI HTTP/1.1" 200 87 "-" "Mozilla/5.0 (compatible; Let's Encrypt validation server; +https://www.letsencrypt.org)"
47.129.168.165 - - [15/Aug/2024:17:42:57 +0000] "GET /.well-known/acme-challenge/-zIpp-8s95PfqeExEQ2HMBpzplPMBMullUjCzjbzYIM HTTP/1.1" 200 87 "-" "Mozilla/5.0 (compatible; Let's Encrypt validation server; +https://www.letsencrypt.org)"
13.53.216.115 - - [15/Aug/2024:17:42:57 +0000] "GET /.well-known/acme-challenge/gjFGmCihUhgyZRDxzpmHVe_lDZGZSNDgOXDJKx6LVYk HTTP/1.1" 200 87 "-" "Mozilla/5.0 (compatible; Let's Encrypt validation server; +https://www.letsencrypt.org)"
45.139.11.127 - - [15/Aug/2024:17:42:57 +0000] "GET /.well-known/acme-challenge/AJCgqnW40q9nJ1GUSu9I6BAacRlvIfM14eMpUlvtqJU HTTP/1.1" 200 87 "-" "Mozilla/5.0 (compatible; Let's Encrypt validation server; +https://www.letsencrypt.org)"
45.139.11.127 - - [15/Aug/2024:17:42:57 +0000] "GET /.well-known/acme-challenge/RB-mKPYNaRE3VleOxIl2aFyZxzOrexqwu2yN1YV2PnI HTTP/1.1" 200 87 "-" "Mozilla/5.0 (compatible; Let's Encrypt validation server; +https://www.letsencrypt.org)"
45.139.11.127 - - [15/Aug/2024:17:42:58 +0000] "GET /.well-known/acme-challenge/n03EuhX_XybA-tqJDGl2L5D4CcF3AwzNR4-xdCl0sQQ HTTP/1.1" 200 87 "-" "Mozilla/5.0 (compatible; Let's Encrypt validation server; +https://www.letsencrypt.org)"
45.139.11.127 - - [15/Aug/2024:17:42:58 +0000] "GET /.well-known/acme-challenge/AJCgqnW40q9nJ1GUSu9I6BAacRlvIfM14eMpUlvtqJU HTTP/1.1" 200 87 "-" "Mozilla/5.0 (compatible; Let's Encrypt validation server; +https://www.letsencrypt.org)"
192.46.211.230 - - [15/Aug/2024:17:43:22 +0000] "GET /about HTTP/1.1" 404 41727 "-" "Go-http-client/1.1"
164.90.228.79 - - [15/Aug/2024:17:43:23 +0000] "GET /v2/_catalog HTTP/1.1" 404 41417 "-" "Go-http-client/1.1"
192.46.211.230 - - [15/Aug/2024:17:43:28 +0000] "GET /login.action HTTP/1.1" 404 41714 "-" "Go-http-client/1.1"
45.139.11.127 - - [15/Aug/2024:17:35:10 +0000] "GET /.well-known/acme-challenge/HQZV9ZHH1CO5E-5Q1Q73HU0XBQBXDEZR HTTP/1.1" 200 64 "-" "Cpanel-HTTP-Client/1.0"
45.139.11.127 - - [15/Aug/2024:17:35:10 +0000] "GET /.well-known/acme-challenge/U3PI0QV570F2PPMQYPVZUV4SW7DM6YNO HTTP/1.1" 200 64 "-" "Cpanel-HTTP-Client/1.0"
18.116.40.111 - - [15/Aug/2024:17:42:57 +0000] "GET /.well-known/acme-challenge/gjFGmCihUhgyZRDxzpmHVe_lDZGZSNDgOXDJKx6LVYk HTTP/1.1" 200 87 "-" "Mozilla/5.0 (compatible; Let's Encrypt validation server; +https://www.letsencrypt.org)"
45.139.11.127 - - [15/Aug/2024:17:42:57 +0000] "GET /.well-known/acme-challenge/EoeTPPUuKVBYb-kgmhzW98uPwVg4ufpTsnAjsZyTuyE HTTP/1.1" 200 87 "-" "Mozilla/5.0 (compatible; Let's Encrypt validation server; +https://www.letsencrypt.org)"
34.219.210.113 - - [15/Aug/2024:17:42:58 +0000] "GET /.well-known/acme-challenge/gjFGmCihUhgyZRDxzpmHVe_lDZGZSNDgOXDJKx6LVYk HTTP/1.1" 200 87 "-" "Mozilla/5.0 (compatible; Let's Encrypt validation server; +https://www.letsencrypt.org)"
45.139.11.127 - - [15/Aug/2024:17:42:59 +0000] "GET /.well-known/acme-challenge/AJCgqnW40q9nJ1GUSu9I6BAacRlvIfM14eMpUlvtqJU HTTP/1.1" 200 87 "-" "Mozilla/5.0 (compatible; Let's Encrypt validation server; +https://www.letsencrypt.org)"
164.90.228.79 - - [15/Aug/2024:17:43:20 +0000] "GET /.vscode/sftp.json HTTP/1.1" 404 41709 "-" "Go-http-client/1.1"
164.90.228.79 - - [15/Aug/2024:17:43:22 +0000] "GET /debug/default/view?panel=config HTTP/1.1" 404 41004 "-" "Go-http-client/1.1"
164.90.228.79 - - [15/Aug/2024:17:43:25 +0000] "GET /login.action HTTP/1.1" 404 41693 "-" "Go-http-client/1.1"
192.46.211.230 - - [15/Aug/2024:17:43:30 +0000] "GET /.DS_Store HTTP/1.1" 404 41709 "-" "Go-http-client/1.1"
192.46.211.230 - - [15/Aug/2024:17:43:33 +0000] "GET /.git/config HTTP/1.1" 403 1229 "-" "Go-http-client/1.1"
13.51.201.213 - - [15/Aug/2024:17:42:56 +0000] "GET /.well-known/acme-challenge/-zIpp-8s95PfqeExEQ2HMBpzplPMBMullUjCzjbzYIM HTTP/1.1" 200 87 "-" "Mozilla/5.0 (compatible; Let's Encrypt validation server; +https://www.letsencrypt.org)"
45.139.11.127 - - [15/Aug/2024:17:42:57 +0000] "GET /.well-known/acme-challenge/RB-mKPYNaRE3VleOxIl2aFyZxzOrexqwu2yN1YV2PnI HTTP/1.1" 200 87 "-" "Mozilla/5.0 (compatible; Let's Encrypt validation server; +https://www.letsencrypt.org)"
45.139.11.127 - - [15/Aug/2024:17:42:58 +0000] "GET /.well-known/acme-challenge/EoeTPPUuKVBYb-kgmhzW98uPwVg4ufpTsnAjsZyTuyE HTTP/1.1" 200 87 "-" "Mozilla/5.0 (compatible; Let's Encrypt validation server; +https://www.letsencrypt.org)"
164.90.228.79 - - [15/Aug/2024:17:43:21 +0000] "GET /about HTTP/1.1" 404 41711 "-" "Go-http-client/1.1"
192.46.211.230 - - [15/Aug/2024:17:43:23 +0000] "GET /debug/default/view?panel=config HTTP/1.1" 404 41012 "-" "Go-http-client/1.1"
164.90.228.79 - - [15/Aug/2024:17:43:23 +0000] "GET /ecp/Current/exporttool/microsoft.exchange.ediscovery.exporttool.application HTTP/1.1" 404 41031 "-" "Go-http-client/1.1"
164.90.228.79 - - [15/Aug/2024:17:43:27 +0000] "GET /.DS_Store HTTP/1.1" 404 41708 "-" "Go-http-client/1.1"
192.46.211.230 - - [15/Aug/2024:17:43:32 +0000] "GET /.env HTTP/1.1" 404 41709 "-" "Go-http-client/1.1"
164.90.228.79 - - [15/Aug/2024:17:43:33 +0000] "GET /?rest_route=/wp/v2/users/ HTTP/1.1" 401 309 "-" "Go-http-client/1.1"
45.139.11.127 - - [15/Aug/2024:17:35:10 +0000] "GET /.well-known/acme-challenge/07RD-JHCNO024J6GDOK327T9-Q_SJW53 HTTP/1.1" 200 64 "-" "Cpanel-HTTP-Client/1.0"
13.60.205.59 - - [15/Aug/2024:17:42:57 +0000] "GET /.well-known/acme-challenge/uFCjl41VPmPgPuw6N8ADteJMI2j70f3UiJsU_o7CF7M HTTP/1.1" 200 87 "-" "Mozilla/5.0 (compatible; Let's Encrypt validation server; +https://www.letsencrypt.org)"
18.116.40.111 - - [15/Aug/2024:17:42:57 +0000] "GET /.well-known/acme-challenge/uFCjl41VPmPgPuw6N8ADteJMI2j70f3UiJsU_o7CF7M HTTP/1.1" 200 87 "-" "Mozilla/5.0 (compatible; Let's Encrypt validation server; +https://www.letsencrypt.org)"
45.139.11.127 - - [15/Aug/2024:17:42:58 +0000] "GET /.well-known/acme-challenge/EoeTPPUuKVBYb-kgmhzW98uPwVg4ufpTsnAjsZyTuyE HTTP/1.1" 200 87 "-" "Mozilla/5.0 (compatible; Let's Encrypt validation server; +https://www.letsencrypt.org)"
45.139.11.127 - - [15/Aug/2024:17:42:58 +0000] "GET /.well-known/acme-challenge/UvEm0vy-E7PUeSQrcRQYA4T31BiZNE4gE237H8Pyb_E HTTP/1.1" 200 87 "-" "Mozilla/5.0 (compatible; Let's Encrypt validation server; +https://www.letsencrypt.org)"
45.139.11.127 - - [15/Aug/2024:17:42:58 +0000] "GET /.well-known/acme-challenge/n03EuhX_XybA-tqJDGl2L5D4CcF3AwzNR4-xdCl0sQQ HTTP/1.1" 200 87 "-" "Mozilla/5.0 (compatible; Let's Encrypt validation server; +https://www.letsencrypt.org)"
192.46.211.230 - - [15/Aug/2024:17:43:27 +0000] "GET /server-status HTTP/1.1" 404 41705 "-" "Go-http-client/1.1"
164.90.228.79 - - [15/Aug/2024:17:43:29 +0000] "GET /.git/config HTTP/1.1" 403 1229 "-" "Go-http-client/1.1"
192.46.211.230 - - [15/Aug/2024:17:43:29 +0000] "GET /_all_dbs HTTP/1.1" 404 41423 "-" "Mozilla/5.0 (l9scan/2.0.730323e21313e2933313e25343; +https://leakix.net)"
164.90.228.79 - - [15/Aug/2024:17:43:32 +0000] "GET /telescope/requests HTTP/1.1" 404 41712 "-" "Go-http-client/1.1"
192.46.211.230 - - [15/Aug/2024:17:43:34 +0000] "GET /s/730323e21313e2933313e25343/_/;/META-INF/maven/com.atlassian.jira/jira-webapp-dist/pom.properties HTTP/1.1" 404 41076 "-" "Go-http-client/1.1"
23.178.112.210 - - [15/Aug/2024:17:42:56 +0000] "GET /.well-known/acme-challenge/uFCjl41VPmPgPuw6N8ADteJMI2j70f3UiJsU_o7CF7M HTTP/1.1" 200 87 "-" "Mozilla/5.0 (compatible; Let's Encrypt validation server; +https://www.letsencrypt.org)"
45.139.11.127 - - [15/Aug/2024:17:42:57 +0000] "GET /.well-known/acme-challenge/UvEm0vy-E7PUeSQrcRQYA4T31BiZNE4gE237H8Pyb_E HTTP/1.1" 200 87 "-" "Mozilla/5.0 (compatible; Let's Encrypt validation server; +https://www.letsencrypt.org)"
45.139.11.127 - - [15/Aug/2024:17:42:57 +0000] "GET /.well-known/acme-challenge/RB-mKPYNaRE3VleOxIl2aFyZxzOrexqwu2yN1YV2PnI HTTP/1.1" 200 87 "-" "Mozilla/5.0 (compatible; Let's Encrypt validation server; +https://www.letsencrypt.org)"
45.139.11.127 - - [15/Aug/2024:17:42:58 +0000] "GET /.well-known/acme-challenge/n03EuhX_XybA-tqJDGl2L5D4CcF3AwzNR4-xdCl0sQQ HTTP/1.1" 200 87 "-" "Mozilla/5.0 (compatible; Let's Encrypt validation server; +https://www.letsencrypt.org)"
45.139.11.127 - - [15/Aug/2024:17:42:58 +0000] "GET /.well-known/acme-challenge/UvEm0vy-E7PUeSQrcRQYA4T31BiZNE4gE237H8Pyb_E HTTP/1.1" 200 87 "-" "Mozilla/5.0 (compatible; Let's Encrypt validation server; +https://www.letsencrypt.org)"
45.139.11.127 - - [15/Aug/2024:17:42:58 +0000] "GET /.well-known/acme-challenge/AJCgqnW40q9nJ1GUSu9I6BAacRlvIfM14eMpUlvtqJU HTTP/1.1" 200 87 "-" "Mozilla/5.0 (compatible; Let's Encrypt validation server; +https://www.letsencrypt.org)"
45.139.11.127 - - [15/Aug/2024:17:42:58 +0000] "GET /.well-known/acme-challenge/AJCgqnW40q9nJ1GUSu9I6BAacRlvIfM14eMpUlvtqJU HTTP/1.1" 200 87 "-" "Mozilla/5.0 (compatible; Let's Encrypt validation server; +https://www.letsencrypt.org)"
45.139.11.127 - - [15/Aug/2024:17:42:59 +0000] "GET /.well-known/acme-challenge/n03EuhX_XybA-tqJDGl2L5D4CcF3AwzNR4-xdCl0sQQ HTTP/1.1" 200 87 "-" "Mozilla/5.0 (compatible; Let's Encrypt validation server; +https://www.letsencrypt.org)"
45.139.11.127 - - [15/Aug/2024:17:43:16 +0000] "POST /wp-cron.php?doing_wp_cron=1723743796.1221110820770263671875 HTTP/1.1" 200 0 "-" "WordPress/6.6.1; https://drrikhtehgaran.com"
192.46.211.230 - - [15/Aug/2024:17:43:25 +0000] "GET /ecp/Current/exporttool/microsoft.exchange.ediscovery.exporttool.application HTTP/1.1" 404 41032 "-" "Go-http-client/1.1"
45.139.11.127 - - [15/Aug/2024:17:35:10 +0000] "GET /.well-known/acme-challenge/MBTT9D2LKC41ESFSOS2TXR1H7CLWGOYT HTTP/1.1" 200 64 "-" "Cpanel-HTTP-Client/1.0"
45.139.11.127 - - [15/Aug/2024:17:35:10 +0000] "GET /.well-known/acme-challenge/RLG_9IVEC-KY5E53IKPK8H_L832OIJ48 HTTP/1.1" 200 64 "-" "Cpanel-HTTP-Client/1.0"
45.139.11.127 - - [15/Aug/2024:17:35:10 +0000] "GET /.well-known/acme-challenge/_AEONJKUP6S1L-6HXQGGYOPSFQ__70-9 HTTP/1.1" 200 64 "-" "Cpanel-HTTP-Client/1.0"
23.178.112.211 - - [15/Aug/2024:17:42:56 +0000] "GET /.well-known/acme-challenge/-zIpp-8s95PfqeExEQ2HMBpzplPMBMullUjCzjbzYIM HTTP/1.1" 200 87 "-" "Mozilla/5.0 (compatible; Let's Encrypt validation server; +https://www.letsencrypt.org)"
18.116.40.111 - - [15/Aug/2024:17:42:57 +0000] "GET /.well-known/acme-challenge/-zIpp-8s95PfqeExEQ2HMBpzplPMBMullUjCzjbzYIM HTTP/1.1" 200 87 "-" "Mozilla/5.0 (compatible; Let's Encrypt validation server; +https://www.letsencrypt.org)"
45.139.11.127 - - [15/Aug/2024:17:42:58 +0000] "GET /.well-known/acme-challenge/RB-mKPYNaRE3VleOxIl2aFyZxzOrexqwu2yN1YV2PnI HTTP/1.1" 200 87 "-" "Mozilla/5.0 (compatible; Let's Encrypt validation server; +https://www.letsencrypt.org)"
52.221.238.246 - - [15/Aug/2024:17:42:58 +0000] "GET /.well-known/acme-challenge/gjFGmCihUhgyZRDxzpmHVe_lDZGZSNDgOXDJKx6LVYk HTTP/1.1" 200 87 "-" "Mozilla/5.0 (compatible; Let's Encrypt validation server; +https://www.letsencrypt.org)"
45.139.11.127 - - [15/Aug/2024:17:42:58 +0000] "GET /.well-known/acme-challenge/EoeTPPUuKVBYb-kgmhzW98uPwVg4ufpTsnAjsZyTuyE HTTP/1.1" 200 87 "-" "Mozilla/5.0 (compatible; Let's Encrypt validation server; +https://www.letsencrypt.org)"
45.139.11.127 - - [15/Aug/2024:17:42:59 +0000] "GET /.well-known/acme-challenge/n03EuhX_XybA-tqJDGl2L5D4CcF3AwzNR4-xdCl0sQQ HTTP/1.1" 200 87 "-" "Mozilla/5.0 (compatible; Let's Encrypt validation server; +https://www.letsencrypt.org)"
139.59.136.184 - - [15/Aug/2024:17:43:16 +0000] "GET / HTTP/1.1" 301 0 "-" "-"
192.46.211.230 - - [15/Aug/2024:17:43:17 +0000] "GET / HTTP/1.1" 301 0 "-" "Mozilla/5.0 (Linux; Android 6.0; HTC One M9 Build/MRA90681) AppleWebKit/537.36 (KHTML, like Gecko) Chrome/52.0.7640.98 Mobile Safari/537.3"
164.90.228.79 - - [15/Aug/2024:17:43:29 +0000] "GET /s/730323e21313e2933313e25343/_/;/META-INF/maven/com.atlassian.jira/jira-webapp-dist/pom.properties HTTP/1.1" 404 41074 "-" "Go-http-client/1.1"
45.139.11.127 - - [15/Aug/2024:17:35:10 +0000] "GET /.well-known/acme-challenge/TU6OI9_OMGGO548SUYI5HLEHXZ36S0BR HTTP/1.1" 200 64 "-" "Cpanel-HTTP-Client/1.0"
45.139.11.127 - - [15/Aug/2024:17:42:58 +0000] "GET /.well-known/acme-challenge/UvEm0vy-E7PUeSQrcRQYA4T31BiZNE4gE237H8Pyb_E HTTP/1.1" 200 87 "-" "Mozilla/5.0 (compatible; Let's Encrypt validation server; +https://www.letsencrypt.org)"
164.90.228.79 - - [15/Aug/2024:17:43:15 +0000] "GET / HTTP/1.1" 301 0 "-" "-"
164.90.228.79 - - [15/Aug/2024:17:43:16 +0000] "GET / HTTP/1.1" 301 0 "-" "Mozilla/5.0 (Linux; Android 6.0; HTC One M9 Build/MRA90681) AppleWebKit/537.36 (KHTML, like Gecko) Chrome/52.0.7640.98 Mobile Safari/537.3"
192.46.211.230 - - [15/Aug/2024:17:43:16 +0000] "GET / HTTP/1.1" 301 0 "-" "-"
164.90.228.79 - - [15/Aug/2024:17:43:17 +0000] "GET /server HTTP/1.1" 404 41698 "-" "Go-http-client/1.1"
192.46.211.230 - - [15/Aug/2024:17:43:19 +0000] "GET /server HTTP/1.1" 404 41712 "-" "Go-http-client/1.1"
192.46.211.230 - - [15/Aug/2024:17:43:36 +0000] "GET /telescope/requests HTTP/1.1" 404 41718 "-" "Go-http-client/1.1"
23.178.112.214 - - [15/Aug/2024:17:42:56 +0000] "GET /.well-known/acme-challenge/gjFGmCihUhgyZRDxzpmHVe_lDZGZSNDgOXDJKx6LVYk HTTP/1.1" 200 87 "-" "Mozilla/5.0 (compatible; Let's Encrypt validation server; +https://www.letsencrypt.org)"
45.139.11.127 - - [15/Aug/2024:17:42:57 +0000] "GET /.well-known/acme-challenge/EoeTPPUuKVBYb-kgmhzW98uPwVg4ufpTsnAjsZyTuyE HTTP/1.1" 200 87 "-" "Mozilla/5.0 (compatible; Let's Encrypt validation server; +https://www.letsencrypt.org)"
34.219.210.113 - - [15/Aug/2024:17:42:57 +0000] "GET /.well-known/acme-challenge/-zIpp-8s95PfqeExEQ2HMBpzplPMBMullUjCzjbzYIM HTTP/1.1" 200 87 "-" "Mozilla/5.0 (compatible; Let's Encrypt validation server; +https://www.letsencrypt.org)"
34.219.210.113 - - [15/Aug/2024:17:42:57 +0000] "GET /.well-known/acme-challenge/uFCjl41VPmPgPuw6N8ADteJMI2j70f3UiJsU_o7CF7M HTTP/1.1" 200 87 "-" "Mozilla/5.0 (compatible; Let's Encrypt validation server; +https://www.letsencrypt.org)"
45.139.11.127 - - [15/Aug/2024:17:42:58 +0000] "GET /.well-known/acme-challenge/UvEm0vy-E7PUeSQrcRQYA4T31BiZNE4gE237H8Pyb_E HTTP/1.1" 200 87 "-" "Mozilla/5.0 (compatible; Let's Encrypt validation server; +https://www.letsencrypt.org)"
192.46.211.230 - - [15/Aug/2024:17:43:21 +0000] "GET /.vscode/sftp.json HTTP/1.1" 404 41749 "-" "Go-http-client/1.1"
192.46.211.230 - - [15/Aug/2024:17:43:24 +0000] "GET /v2/_catalog HTTP/1.1" 404 41427 "-" "Go-http-client/1.1"
164.90.228.79 - - [15/Aug/2024:17:43:24 +0000] "GET /server-status HTTP/1.1" 404 41702 "-" "Go-http-client/1.1"
164.90.228.79 - - [15/Aug/2024:17:43:26 +0000] "GET /_all_dbs HTTP/1.1" 404 41432 "-" "Mozilla/5.0 (l9scan/2.0.730323e21313e2933313e25343; +https://leakix.net)"
164.90.228.79 - - [15/Aug/2024:17:43:28 +0000] "GET /.env HTTP/1.1" 404 41697 "-" "Go-http-client/1.1"
164.90.228.79 - - [15/Aug/2024:17:43:31 +0000] "GET /config.json HTTP/1.1" 404 41702 "-" "Go-http-client/1.1"
192.46.211.230 - - [15/Aug/2024:17:43:35 +0000] "GET /config.json HTTP/1.1" 404 41715 "-" "Go-http-client/1.1"
192.46.211.230 - - [15/Aug/2024:17:43:37 +0000] "GET /?rest_route=/wp/v2/users/ HTTP/1.1" 401 309 "-" "Go-http-client/1.1"
45.61.60.18 - - [15/Aug/2024:18:02:26 +0000] "GET /wp-includes/ HTTP/1.1" 404 1238 "-" "Mozlila/5.0 (Linux; Android 7.0; SM-G892A Bulid/NRD90M; wv) AppleWebKit/537.36 (KHTML, like Gecko) Version/4.0 Chrome/60.0.3112.107 Moblie Safari/537.36"
88.135.68.7 - - [15/Aug/2024:18:09:08 +0000] "GET /.well-known/acme-challenge/E740-TITV1NCH_TQDODYLOMIJ62I1MH5 HTTP/1.1" 404 1238 "-" "Cpanel-HTTP-Client/1.0"
88.135.68.7 - - [15/Aug/2024:18:09:08 +0000] "GET /.well-known/acme-challenge/ZXG2-4B480HBKC_496G6G6UD8UTMOK3H HTTP/1.1" 404 1238 "-" "Cpanel-HTTP-Client/1.0"
88.135.68.7 - - [15/Aug/2024:18:09:08 +0000] "GET /.well-known/acme-challenge/LJLZRSB1R6B0QK-EP_MAYYS_C9QSR2U5 HTTP/1.1" 404 1238 "-" "Cpanel-HTTP-Client/1.0"
45.139.11.127 - - [15/Aug/2024:18:50:55 +0000] "POST /wp-cron.php?doing_wp_cron=1723747855.5159020423889160156250 HTTP/1.1" 200 0 "-" "WordPress/6.6.1; https://drrikhtehgaran.com"
