13.74.113.25 - - [20/Aug/2024:22:50:25 +0000] "GET /blog.php HTTP/1.1" 404 222657 "-" "-"
13.74.113.25 - - [20/Aug/2024:22:50:25 +0000] "GET /themes.php HTTP/1.1" 404 222672 "-" "-"
13.74.113.25 - - [20/Aug/2024:22:50:26 +0000] "GET /ini.php HTTP/1.1" 404 222658 "-" "-"
13.74.113.25 - - [20/Aug/2024:22:50:27 +0000] "GET /as.php HTTP/1.1" 404 222656 "-" "-"
13.74.113.25 - - [20/Aug/2024:22:50:29 +0000] "GET /shell.php HTTP/1.1" 404 222669 "-" "-"
13.74.113.25 - - [20/Aug/2024:22:50:30 +0000] "GET /ws.php HTTP/1.1" 404 222657 "-" "-"
13.74.113.25 - - [20/Aug/2024:22:50:31 +0000] "GET /dropdown.php HTTP/1.1" 404 222675 "-" "-"
13.74.113.25 - - [20/Aug/2024:22:50:32 +0000] "GET /makeasmtp.php HTTP/1.1" 404 222686 "-" "-"
13.74.113.25 - - [20/Aug/2024:22:50:33 +0000] "GET /wp-sigunq.php HTTP/1.1" 404 222685 "-" "-"
13.74.113.25 - - [20/Aug/2024:22:50:34 +0000] "GET /wso112233.php HTTP/1.1" 404 222683 "-" "-"
13.74.113.25 - - [20/Aug/2024:22:50:35 +0000] "GET /alfanew.php HTTP/1.1" 404 222681 "-" "-"
13.74.113.25 - - [20/Aug/2024:22:50:36 +0000] "GET /fw.php HTTP/1.1" 404 222658 "-" "-"
13.74.113.25 - - [20/Aug/2024:22:50:37 +0000] "GET /install.php HTTP/1.1" 404 222674 "-" "-"
13.74.113.25 - - [20/Aug/2024:22:50:38 +0000] "GET /wp-login.php HTTP/1.1" 302 0 "-" "-"
13.74.113.25 - - [20/Aug/2024:22:50:39 +0000] "GET /wp-contentpluginsgoogle-seo-rankmodule.php HTTP/1.1" 404 222794 "-" "-"
13.74.113.25 - - [20/Aug/2024:22:50:40 +0000] "GET /chosen.php HTTP/1.1" 404 222672 "-" "-"
13.74.113.25 - - [20/Aug/2024:22:50:41 +0000] "GET /simple.php HTTP/1.1" 404 222673 "-" "-"
45.139.11.127 - - [20/Aug/2024:22:49:45 +0000] "POST /wp-cron.php?doing_wp_cron=1724194185.5555779933929443359375 HTTP/1.1" 200 0 "-" "WordPress/6.6.1; https://drrikhtehgaran.com"
45.139.11.127 - - [20/Aug/2024:22:50:41 +0000] "POST /wp-cron.php?doing_wp_cron=1724194241.2964780330657958984375 HTTP/1.1" 200 0 "-" "WordPress/6.6.1; https://drrikhtehgaran.com"
45.139.11.127 - - [20/Aug/2024:22:50:16 +0000] "POST /wp-cron.php?doing_wp_cron=1724194216.2533059120178222656250 HTTP/1.1" 200 0 "-" "WordPress/6.6.1; https://drrikhtehgaran.com"
45.139.11.127 - - [20/Aug/2024:23:22:50 +0000] "POST /wp-cron.php?doing_wp_cron=1724196170.2512729167938232421875 HTTP/1.1" 200 0 "-" "WordPress/6.6.1; https://drrikhtehgaran.com"
62.210.136.26 - - [20/Aug/2024:23:22:46 +0000] "POST /xmlrpc.php HTTP/1.1" 503 7452 "http://drrikhtehgaran.com" "Mozilla/5.0 (Windows NT 10.0; Win64; x64) AppleWebKit/537.36 (KHTML, like Gecko) Chrome/126.0.0.0 Safari/537.36 Edg/126.0.0.0"
62.210.136.26 - - [20/Aug/2024:23:22:52 +0000] "POST /wp-login.php HTTP/1.1" 503 7120 "http://drrikhtehgaran.com" "Mozilla/5.0 (Macintosh; Intel Mac OS X 14_4_1) AppleWebKit/605.1.15 (KHTML, like Gecko) Version/17.3.1 Safari/605.1.15"
45.139.11.127 - - [20/Aug/2024:23:59:44 +0000] "POST /wp-cron.php?doing_wp_cron=1724198384.9540588855743408203125 HTTP/1.1" 200 0 "-" "WordPress/6.6.1; https://drrikhtehgaran.com"
176.53.216.207 - - [20/Aug/2024:23:59:23 +0000] "GET /favicon.ico HTTP/1.1" 404 1238 "-" "Mozilla/5.0 (Windows NT 10.0; Win64; x64) AppleWebKit/537.36 (KHTML, like Gecko) Chrome/94.0.4606.61 Safari/537.36"
89.104.111.217 - - [20/Aug/2024:23:59:28 +0000] "GET /favicon.ico HTTP/1.1" 404 1238 "-" "Mozilla/5.0 (Windows NT 10.0; Win64; x64) AppleWebKit/537.36 (KHTML, like Gecko) Chrome/94.0.4606.61 Safari/537.36"
176.53.217.95 - - [20/Aug/2024:23:59:44 +0000] "GET /3ds1633693954432212 HTTP/1.1" 404 41466 "-" "Mozilla/5.0 (Windows NT 10.0; Win64; x64) AppleWebKit/537.36 (KHTML, like Gecko) Chrome/94.0.4606.61 Safari/537.36"
45.139.11.127 - - [20/Aug/2024:23:59:22 +0000] "POST /wp-cron.php?doing_wp_cron=1724198362.2521629333496093750000 HTTP/1.1" 200 0 "-" "WordPress/6.6.1; https://drrikhtehgaran.com"
176.53.218.237 - - [20/Aug/2024:23:59:25 +0000] "GET /3ds.php HTTP/1.1" 404 41456 "-" "Mozilla/5.0 (Windows NT 10.0; Win64; x64) AppleWebKit/537.36 (KHTML, like Gecko) Chrome/94.0.4606.61 Safari/537.36"
45.90.61.10 - - [20/Aug/2024:23:59:33 +0000] "GET /merchant/code HTTP/1.1" 404 41458 "-" "Mozilla/5.0 (Windows NT 10.0; Win64; x64) AppleWebKit/537.36 (KHTML, like Gecko) Chrome/94.0.4606.61 Safari/537.36"
89.104.101.78 - - [20/Aug/2024:23:59:35 +0000] "GET /favicon.ico HTTP/1.1" 404 1238 "-" "Mozilla/5.0 (Windows NT 10.0; Win64; x64) AppleWebKit/537.36 (KHTML, like Gecko) Chrome/94.0.4606.61 Safari/537.36"
89.104.101.209 - - [20/Aug/2024:23:59:46 +0000] "GET /favicon.ico HTTP/1.1" 404 1238 "-" "Mozilla/5.0 (Windows NT 10.0; Win64; x64) AppleWebKit/537.36 (KHTML, like Gecko) Chrome/94.0.4606.61 Safari/537.36"
45.90.61.121 - - [20/Aug/2024:23:59:21 +0000] "GET /merchant/z/payment/?order=1 HTTP/1.1" 404 40747 "-" "Mozilla/5.0 (Windows NT 10.0; Win64; x64) AppleWebKit/537.36 (KHTML, like Gecko) Chrome/94.0.4606.61 Safari/537.36"
88.135.68.7 - - [21/Aug/2024:00:08:51 +0000] "GET /.well-known/acme-challenge/T9N6FLOHDM0WFBG4ZH2V_3NO9SM22FD8 HTTP/1.1" 404 1238 "-" "Cpanel-HTTP-Client/1.0"
88.135.68.7 - - [21/Aug/2024:00:08:51 +0000] "GET /.well-known/acme-challenge/TYUFU5HDQPCVAO7IN3O5ASDD2V0_UOHK HTTP/1.1" 404 1238 "-" "Cpanel-HTTP-Client/1.0"
88.135.68.7 - - [21/Aug/2024:00:08:51 +0000] "GET /.well-known/acme-challenge/WTPKDR10S_RQMYNZIWI2VM19NKJ7-EBN HTTP/1.1" 404 1238 "-" "Cpanel-HTTP-Client/1.0"
87.236.176.178 - - [21/Aug/2024:01:57:24 +0000] "GET / HTTP/1.1" 301 0 "-" "Mozilla/5.0 (compatible; InternetMeasurement/1.0; +https://internet-measurement.com/)"
45.139.11.127 - - [21/Aug/2024:01:57:27 +0000] "POST /wp-cron.php?doing_wp_cron=1724205447.0066330432891845703125 HTTP/1.1" 200 0 "-" "WordPress/6.6.1; https://drrikhtehgaran.com"
159.223.79.15 - - [21/Aug/2024:02:13:12 +0000] "GET / HTTP/1.1" 301 0 "-" "Mozilla/5.0 (Windows NT 10.0; Win64; x64) AppleWebKit/537.36 (KHTML, like Gecko) Chrome/78.0.3904.108 Safari/537.36"
45.139.11.127 - - [21/Aug/2024:02:31:17 +0000] "POST /wp-cron.php?doing_wp_cron=1724207477.6179199218750000000000 HTTP/1.1" 200 0 "-" "WordPress/6.6.1; https://drrikhtehgaran.com"
66.249.69.160 - - [21/Aug/2024:02:31:17 +0000] "GET /robots.txt HTTP/1.1" 200 113 "-" "Mozilla/5.0 (compatible; Googlebot/2.1; +http://www.google.com/bot.html)"
66.249.69.175 - - [21/Aug/2024:02:31:18 +0000] "GET / HTTP/1.1" 301 0 "-" "Mozilla/5.0 (Linux; Android 6.0.1; Nexus 5X Build/MMB29P) AppleWebKit/537.36 (KHTML, like Gecko) Chrome/127.0.6533.119 Mobile Safari/537.36 (compatible; Googlebot/2.1; +http://www.google.com/bot.html)"
88.135.68.7 - - [21/Aug/2024:03:08:44 +0000] "GET /.well-known/acme-challenge/CBYK44797ZZIM1DH0FC9YKC9H93_MCZ4 HTTP/1.1" 404 1238 "-" "Cpanel-HTTP-Client/1.0"
88.135.68.7 - - [21/Aug/2024:03:08:44 +0000] "GET /.well-known/acme-challenge/J-SN5_PLH9SOW8QZRBQ96WI7MQMAZIOJ HTTP/1.1" 404 1238 "-" "Cpanel-HTTP-Client/1.0"
45.139.11.127 - - [21/Aug/2024:03:11:26 +0000] "POST /wp-cron.php?doing_wp_cron=1724209886.6066920757293701171875 HTTP/1.1" 200 0 "-" "WordPress/6.6.1; https://drrikhtehgaran.com"
88.135.68.7 - - [21/Aug/2024:03:08:44 +0000] "GET /.well-known/acme-challenge/6ED2WA6G0963PZ3K2M3AJB32J6F0CIVC HTTP/1.1" 404 1238 "-" "Cpanel-HTTP-Client/1.0"
3.91.216.168 - - [21/Aug/2024:03:11:26 +0000] "GET /.env HTTP/1.1" 404 222652 "-" "curl/8.5.0"
45.139.11.127 - - [21/Aug/2024:03:23:53 +0000] "POST /wp-cron.php?doing_wp_cron=1724210633.3787069320678710937500 HTTP/1.1" 200 0 "-" "WordPress/6.6.1; https://drrikhtehgaran.com"
50.21.188.107 - - [21/Aug/2024:03:23:50 +0000] "GET /robots.txt HTTP/1.1" 200 129 "-" "IonCrawl (https://www.ionos.de/terms-gtc/faq-crawler-en/)"
62.210.114.68 - - [21/Aug/2024:04:27:15 +0000] "POST /xmlrpc.php HTTP/1.1" 503 7431 "http://drrikhtehgaran.com" "Mozilla/5.0 (Windows NT 10.0; Win64; x64) AppleWebKit/537.36 (KHTML, like Gecko) Chrome/112.0.5615.138 Safari/537.36"
45.139.11.127 - - [21/Aug/2024:04:30:21 +0000] "POST /wp-cron.php?doing_wp_cron=1724214621.8416569232940673828125 HTTP/1.1" 200 0 "-" "WordPress/6.6.1; https://drrikhtehgaran.com"
44.243.87.220 - - [21/Aug/2024:04:30:21 +0000] "GET /robots.txt HTTP/1.1" 200 129 "-" "Mozilla/5.0 (compatible; wpbot/1.1; +https://forms.gle/ajBaxygz9jSR8p8G9)"
44.243.87.220 - - [21/Aug/2024:04:30:22 +0000] "GET / HTTP/1.1" 301 0 "-" "Mozilla/5.0 (compatible; wpbot/1.1; +https://forms.gle/ajBaxygz9jSR8p8G9)"
62.210.114.68 - - [21/Aug/2024:04:27:20 +0000] "POST /wp-login.php HTTP/1.1" 503 7116 "http://drrikhtehgaran.com" "Mozilla/5.0 (Macintosh; Intel Mac OS X 14.5) AppleWebKit/618.3.5 (KHTML, like Gecko) Version/17.4 Safari/618.3.5"
45.139.11.127 - - [21/Aug/2024:04:27:18 +0000] "POST /wp-cron.php?doing_wp_cron=1724214438.6855330467224121093750 HTTP/1.1" 200 0 "-" "WordPress/6.6.1; https://drrikhtehgaran.com"
88.135.68.7 - - [21/Aug/2024:06:08:57 +0000] "GET /.well-known/acme-challenge/TZ0CPP9YM25HQ3MDC_-8VJ2W7NG4RSZM HTTP/1.1" 404 1238 "-" "Cpanel-HTTP-Client/1.0"
88.135.68.7 - - [21/Aug/2024:06:08:57 +0000] "GET /.well-known/acme-challenge/1JIWM9HVX0WOPBL-8K2Q06DJBTBLSSXB HTTP/1.1" 404 1238 "-" "Cpanel-HTTP-Client/1.0"
88.135.68.7 - - [21/Aug/2024:06:08:57 +0000] "GET /.well-known/acme-challenge/I9SM4-F6-95-4MK5M8V92MLTQ67CHMC6 HTTP/1.1" 404 1238 "-" "Cpanel-HTTP-Client/1.0"
45.148.10.241 - - [21/Aug/2024:06:04:58 +0000] "GET /.env HTTP/1.1" 404 41457 "-" "Mozilla/5.0 (Macintosh; U; Intel Mac OS X 10.5; en-US; rv:1.9.1) Gecko/20090624 Firefox/3.5"
194.38.23.16 - - [21/Aug/2024:06:41:42 +0000] "GET /admin/upload.php HTTP/1.1" 403 17006 "-" "ALittle Client"
45.139.11.127 - - [21/Aug/2024:07:31:02 +0000] "POST /wp-cron.php?doing_wp_cron=1724225462.8759999275207519531250 HTTP/1.1" 200 0 "-" "WordPress/6.6.1; https://drrikhtehgaran.com"
40.88.21.235 - - [21/Aug/2024:07:31:02 +0000] "GET / HTTP/1.1" 301 0 "http://drrikhtehgaran.com/" "DuckDuckBot/1.1; (+http://duckduckgo.com/duckduckbot.html)"
88.135.68.7 - - [21/Aug/2024:09:09:53 +0000] "GET /.well-known/acme-challenge/JRDUV6CK7UOIDQLB_2JOFKEVMIS5_MDE HTTP/1.1" 404 1238 "-" "Cpanel-HTTP-Client/1.0"
88.135.68.7 - - [21/Aug/2024:09:09:53 +0000] "GET /.well-known/acme-challenge/OM_OCC0HG11QDBOY3-59AKKW_7IZESFC HTTP/1.1" 404 1238 "-" "Cpanel-HTTP-Client/1.0"
88.135.68.7 - - [21/Aug/2024:09:09:53 +0000] "GET /.well-known/acme-challenge/6ZR1UXUNIA8H0OWUB4ID_ZYRBS-1G1UO HTTP/1.1" 404 1238 "-" "Cpanel-HTTP-Client/1.0"
36.41.75.167 - - [21/Aug/2024:09:28:53 +0000] "GET / HTTP/1.1" 301 0 "-" "Mozilla/5.0 (iPhone; CPU iPhone OS 13_2_3 like Mac OS X) AppleWebKit/605.1.15 (KHTML, like Gecko) Version/13.0.3 Mobile/15E148 Safari/604.1"
91.92.254.82 - - [21/Aug/2024:09:37:34 +0000] "GET /wp-login.php HTTP/1.1" 302 0 "-" "Mozilla/5.0"
45.139.11.127 - - [21/Aug/2024:09:28:58 +0000] "POST /wp-cron.php?doing_wp_cron=1724232538.7895739078521728515625 HTTP/1.1" 200 0 "-" "WordPress/6.6.1; https://drrikhtehgaran.com"
45.139.11.127 - - [21/Aug/2024:09:37:40 +0000] "POST /wp-cron.php?doing_wp_cron=1724233060.0837669372558593750000 HTTP/1.1" 200 0 "-" "WordPress/6.6.1; https://drrikhtehgaran.com"
195.154.184.25 - - [21/Aug/2024:10:13:11 +0000] "POST /xmlrpc.php HTTP/1.1" 503 7452 "http://drrikhtehgaran.com" "Mozilla/5.0 (Windows NT 11.0; Win64; x64; rv:126.0) Gecko/20100101 Firefox/126.0"
45.139.11.127 - - [21/Aug/2024:10:13:15 +0000] "POST /wp-cron.php?doing_wp_cron=1724235195.7692830562591552734375 HTTP/1.1" 200 0 "-" "WordPress/6.6.1; https://drrikhtehgaran.com"
195.154.184.25 - - [21/Aug/2024:10:13:17 +0000] "POST /wp-login.php HTTP/1.1" 503 7120 "http://drrikhtehgaran.com" "Mozilla/5.0 (Macintosh; Intel Mac OS X 10_15_7) AppleWebKit/537.36 (KHTML, like Gecko) Chrome/126.0.0.0 Safari/537.36"
45.139.11.127 - - [21/Aug/2024:11:42:53 +0000] "POST /wp-cron.php?doing_wp_cron=1724240573.9589350223541259765625 HTTP/1.1" 200 0 "-" "WordPress/6.6.1; https://drrikhtehgaran.com"
13.94.95.64 - - [21/Aug/2024:11:42:51 +0000] "GET /inputs.php HTTP/1.1" 404 222672 "-" "-"
13.94.95.64 - - [21/Aug/2024:11:42:55 +0000] "GET /classsmtps.php HTTP/1.1" 404 222683 "-" "-"
13.94.95.64 - - [21/Aug/2024:11:42:56 +0000] "GET /wp-blog-header.php HTTP/1.1" 404 0 "-" "-"
13.94.95.64 - - [21/Aug/2024:11:42:57 +0000] "GET /wp-trackback.php HTTP/1.1" 404 172 "-" "-"
13.94.95.64 - - [21/Aug/2024:11:42:57 +0000] "GET /wp-signup.php HTTP/1.1" 302 0 "-" "-"
13.94.95.64 - - [21/Aug/2024:11:42:59 +0000] "GET /wp-comments-post.php HTTP/1.1" 405 0 "-" "-"
13.94.95.64 - - [21/Aug/2024:11:42:59 +0000] "GET /wp-cron.php HTTP/1.1" 200 0 "-" "-"
13.94.95.64 - - [21/Aug/2024:11:43:00 +0000] "GET /wp-22.php HTTP/1.1" 404 222668 "-" "-"
13.94.95.64 - - [21/Aug/2024:11:43:01 +0000] "GET /style.php HTTP/1.1" 404 222672 "-" "-"
13.94.95.64 - - [21/Aug/2024:11:43:03 +0000] "GET /wp-load.php HTTP/1.1" 200 0 "-" "-"
13.94.95.64 - - [21/Aug/2024:11:43:03 +0000] "GET /wp-mail.php HTTP/1.1" 403 2537 "-" "-"
13.94.95.64 - - [21/Aug/2024:11:43:04 +0000] "GET /edit.php HTTP/1.1" 404 222668 "-" "-"
45.139.11.127 - - [21/Aug/2024:11:43:05 +0000] "POST /wp-cron.php?doing_wp_cron=1724240585.6222059726715087890625 HTTP/1.1" 200 0 "-" "WordPress/6.6.1; https://drrikhtehgaran.com"
13.94.95.64 - - [21/Aug/2024:11:43:05 +0000] "GET /wp-activate.php HTTP/1.1" 302 0 "-" "-"
13.94.95.64 - - [21/Aug/2024:11:43:06 +0000] "GET /plugins.php HTTP/1.1" 404 222676 "-" "-"
13.94.95.64 - - [21/Aug/2024:11:43:07 +0000] "GET /post.php HTTP/1.1" 404 222667 "-" "-"
13.94.95.64 - - [21/Aug/2024:11:43:08 +0000] "GET /admin.php HTTP/1.1" 404 222671 "-" "-"
13.94.95.64 - - [21/Aug/2024:11:43:09 +0000] "GET /about.php HTTP/1.1" 404 222668 "-" "-"
13.94.95.64 - - [21/Aug/2024:11:43:11 +0000] "GET /wp-2019.php HTTP/1.1" 404 222681 "-" "-"
13.94.95.64 - - [21/Aug/2024:11:43:12 +0000] "GET /atomlib.php HTTP/1.1" 404 222677 "-" "-"
13.94.95.64 - - [21/Aug/2024:11:43:13 +0000] "GET /css.php HTTP/1.1" 404 222661 "-" "-"
13.94.95.64 - - [21/Aug/2024:11:43:14 +0000] "GET /simple.php HTTP/1.1" 404 222672 "-" "-"
13.94.95.64 - - [21/Aug/2024:11:43:15 +0000] "GET /log.php HTTP/1.1" 404 222662 "-" "-"
13.94.95.64 - - [21/Aug/2024:11:43:16 +0000] "GET /index.php HTTP/1.1" 301 0 "-" "-"
13.94.95.64 - - [21/Aug/2024:11:43:18 +0000] "GET /mail.php HTTP/1.1" 404 222665 "-" "-"
13.94.95.64 - - [21/Aug/2024:11:43:20 +0000] "GET /doc.php HTTP/1.1" 404 222662 "-" "-"
13.94.95.64 - - [21/Aug/2024:11:43:21 +0000] "GET /bak.php HTTP/1.1" 404 222665 "-" "-"
13.94.95.64 - - [21/Aug/2024:11:43:22 +0000] "GET /content.php HTTP/1.1" 404 222678 "-" "-"
13.94.95.64 - - [21/Aug/2024:11:43:23 +0000] "GET /upfile.php HTTP/1.1" 404 222674 "-" "-"
13.94.95.64 - - [21/Aug/2024:11:43:24 +0000] "GET /wp.php HTTP/1.1" 404 222657 "-" "-"
13.94.95.64 - - [21/Aug/2024:11:43:25 +0000] "GET /wp-conflg.php HTTP/1.1" 404 222684 "-" "-"
13.94.95.64 - - [21/Aug/2024:11:43:26 +0000] "GET /bypass.php HTTP/1.1" 404 222673 "-" "-"
13.94.95.64 - - [21/Aug/2024:11:43:27 +0000] "GET /404.php HTTP/1.1" 404 222661 "-" "-"
13.94.95.64 - - [21/Aug/2024:11:43:28 +0000] "GET /updates.php HTTP/1.1" 404 222678 "-" "-"
13.94.95.64 - - [21/Aug/2024:11:43:29 +0000] "GET /radio.php HTTP/1.1" 404 222672 "-" "-"
13.94.95.64 - - [21/Aug/2024:11:43:30 +0000] "GET /xmrlpc.php HTTP/1.1" 404 222671 "-" "-"
13.94.95.64 - - [21/Aug/2024:11:43:31 +0000] "GET /ae.php HTTP/1.1" 404 222656 "-" "-"
13.94.95.64 - - [21/Aug/2024:11:43:33 +0000] "GET /moon.php HTTP/1.1" 404 222664 "-" "-"
13.94.95.64 - - [21/Aug/2024:11:43:34 +0000] "GET /blog.php HTTP/1.1" 404 222667 "-" "-"
13.94.95.64 - - [21/Aug/2024:11:43:35 +0000] "GET /themes.php HTTP/1.1" 404 222673 "-" "-"
13.94.95.64 - - [21/Aug/2024:11:43:36 +0000] "GET /ini.php HTTP/1.1" 404 222658 "-" "-"
13.94.95.64 - - [21/Aug/2024:11:43:37 +0000] "GET /as.php HTTP/1.1" 404 222657 "-" "-"
13.94.95.64 - - [21/Aug/2024:11:43:49 +0000] "GET /wp-contentpluginsgoogle-seo-rankmodule.php HTTP/1.1" 404 222799 "-" "-"
13.94.95.64 - - [21/Aug/2024:11:43:51 +0000] "GET /chosen.php HTTP/1.1" 404 222670 "-" "-"
13.94.95.64 - - [21/Aug/2024:11:43:52 +0000] "GET /simple.php HTTP/1.1" 404 222671 "-" "-"
13.94.95.64 - - [21/Aug/2024:11:43:38 +0000] "GET /shell.php HTTP/1.1" 404 222668 "-" "-"
13.94.95.64 - - [21/Aug/2024:11:43:39 +0000] "GET /ws.php HTTP/1.1" 404 222657 "-" "-"
13.94.95.64 - - [21/Aug/2024:11:43:40 +0000] "GET /dropdown.php HTTP/1.1" 404 222682 "-" "-"
13.94.95.64 - - [21/Aug/2024:11:43:41 +0000] "GET /makeasmtp.php HTTP/1.1" 404 222685 "-" "-"
13.94.95.64 - - [21/Aug/2024:11:43:42 +0000] "GET /wp-sigunq.php HTTP/1.1" 404 222684 "-" "-"
13.94.95.64 - - [21/Aug/2024:11:43:43 +0000] "GET /wso112233.php HTTP/1.1" 404 222687 "-" "-"
13.94.95.64 - - [21/Aug/2024:11:43:45 +0000] "GET /alfanew.php HTTP/1.1" 404 222679 "-" "-"
13.94.95.64 - - [21/Aug/2024:11:43:46 +0000] "GET /fw.php HTTP/1.1" 404 222658 "-" "-"
13.94.95.64 - - [21/Aug/2024:11:43:47 +0000] "GET /install.php HTTP/1.1" 404 222675 "-" "-"
13.94.95.64 - - [21/Aug/2024:11:43:48 +0000] "GET /wp-login.php HTTP/1.1" 302 0 "-" "-"
88.135.68.7 - - [21/Aug/2024:12:15:05 +0000] "GET /.well-known/acme-challenge/EYECHYM6ZKCJPF8GW-K_6H-LHT40LQOF HTTP/1.1" 404 1238 "-" "Cpanel-HTTP-Client/1.0"
88.135.68.7 - - [21/Aug/2024:12:15:05 +0000] "GET /.well-known/acme-challenge/QM7_-OT1Q_75J-3ZZD0SZC2SKLHFAOPP HTTP/1.1" 404 1238 "-" "Cpanel-HTTP-Client/1.0"
88.135.68.7 - - [21/Aug/2024:12:15:05 +0000] "GET /.well-known/acme-challenge/EEW74WWH-S4J0ITKK9U7J6E295EFGVEF HTTP/1.1" 404 1238 "-" "Cpanel-HTTP-Client/1.0"
88.135.68.7 - - [21/Aug/2024:15:08:50 +0000] "GET /.well-known/acme-challenge/NS5TWV7VVKBM-O9_T9SM3OFXL-PX-27W HTTP/1.1" 404 1238 "-" "Cpanel-HTTP-Client/1.0"
88.135.68.7 - - [21/Aug/2024:15:08:50 +0000] "GET /.well-known/acme-challenge/Y51-RFZEJV2KOI53SY1YL3EN42QOEQE- HTTP/1.1" 404 1238 "-" "Cpanel-HTTP-Client/1.0"
45.139.11.127 - - [21/Aug/2024:15:23:43 +0000] "POST /wp-cron.php?doing_wp_cron=1724253823.1057200431823730468750 HTTP/1.1" 200 0 "-" "WordPress/6.6.1; https://drrikhtehgaran.com"
88.135.68.7 - - [21/Aug/2024:15:08:50 +0000] "GET /.well-known/acme-challenge/PTTW-1J8N4R6FI_ARFQD9P_IZL1HS4ZQ HTTP/1.1" 404 1238 "-" "Cpanel-HTTP-Client/1.0"
35.88.6.3 - - [21/Aug/2024:15:23:42 +0000] "GET /robots.txt HTTP/1.1" 200 129 "-" "Mozilla/5.0 (compatible; wpbot/1.1; +https://forms.gle/ajBaxygz9jSR8p8G9)"
35.88.6.3 - - [21/Aug/2024:15:23:43 +0000] "GET / HTTP/1.1" 301 0 "-" "Mozilla/5.0 (compatible; wpbot/1.1; +https://forms.gle/ajBaxygz9jSR8p8G9)"
62.210.124.101 - - [21/Aug/2024:16:03:05 +0000] "POST /xmlrpc.php HTTP/1.1" 503 7452 "http://drrikhtehgaran.com" "Mozilla/5.0 (Windows NT 11.0; Win64; x64; rv:126.0) Gecko/20100101 Firefox/126.0"
45.139.11.127 - - [21/Aug/2024:16:03:09 +0000] "POST /wp-cron.php?doing_wp_cron=1724256189.9721870422363281250000 HTTP/1.1" 200 0 "-" "WordPress/6.6.1; https://drrikhtehgaran.com"
62.210.124.101 - - [21/Aug/2024:16:03:11 +0000] "POST /wp-login.php HTTP/1.1" 503 8091 "http://drrikhtehgaran.com" "Mozilla/5.0 (Windows NT 10.0; Win64; x64; rv:128.0) Gecko/20100101 Firefox/128.0"
188.225.60.227 - - [21/Aug/2024:16:26:54 +0000] "GET / HTTP/1.1" 301 0 "-" "Mozilla/5.0 (Macintosh; Intel Mac OS X 10_15_7) AppleWebKit/537.36 (KHTML, like Gecko) Chrome/104.0.5112.79 Safari/537.36"
45.139.11.127 - - [21/Aug/2024:16:26:56 +0000] "POST /wp-cron.php?doing_wp_cron=1724257616.8794391155242919921875 HTTP/1.1" 200 0 "-" "WordPress/6.6.1; https://drrikhtehgaran.com"
88.135.68.7 - - [21/Aug/2024:18:09:17 +0000] "GET /.well-known/acme-challenge/46VB8A6SY2IVE4KTLNGXVQVE6MO7SJCG HTTP/1.1" 404 1238 "-" "Cpanel-HTTP-Client/1.0"
88.135.68.7 - - [21/Aug/2024:18:09:17 +0000] "GET /.well-known/acme-challenge/DIKPM21AMFPUP2EE7IF-DEM8L9GPY1AC HTTP/1.1" 404 1238 "-" "Cpanel-HTTP-Client/1.0"
88.135.68.7 - - [21/Aug/2024:18:09:17 +0000] "GET /.well-known/acme-challenge/KZX00HEX0NDAUW94GM7XTAJXG-16VCVC HTTP/1.1" 404 1238 "-" "Cpanel-HTTP-Client/1.0"
45.139.11.127 - - [21/Aug/2024:18:43:12 +0000] "POST /wp-cron.php?doing_wp_cron=1724265792.8325030803680419921875 HTTP/1.1" 200 0 "-" "WordPress/6.6.1; https://drrikhtehgaran.com"
209.97.136.178 - - [21/Aug/2024:18:43:02 +0000] "GET / HTTP/1.1" 301 0 "-" "Mozilla/5.0 (Windows NT 10.0; Win64; x64) AppleWebKit/537.36 (KHTML, like Gecko) Chrome/126.0.0.0 Safari/537.36"
194.38.20.13 - - [21/Aug/2024:19:03:13 +0000] "GET /js/elfinder/php/connector.minimal.php HTTP/1.1" 403 17008 "-" "ALittle Client"
62.146.171.170 - - [21/Aug/2024:20:19:29 +0000] "GET / HTTP/1.1" 301 0 "-" "python-requests/2.32.3"
45.139.11.127 - - [21/Aug/2024:20:19:30 +0000] "POST /wp-cron.php?doing_wp_cron=1724271570.6199009418487548828125 HTTP/1.1" 200 0 "-" "WordPress/6.6.1; https://drrikhtehgaran.com"
45.139.11.127 - - [21/Aug/2024:20:52:38 +0000] "POST /wp-cron.php?doing_wp_cron=1724273558.9374020099639892578125 HTTP/1.1" 200 0 "-" "WordPress/6.6.1; https://drrikhtehgaran.com"
54.217.83.13 - - [21/Aug/2024:20:52:38 +0000] "GET / HTTP/1.1" 301 0 "-" "Mozilla/5.0 (X11; Ubuntu; Linux x86_64; rv:21.0) Gecko/20130331 Firefox/21.0"
35.94.206.145 - - [21/Aug/2024:21:08:38 +0000] "GET /robots.txt HTTP/1.1" 301 0 "-" "Mozilla/5.0 (compatible; wpbot/1.1; +https://forms.gle/ajBaxygz9jSR8p8G9)"
35.94.206.145 - - [21/Aug/2024:21:08:39 +0000] "GET /robots.txt HTTP/1.1" 200 129 "-" "Mozilla/5.0 (compatible; wpbot/1.1; +https://forms.gle/ajBaxygz9jSR8p8G9)"
35.94.206.145 - - [21/Aug/2024:21:08:40 +0000] "GET / HTTP/1.1" 301 0 "-" "Mozilla/5.0 (compatible; wpbot/1.1; +https://forms.gle/ajBaxygz9jSR8p8G9)"
88.135.68.7 - - [21/Aug/2024:21:14:19 +0000] "GET /.well-known/acme-challenge/NRHJHFCGWKBH65SXKOVGC4J6ISGCDABK HTTP/1.1" 404 1238 "-" "Cpanel-HTTP-Client/1.0"
88.135.68.7 - - [21/Aug/2024:21:14:19 +0000] "GET /.well-known/acme-challenge/RF6-I0RGHZQZ4EUV2VX6RAD89BBFG1GT HTTP/1.1" 404 1238 "-" "Cpanel-HTTP-Client/1.0"
88.135.68.7 - - [21/Aug/2024:21:14:19 +0000] "GET /.well-known/acme-challenge/U9WNKE8GLXDJCN5SGML8K67SYG6HEXFX HTTP/1.1" 404 1238 "-" "Cpanel-HTTP-Client/1.0"
45.139.11.127 - - [21/Aug/2024:21:18:18 +0000] "POST /wp-cron.php?doing_wp_cron=1724275098.2710020542144775390625 HTTP/1.1" 200 0 "-" "WordPress/6.6.1; https://drrikhtehgaran.com"
213.148.25.178 - - [21/Aug/2024:21:22:17 +0000] "GET /?author=11 HTTP/1.1" 404 65536 "-" "Mozilla/5.0 (Windows NT 10.0; Win64; x64) AppleWebKit/537.36 (KHTML, like Gecko) Chrome/74.0.3729.157 Safari/537.36"
213.148.25.178 - - [21/Aug/2024:21:22:21 +0000] "GET /?author=14 HTTP/1.1" 404 65536 "-" "Mozilla/5.0 (Windows NT 10.0; Win64; x64) AppleWebKit/537.36 (KHTML, like Gecko) Chrome/74.0.3729.157 Safari/537.36"
103.159.84.241 - - [21/Aug/2024:21:22:27 +0000] "GET /?author=8 HTTP/1.1" 404 65536 "-" "Mozilla/5.0 (X11; Linux x86_64) AppleWebKit/537.36 (KHTML, like Gecko) Chrome/44.0.2403.157 Safari/537.36"
103.73.163.136 - - [21/Aug/2024:21:22:43 +0000] "GET /?author=33 HTTP/1.1" 404 65536 "-" "Mozilla/5.0 (Windows NT 5.1; rv:40.0) Gecko/20100101 Firefox/40.0"
103.73.163.136 - - [21/Aug/2024:21:22:54 +0000] "GET /?author=40 HTTP/1.1" 404 65536 "-" "Mozilla/5.0 (Windows NT 5.1; rv:40.0) Gecko/20100101 Firefox/40.0"
154.26.137.162 - - [21/Aug/2024:21:22:56 +0000] "GET /?author=49 HTTP/1.1" 404 65536 "-" "Mozilla/5.0 (Linux; Android 10; SM-N960U) AppleWebKit/537.36 (KHTML, like Gecko) Chrome/91.0.4472.114 Mobile Safari/537.36"
45.139.11.127 - - [21/Aug/2024:21:22:16 +0000] "POST /wp-cron.php?doing_wp_cron=1724275335.9336900711059570312500 HTTP/1.1" 200 0 "-" "WordPress/6.6.1; https://drrikhtehgaran.com"
8.219.232.173 - - [21/Aug/2024:21:22:14 +0000] "GET /?author=21 HTTP/1.1" 404 131072 "-" "Mozilla/5.0 (Windows NT 10.0; Win64; x64; rv:67.0) Gecko/20100101 Firefox/67.0"
213.148.25.178 - - [21/Aug/2024:21:22:22 +0000] "GET /?author=15 HTTP/1.1" 404 131072 "-" "Mozilla/5.0 (Windows NT 10.0; Win64; x64) AppleWebKit/537.36 (KHTML, like Gecko) Chrome/74.0.3729.157 Safari/537.36"
8.219.232.173 - - [21/Aug/2024:21:22:22 +0000] "GET /?author=25 HTTP/1.1" 404 131072 "-" "Mozilla/5.0 (Windows NT 10.0; Win64; x64; rv:67.0) Gecko/20100101 Firefox/67.0"
103.73.163.136 - - [21/Aug/2024:21:22:46 +0000] "GET /?author=35 HTTP/1.1" 404 65536 "-" "Mozilla/5.0 (Windows NT 5.1; rv:40.0) Gecko/20100101 Firefox/40.0"
154.26.137.162 - - [21/Aug/2024:21:22:58 +0000] "GET /?author=50 HTTP/1.1" 404 131072 "-" "Mozilla/5.0 (Linux; Android 10; SM-N960U) AppleWebKit/537.36 (KHTML, like Gecko) Chrome/91.0.4472.114 Mobile Safari/537.36"
103.159.84.241 - - [21/Aug/2024:21:22:17 +0000] "GET /?author=1 HTTP/1.1" 404 131072 "-" "Mozilla/5.0 (X11; Linux x86_64) AppleWebKit/537.36 (KHTML, like Gecko) Chrome/44.0.2403.157 Safari/537.36"
103.159.84.241 - - [21/Aug/2024:21:22:22 +0000] "GET /?author=4 HTTP/1.1" 404 131072 "-" "Mozilla/5.0 (X11; Linux x86_64) AppleWebKit/537.36 (KHTML, like Gecko) Chrome/44.0.2403.157 Safari/537.36"
8.219.232.173 - - [21/Aug/2024:21:22:28 +0000] "GET /?author=29 HTTP/1.1" 404 131072 "-" "Mozilla/5.0 (Windows NT 10.0; Win64; x64; rv:67.0) Gecko/20100101 Firefox/67.0"
103.159.84.241 - - [21/Aug/2024:21:22:28 +0000] "GET /?author=9 HTTP/1.1" 404 65536 "-" "Mozilla/5.0 (X11; Linux x86_64) AppleWebKit/537.36 (KHTML, like Gecko) Chrome/44.0.2403.157 Safari/537.36"
154.26.137.162 - - [21/Aug/2024:21:22:54 +0000] "GET /?author=48 HTTP/1.1" 404 131072 "-" "Mozilla/5.0 (Linux; Android 10; SM-N960U) AppleWebKit/537.36 (KHTML, like Gecko) Chrome/91.0.4472.114 Mobile Safari/537.36"
120.71.59.24 - - [21/Aug/2024:21:18:13 +0000] "GET / HTTP/1.1" 301 0 "-" "Mozilla/5.0 (iPhone; CPU iPhone OS 13_2_3 like Mac OS X) AppleWebKit/605.1.15 (KHTML, like Gecko) Version/13.0.3 Mobile/15E148 Safari/604.1"
8.219.232.173 - - [21/Aug/2024:21:22:17 +0000] "GET /?author=21 HTTP/1.1" 404 131072 "-" "Mozilla/5.0 (Windows NT 10.0; Win64; x64; rv:67.0) Gecko/20100101 Firefox/67.0"
103.159.84.241 - - [21/Aug/2024:21:22:19 +0000] "GET /?author=2 HTTP/1.1" 404 131072 "-" "Mozilla/5.0 (X11; Linux x86_64) AppleWebKit/537.36 (KHTML, like Gecko) Chrome/44.0.2403.157 Safari/537.36"
103.159.84.241 - - [21/Aug/2024:21:22:21 +0000] "GET /?author=3 HTTP/1.1" 404 131072 "-" "Mozilla/5.0 (X11; Linux x86_64) AppleWebKit/537.36 (KHTML, like Gecko) Chrome/44.0.2403.157 Safari/537.36"
213.148.25.178 - - [21/Aug/2024:21:22:24 +0000] "GET /?author=17 HTTP/1.1" 404 65536 "-" "Mozilla/5.0 (Windows NT 10.0; Win64; x64) AppleWebKit/537.36 (KHTML, like Gecko) Chrome/74.0.3729.157 Safari/537.36"
213.148.25.178 - - [21/Aug/2024:21:22:27 +0000] "GET /?author=20 HTTP/1.1" 404 65536 "-" "Mozilla/5.0 (Windows NT 10.0; Win64; x64) AppleWebKit/537.36 (KHTML, like Gecko) Chrome/74.0.3729.157 Safari/537.36"
8.219.232.173 - - [21/Aug/2024:21:22:29 +0000] "GET /?author=30 HTTP/1.1" 404 65536 "-" "Mozilla/5.0 (Windows NT 10.0; Win64; x64; rv:67.0) Gecko/20100101 Firefox/67.0"
154.26.137.162 - - [21/Aug/2024:21:22:36 +0000] "GET /?author=41 HTTP/1.1" 404 131072 "-" "Mozilla/5.0 (Linux; Android 10; SM-N960U) AppleWebKit/537.36 (KHTML, like Gecko) Chrome/91.0.4472.114 Mobile Safari/537.36"
154.26.137.162 - - [21/Aug/2024:21:22:41 +0000] "GET /?author=42 HTTP/1.1" 404 131072 "-" "Mozilla/5.0 (Linux; Android 10; SM-N960U) AppleWebKit/537.36 (KHTML, like Gecko) Chrome/91.0.4472.114 Mobile Safari/537.36"
45.139.11.127 - - [21/Aug/2024:21:22:16 +0000] "POST /wp-cron.php?doing_wp_cron=1724275335.9337110519409179687500 HTTP/1.1" 200 0 "-" "WordPress/6.6.1; https://drrikhtehgaran.com"
213.148.25.178 - - [21/Aug/2024:21:22:12 +0000] "GET /?author=11 HTTP/1.1" 404 65536 "-" "Mozilla/5.0 (Windows NT 10.0; Win64; x64) AppleWebKit/537.36 (KHTML, like Gecko) Chrome/74.0.3729.157 Safari/537.36"
8.219.232.173 - - [21/Aug/2024:21:22:21 +0000] "GET /?author=24 HTTP/1.1" 404 131072 "-" "Mozilla/5.0 (Windows NT 10.0; Win64; x64; rv:67.0) Gecko/20100101 Firefox/67.0"
8.219.232.173 - - [21/Aug/2024:21:22:23 +0000] "GET /?author=26 HTTP/1.1" 404 65536 "-" "Mozilla/5.0 (Windows NT 10.0; Win64; x64; rv:67.0) Gecko/20100101 Firefox/67.0"
213.148.25.178 - - [21/Aug/2024:21:22:26 +0000] "GET /?author=19 HTTP/1.1" 404 65536 "-" "Mozilla/5.0 (Windows NT 10.0; Win64; x64) AppleWebKit/537.36 (KHTML, like Gecko) Chrome/74.0.3729.157 Safari/537.36"
103.73.163.136 - - [21/Aug/2024:21:22:42 +0000] "GET /?author=32 HTTP/1.1" 404 65536 "-" "Mozilla/5.0 (Windows NT 5.1; rv:40.0) Gecko/20100101 Firefox/40.0"
154.26.137.162 - - [21/Aug/2024:21:22:45 +0000] "GET /?author=44 HTTP/1.1" 404 131072 "-" "Mozilla/5.0 (Linux; Android 10; SM-N960U) AppleWebKit/537.36 (KHTML, like Gecko) Chrome/91.0.4472.114 Mobile Safari/537.36"
103.73.163.136 - - [21/Aug/2024:21:22:45 +0000] "GET /?author=34 HTTP/1.1" 404 65536 "-" "Mozilla/5.0 (Windows NT 5.1; rv:40.0) Gecko/20100101 Firefox/40.0"
103.73.163.136 - - [21/Aug/2024:21:22:48 +0000] "GET /?author=36 HTTP/1.1" 404 65536 "-" "Mozilla/5.0 (Windows NT 5.1; rv:40.0) Gecko/20100101 Firefox/40.0"
154.26.137.162 - - [21/Aug/2024:21:22:51 +0000] "GET /?author=47 HTTP/1.1" 404 131072 "-" "Mozilla/5.0 (Linux; Android 10; SM-N960U) AppleWebKit/537.36 (KHTML, like Gecko) Chrome/91.0.4472.114 Mobile Safari/537.36"
213.148.25.178 - - [21/Aug/2024:21:22:23 +0000] "GET /?author=16 HTTP/1.1" 404 131072 "-" "Mozilla/5.0 (Windows NT 10.0; Win64; x64) AppleWebKit/537.36 (KHTML, like Gecko) Chrome/74.0.3729.157 Safari/537.36"
103.159.84.241 - - [21/Aug/2024:21:22:25 +0000] "GET /?author=6 HTTP/1.1" 404 65536 "-" "Mozilla/5.0 (X11; Linux x86_64) AppleWebKit/537.36 (KHTML, like Gecko) Chrome/44.0.2403.157 Safari/537.36"
8.219.232.173 - - [21/Aug/2024:21:22:24 +0000] "GET /?author=27 HTTP/1.1" 404 131072 "-" "Mozilla/5.0 (Windows NT 10.0; Win64; x64; rv:67.0) Gecko/20100101 Firefox/67.0"
103.159.84.241 - - [21/Aug/2024:21:22:29 +0000] "GET /?author=10 HTTP/1.1" 404 131072 "-" "Mozilla/5.0 (X11; Linux x86_64) AppleWebKit/537.36 (KHTML, like Gecko) Chrome/44.0.2403.157 Safari/537.36"
103.73.163.136 - - [21/Aug/2024:21:22:39 +0000] "GET /?author=31 HTTP/1.1" 404 65536 "-" "Mozilla/5.0 (Windows NT 5.1; rv:40.0) Gecko/20100101 Firefox/40.0"
154.26.137.162 - - [21/Aug/2024:21:22:47 +0000] "GET /?author=45 HTTP/1.1" 404 131072 "-" "Mozilla/5.0 (Linux; Android 10; SM-N960U) AppleWebKit/537.36 (KHTML, like Gecko) Chrome/91.0.4472.114 Mobile Safari/537.36"
103.73.163.136 - - [21/Aug/2024:21:22:51 +0000] "GET /?author=38 HTTP/1.1" 404 65536 "-" "Mozilla/5.0 (Windows NT 5.1; rv:40.0) Gecko/20100101 Firefox/40.0"
213.148.25.178 - - [21/Aug/2024:21:22:18 +0000] "GET /?author=12 HTTP/1.1" 404 65536 "-" "Mozilla/5.0 (Windows NT 10.0; Win64; x64) AppleWebKit/537.36 (KHTML, like Gecko) Chrome/74.0.3729.157 Safari/537.36"
213.148.25.178 - - [21/Aug/2024:21:22:19 +0000] "GET /?author=13 HTTP/1.1" 404 65536 "-" "Mozilla/5.0 (Windows NT 10.0; Win64; x64) AppleWebKit/537.36 (KHTML, like Gecko) Chrome/74.0.3729.157 Safari/537.36"
103.159.84.241 - - [21/Aug/2024:21:22:23 +0000] "GET /?author=5 HTTP/1.1" 404 65536 "-" "Mozilla/5.0 (X11; Linux x86_64) AppleWebKit/537.36 (KHTML, like Gecko) Chrome/44.0.2403.157 Safari/537.36"
8.219.232.173 - - [21/Aug/2024:21:22:26 +0000] "GET /?author=28 HTTP/1.1" 404 131072 "-" "Mozilla/5.0 (Windows NT 10.0; Win64; x64; rv:67.0) Gecko/20100101 Firefox/67.0"
103.73.163.136 - - [21/Aug/2024:21:22:40 +0000] "GET /?author=31 HTTP/1.1" 404 65536 "-" "Mozilla/5.0 (Windows NT 5.1; rv:40.0) Gecko/20100101 Firefox/40.0"
154.26.137.162 - - [21/Aug/2024:21:22:43 +0000] "GET /?author=43 HTTP/1.1" 404 131072 "-" "Mozilla/5.0 (Linux; Android 10; SM-N960U) AppleWebKit/537.36 (KHTML, like Gecko) Chrome/91.0.4472.114 Mobile Safari/537.36"
103.73.163.136 - - [21/Aug/2024:21:22:50 +0000] "GET /?author=37 HTTP/1.1" 404 65536 "-" "Mozilla/5.0 (Windows NT 5.1; rv:40.0) Gecko/20100101 Firefox/40.0"
103.73.163.136 - - [21/Aug/2024:21:22:52 +0000] "GET /?author=39 HTTP/1.1" 404 65536 "-" "Mozilla/5.0 (Windows NT 5.1; rv:40.0) Gecko/20100101 Firefox/40.0"
103.159.84.241 - - [21/Aug/2024:21:22:13 +0000] "GET /?author=1 HTTP/1.1" 404 65536 "-" "Mozilla/5.0 (X11; Linux x86_64) AppleWebKit/537.36 (KHTML, like Gecko) Chrome/44.0.2403.157 Safari/537.36"
8.219.232.173 - - [21/Aug/2024:21:22:20 +0000] "GET /?author=23 HTTP/1.1" 404 131072 "-" "Mozilla/5.0 (Windows NT 10.0; Win64; x64; rv:67.0) Gecko/20100101 Firefox/67.0"
213.148.25.178 - - [21/Aug/2024:21:22:25 +0000] "GET /?author=18 HTTP/1.1" 404 65536 "-" "Mozilla/5.0 (Windows NT 10.0; Win64; x64) AppleWebKit/537.36 (KHTML, like Gecko) Chrome/74.0.3729.157 Safari/537.36"
103.159.84.241 - - [21/Aug/2024:21:22:26 +0000] "GET /?author=7 HTTP/1.1" 404 131072 "-" "Mozilla/5.0 (X11; Linux x86_64) AppleWebKit/537.36 (KHTML, like Gecko) Chrome/44.0.2403.157 Safari/537.36"
154.26.137.162 - - [21/Aug/2024:21:22:38 +0000] "GET /?author=41 HTTP/1.1" 404 131072 "-" "Mozilla/5.0 (Linux; Android 10; SM-N960U) AppleWebKit/537.36 (KHTML, like Gecko) Chrome/91.0.4472.114 Mobile Safari/537.36"
45.139.11.127 - - [21/Aug/2024:21:22:41 +0000] "POST /wp-cron.php?doing_wp_cron=1724275361.1457879543304443359375 HTTP/1.1" 200 0 "-" "WordPress/6.6.1; https://drrikhtehgaran.com"
154.26.137.162 - - [21/Aug/2024:21:22:49 +0000] "GET /?author=46 HTTP/1.1" 404 131072 "-" "Mozilla/5.0 (Linux; Android 10; SM-N960U) AppleWebKit/537.36 (KHTML, like Gecko) Chrome/91.0.4472.114 Mobile Safari/537.36"
45.139.11.127 - - [21/Aug/2024:21:53:49 +0000] "POST /wp-cron.php?doing_wp_cron=1724277229.4271030426025390625000 HTTP/1.1" 200 0 "-" "WordPress/6.6.1; https://drrikhtehgaran.com"
20.191.45.212 - - [21/Aug/2024:21:53:47 +0000] "GET / HTTP/1.1" 301 0 "http://drrikhtehgaran.com/" "DuckDuckBot/1.1; (+http://duckduckgo.com/duckduckbot.html)"
45.139.11.127 - - [21/Aug/2024:22:08:52 +0000] "POST /wp-cron.php?doing_wp_cron=1724278132.6069970130920410156250 HTTP/1.1" 200 0 "-" "WordPress/6.6.1; https://drrikhtehgaran.com"
62.210.124.101 - - [21/Aug/2024:22:08:48 +0000] "POST /xmlrpc.php HTTP/1.1" 503 8356 "http://drrikhtehgaran.com" "Mozilla/5.0 (Windows NT 10.0; Win64; x64; rv:125.0.1) Gecko/20100101 Firefox/125.0.1"
62.210.124.101 - - [21/Aug/2024:22:08:54 +0000] "POST /wp-login.php HTTP/1.1" 503 7121 "http://drrikhtehgaran.com" "Mozilla/5.0 (Macintosh; Intel Mac OS X 10_15_7) AppleWebKit/537.36 (KHTML, like Gecko) Chrome/115.0.5790.102 Safari/537.36"
45.139.11.127 - - [21/Aug/2024:22:33:19 +0000] "POST /wp-cron.php?doing_wp_cron=1724279599.4861791133880615234375 HTTP/1.1" 200 0 "-" "WordPress/6.6.1; https://drrikhtehgaran.com"
188.165.87.109 - - [21/Aug/2024:22:33:17 +0000] "GET / HTTP/1.1" 301 0 "-" "Mozilla/5.0 (X11; Ubuntu; Linux x86_64; rv:109.0) Gecko/20100101 Firefox/115.0"
45.139.11.127 - - [21/Aug/2024:22:34:31 +0000] "POST /wp-cron.php?doing_wp_cron=1724279671.8125131130218505859375 HTTP/1.1" 200 0 "-" "WordPress/6.6.1; https://drrikhtehgaran.com"
3.236.197.205 - - [21/Aug/2024:22:31:30 +0000] "GET / HTTP/1.1" 301 0 "-" "Mozilla/5.0 (Windows; U; Windows NT 6.1; en-US) AppleWebKit/533.20.25 (KHTML, like Gecko) Version/5.0.4 Safari/533.20.27"
45.139.11.127 - - [21/Aug/2024:22:31:32 +0000] "POST /wp-cron.php?doing_wp_cron=1724279492.6653149127960205078125 HTTP/1.1" 200 0 "-" "WordPress/6.6.1; https://drrikhtehgaran.com"
188.165.87.110 - - [21/Aug/2024:22:34:31 +0000] "GET / HTTP/1.1" 301 0 "-" "Mozilla/5.0 (X11; Ubuntu; Linux x86_64; rv:109.0) Gecko/20100101 Firefox/115.0"
45.139.11.127 - - [21/Aug/2024:22:27:07 +0000] "POST /wp-cron.php?doing_wp_cron=1724279227.4729568958282470703125 HTTP/1.1" 200 0 "-" "WordPress/6.6.1; https://drrikhtehgaran.com"
188.165.87.103 - - [21/Aug/2024:22:27:06 +0000] "GET / HTTP/1.1" 301 0 "-" "Mozilla/5.0 (X11; Ubuntu; Linux x86_64; rv:109.0) Gecko/20100101 Firefox/115.0"
5.133.192.175 - - [21/Aug/2024:22:56:39 +0000] "GET / HTTP/1.1" 301 0 "-" "Mozilla/5.0 (iPhone; CPU iPhone OS 17_3_1 like Mac OS X) AppleWebKit/605.1.15 (KHTML, like Gecko) Version/17.3.1 Mobile/15E148 Safari/604"
192.36.24.172 - - [21/Aug/2024:22:56:36 +0000] "GET /robots.txt HTTP/1.1" 200 129 "-" "Mozilla/5.0 (iPhone; CPU iPhone OS 17_3_1 like Mac OS X) AppleWebKit/605.1.15 (KHTML, like Gecko) Version/17.3.1 Mobile/15E148 Safari/604"
195.3.223.154 - - [21/Aug/2024:22:57:30 +0000] "GET /wp-includes/ HTTP/1.1" 404 1238 "-" "Mozlila/5.0 (Linux; Android 7.0; SM-G892A Bulid/NRD90M; wv) AppleWebKit/537.36 (KHTML, like Gecko) Version/4.0 Chrome/60.0.3112.107 Moblie Safari/537.36"
45.139.11.127 - - [21/Aug/2024:22:56:39 +0000] "POST /wp-cron.php?doing_wp_cron=1724280999.1799020767211914062500 HTTP/1.1" 200 0 "-" "WordPress/6.6.1; https://drrikhtehgaran.com"
185.94.190.198 - - [21/Aug/2024:23:25:59 +0000] "GET /.env HTTP/1.1" 404 222653 "-" "-"
88.135.68.7 - - [22/Aug/2024:00:09:09 +0000] "GET /.well-known/acme-challenge/H3QC0-4684IEHVPMEL9FWAI7U-TEP7Z2 HTTP/1.1" 404 1238 "-" "Cpanel-HTTP-Client/1.0"
88.135.68.7 - - [22/Aug/2024:00:09:09 +0000] "GET /.well-known/acme-challenge/FIRJQYMS67I8HQQNXZQBQTICLNY4CPDS HTTP/1.1" 404 1238 "-" "Cpanel-HTTP-Client/1.0"
88.135.68.7 - - [22/Aug/2024:00:09:09 +0000] "GET /.well-known/acme-challenge/_M8L33BFVJ21ZKVG_H1L1OJAENKG_9O6 HTTP/1.1" 404 1238 "-" "Cpanel-HTTP-Client/1.0"
45.139.11.127 - - [22/Aug/2024:02:12:16 +0000] "POST /wp-cron.php?doing_wp_cron=1724292736.7278609275817871093750 HTTP/1.1" 200 0 "-" "WordPress/6.6.1; https://drrikhtehgaran.com"
195.154.184.193 - - [22/Aug/2024:02:12:18 +0000] "POST /wp-login.php HTTP/1.1" 503 7117 "http://drrikhtehgaran.com" "Mozilla/5.0 (Macintosh; Intel Mac OS X 10_15_7) AppleWebKit/537.36 (KHTML, like Gecko) Chrome/115.0.5790.102 Safari/537.36"
195.154.184.193 - - [22/Aug/2024:02:12:13 +0000] "POST /xmlrpc.php HTTP/1.1" 503 7431 "http://drrikhtehgaran.com" "Mozilla/5.0 (Macintosh; Intel Mac OS X 10_15_7) AppleWebKit/537.36 (KHTML, like Gecko) Chrome/113.0.5672.93 Safari/537.36"
45.139.11.127 - - [22/Aug/2024:02:52:54 +0000] "POST /wp-cron.php?doing_wp_cron=1724295174.1368260383605957031250 HTTP/1.1" 200 0 "-" "WordPress/6.6.1; https://drrikhtehgaran.com"
154.38.175.65 - - [22/Aug/2024:02:53:03 +0000] "GET /wp-bdd.php?a=c HTTP/1.1" 404 41458 "-" "Mozilla/5.0 (Windows; U; Windows NT 6.1; en-US; rv:1.9.1.5) Gecko/20091102 Firefox/3.5.5 (.NET CLR 3.5.30729)"
154.38.175.65 - - [22/Aug/2024:02:52:58 +0000] "GET /wp-iuu.php?a=c HTTP/1.1" 404 41460 "-" "Mozilla/5.0 (Windows; U; Windows NT 6.1; en-US; rv:1.9.1.5) Gecko/20091102 Firefox/3.5.5 (.NET CLR 3.5.30729)"
154.38.175.65 - - [22/Aug/2024:02:52:51 +0000] "GET /wp-add.php?a=c HTTP/1.1" 404 41453 "-" "Mozilla/5.0 (Windows; U; Windows NT 6.1; en-US; rv:1.9.1.5) Gecko/20091102 Firefox/3.5.5 (.NET CLR 3.5.30729)"
88.135.68.7 - - [22/Aug/2024:03:08:48 +0000] "GET /.well-known/acme-challenge/11Q9D9PHAXL9TZE7F7EBE0SLTI9G-7QH HTTP/1.1" 404 1238 "-" "Cpanel-HTTP-Client/1.0"
88.135.68.7 - - [22/Aug/2024:03:08:48 +0000] "GET /.well-known/acme-challenge/VQ4BIO4AL0I3DMBI7C9WELTQ6CE-RBW9 HTTP/1.1" 404 1238 "-" "Cpanel-HTTP-Client/1.0"
88.135.68.7 - - [22/Aug/2024:03:08:48 +0000] "GET /.well-known/acme-challenge/FT-I8H_5TOIBDDISBIU_AZLKYMYSHI8Y HTTP/1.1" 404 1238 "-" "Cpanel-HTTP-Client/1.0"
45.139.11.127 - - [22/Aug/2024:03:28:58 +0000] "POST /wp-cron.php?doing_wp_cron=1724297338.8715739250183105468750 HTTP/1.1" 200 0 "-" "WordPress/6.6.1; https://drrikhtehgaran.com"
206.168.34.113 - - [22/Aug/2024:03:24:06 +0000] "GET / HTTP/1.1" 301 0 "-" "Mozilla/5.0 (compatible; CensysInspect/1.1; +https://about.censys.io/)"
198.251.73.97 - - [22/Aug/2024:03:28:55 +0000] "GET /robots.txt HTTP/1.1" 200 129 "-" "IonCrawl (https://www.ionos.de/terms-gtc/faq-crawler-en/)"
45.139.11.127 - - [22/Aug/2024:03:24:09 +0000] "POST /wp-cron.php?doing_wp_cron=1724297049.3020648956298828125000 HTTP/1.1" 200 0 "-" "WordPress/6.6.1; https://drrikhtehgaran.com"
45.139.11.127 - - [22/Aug/2024:04:07:16 +0000] "POST /wp-cron.php?doing_wp_cron=1724299636.0523269176483154296875 HTTP/1.1" 200 0 "-" "WordPress/6.6.1; https://drrikhtehgaran.com"
194.5.53.233 - - [22/Aug/2024:04:07:13 +0000] "GET / HTTP/1.1" 301 0 "-" "Mozilla/5.0 (Windows NT 10.0; Win64; x64) AppleWebKit/537.36 (KHTML, like Gecko) Chrome/78.0.3904.108 Safari/537.36"
38.54.59.56 - - [22/Aug/2024:04:16:43 +0000] "GET /wp-content/plugins/wp-ver.php HTTP/1.1" 403 7168 "-" "Mozlila/5.0 (Linux; Android 7.0; SM-G892A Bulid/NRD90M; wv) AppleWebKit/537.36 (KHTML, like Gecko) Version/4.0 Chrome/60.0.3112.107 Moblie Safari/537.36"
38.54.59.56 - - [22/Aug/2024:04:17:01 +0000] "GET /wp-ver.php HTTP/1.1" 403 7162 "-" "Mozlila/5.0 (Linux; Android 7.0; SM-G892A Bulid/NRD90M; wv) AppleWebKit/537.36 (KHTML, like Gecko) Version/4.0 Chrome/60.0.3112.107 Moblie Safari/537.36"
38.54.59.56 - - [22/Aug/2024:04:16:49 +0000] "GET /wp-content/index.php HTTP/1.1" 403 7168 "-" "Mozlila/5.0 (Linux; Android 7.0; SM-G892A Bulid/NRD90M; wv) AppleWebKit/537.36 (KHTML, like Gecko) Version/4.0 Chrome/60.0.3112.107 Moblie Safari/537.36"
45.139.11.127 - - [22/Aug/2024:05:09:08 +0000] "POST /wp-cron.php?doing_wp_cron=1724303348.7534759044647216796875 HTTP/1.1" 200 0 "-" "WordPress/6.6.1; https://drrikhtehgaran.com"
94.247.172.129 - - [22/Aug/2024:05:09:05 +0000] "GET / HTTP/1.1" 301 0 "-" "Mozilla/5.0 (Macintosh; Intel Mac OS X 10_9_2)"
40.69.22.175 - - [22/Aug/2024:05:44:47 +0000] "GET /inputs.php HTTP/1.1" 404 222674 "-" "-"
40.69.22.175 - - [22/Aug/2024:05:44:49 +0000] "GET /classsmtps.php HTTP/1.1" 404 222688 "-" "-"
40.69.22.175 - - [22/Aug/2024:05:44:50 +0000] "GET /wp-blog-header.php HTTP/1.1" 404 0 "-" "-"
40.69.22.175 - - [22/Aug/2024:05:44:50 +0000] "GET /wp-trackback.php HTTP/1.1" 404 172 "-" "-"
40.69.22.175 - - [22/Aug/2024:05:44:50 +0000] "GET /wp-signup.php HTTP/1.1" 302 0 "-" "-"
40.69.22.175 - - [22/Aug/2024:05:44:52 +0000] "GET /wp-comments-post.php HTTP/1.1" 405 0 "-" "-"
40.69.22.175 - - [22/Aug/2024:05:44:52 +0000] "GET /wp-cron.php HTTP/1.1" 200 0 "-" "-"
40.69.22.175 - - [22/Aug/2024:05:44:52 +0000] "GET /wp-22.php HTTP/1.1" 404 222668 "-" "-"
40.69.22.175 - - [22/Aug/2024:05:44:54 +0000] "GET /style.php HTTP/1.1" 404 222669 "-" "-"
40.69.22.175 - - [22/Aug/2024:05:44:55 +0000] "GET /wp-load.php HTTP/1.1" 200 0 "-" "-"
40.69.22.175 - - [22/Aug/2024:05:44:55 +0000] "GET /wp-mail.php HTTP/1.1" 403 2537 "-" "-"
40.69.22.175 - - [22/Aug/2024:05:44:56 +0000] "GET /edit.php HTTP/1.1" 404 222665 "-" "-"
40.69.22.175 - - [22/Aug/2024:05:44:57 +0000] "GET /wp-activate.php HTTP/1.1" 302 0 "-" "-"
40.69.22.175 - - [22/Aug/2024:05:44:58 +0000] "GET /plugins.php HTTP/1.1" 404 222679 "-" "-"
40.69.22.175 - - [22/Aug/2024:05:44:59 +0000] "GET /post.php HTTP/1.1" 404 222668 "-" "-"
40.69.22.175 - - [22/Aug/2024:05:45:01 +0000] "GET /admin.php HTTP/1.1" 404 222670 "-" "-"
40.69.22.175 - - [22/Aug/2024:05:45:02 +0000] "GET /about.php HTTP/1.1" 404 222671 "-" "-"
40.69.22.175 - - [22/Aug/2024:05:45:03 +0000] "GET /wp-2019.php HTTP/1.1" 404 222676 "-" "-"
40.69.22.175 - - [22/Aug/2024:05:45:05 +0000] "GET /atomlib.php HTTP/1.1" 404 222678 "-" "-"
40.69.22.175 - - [22/Aug/2024:05:45:06 +0000] "GET /css.php HTTP/1.1" 404 222659 "-" "-"
40.69.22.175 - - [22/Aug/2024:05:45:07 +0000] "GET /simple.php HTTP/1.1" 404 222670 "-" "-"
40.69.22.175 - - [22/Aug/2024:05:45:08 +0000] "GET /log.php HTTP/1.1" 404 222660 "-" "-"
40.69.22.175 - - [22/Aug/2024:05:45:09 +0000] "GET /index.php HTTP/1.1" 301 0 "-" "-"
40.69.22.175 - - [22/Aug/2024:05:45:11 +0000] "GET /mail.php HTTP/1.1" 404 222666 "-" "-"
40.69.22.175 - - [22/Aug/2024:05:45:12 +0000] "GET /doc.php HTTP/1.1" 404 222661 "-" "-"
40.69.22.175 - - [22/Aug/2024:05:45:13 +0000] "GET /bak.php HTTP/1.1" 404 222660 "-" "-"
40.69.22.175 - - [22/Aug/2024:05:45:15 +0000] "GET /content.php HTTP/1.1" 404 222677 "-" "-"
40.69.22.175 - - [22/Aug/2024:05:45:16 +0000] "GET /upfile.php HTTP/1.1" 404 222674 "-" "-"
40.69.22.175 - - [22/Aug/2024:05:45:17 +0000] "GET /wp.php HTTP/1.1" 404 222660 "-" "-"
40.69.22.175 - - [22/Aug/2024:05:45:18 +0000] "GET /wp-conflg.php HTTP/1.1" 404 222686 "-" "-"
40.69.22.175 - - [22/Aug/2024:05:45:19 +0000] "GET /bypass.php HTTP/1.1" 404 222671 "-" "-"
40.69.22.175 - - [22/Aug/2024:05:45:20 +0000] "GET /404.php HTTP/1.1" 404 222659 "-" "-"
40.69.22.175 - - [22/Aug/2024:05:45:21 +0000] "GET /updates.php HTTP/1.1" 404 222674 "-" "-"
40.69.22.175 - - [22/Aug/2024:05:45:22 +0000] "GET /radio.php HTTP/1.1" 404 222666 "-" "-"
40.69.22.175 - - [22/Aug/2024:05:45:24 +0000] "GET /xmrlpc.php HTTP/1.1" 404 222673 "-" "-"
40.69.22.175 - - [22/Aug/2024:05:45:25 +0000] "GET /ae.php HTTP/1.1" 404 222657 "-" "-"
40.69.22.175 - - [22/Aug/2024:05:45:26 +0000] "GET /moon.php HTTP/1.1" 404 222663 "-" "-"
40.69.22.175 - - [22/Aug/2024:05:45:27 +0000] "GET /blog.php HTTP/1.1" 404 222664 "-" "-"
40.69.22.175 - - [22/Aug/2024:05:45:28 +0000] "GET /themes.php HTTP/1.1" 404 222671 "-" "-"
40.69.22.175 - - [22/Aug/2024:05:45:29 +0000] "GET /ini.php HTTP/1.1" 404 222660 "-" "-"
40.69.22.175 - - [22/Aug/2024:05:45:30 +0000] "GET /as.php HTTP/1.1" 404 222653 "-" "-"
40.69.22.175 - - [22/Aug/2024:05:45:32 +0000] "GET /shell.php HTTP/1.1" 404 222668 "-" "-"
40.69.22.175 - - [22/Aug/2024:05:45:33 +0000] "GET /ws.php HTTP/1.1" 404 222659 "-" "-"
40.69.22.175 - - [22/Aug/2024:05:45:34 +0000] "GET /dropdown.php HTTP/1.1" 404 222678 "-" "-"
40.69.22.175 - - [22/Aug/2024:05:45:35 +0000] "GET /makeasmtp.php HTTP/1.1" 404 222687 "-" "-"
40.69.22.175 - - [22/Aug/2024:05:45:37 +0000] "GET /wp-sigunq.php HTTP/1.1" 404 222687 "-" "-"
40.69.22.175 - - [22/Aug/2024:05:45:38 +0000] "GET /wso112233.php HTTP/1.1" 404 222683 "-" "-"
40.69.22.175 - - [22/Aug/2024:05:45:39 +0000] "GET /alfanew.php HTTP/1.1" 404 222679 "-" "-"
45.139.11.127 - - [22/Aug/2024:05:45:41 +0000] "POST /wp-cron.php?doing_wp_cron=1724305541.1177880764007568359375 HTTP/1.1" 200 0 "-" "WordPress/6.6.1; https://drrikhtehgaran.com"
40.69.22.175 - - [22/Aug/2024:05:45:40 +0000] "GET /fw.php HTTP/1.1" 404 222658 "-" "-"
40.69.22.175 - - [22/Aug/2024:05:45:41 +0000] "GET /install.php HTTP/1.1" 404 222678 "-" "-"
40.69.22.175 - - [22/Aug/2024:05:45:42 +0000] "GET /wp-login.php HTTP/1.1" 302 0 "-" "-"
40.69.22.175 - - [22/Aug/2024:05:45:44 +0000] "GET /wp-contentpluginsgoogle-seo-rankmodule.php HTTP/1.1" 404 222803 "-" "-"
40.69.22.175 - - [22/Aug/2024:05:45:45 +0000] "GET /chosen.php HTTP/1.1" 404 222673 "-" "-"
40.69.22.175 - - [22/Aug/2024:05:45:46 +0000] "GET /simple.php HTTP/1.1" 404 222673 "-" "-"
45.139.11.127 - - [22/Aug/2024:05:44:57 +0000] "POST /wp-cron.php?doing_wp_cron=1724305497.7415699958801269531250 HTTP/1.1" 200 0 "-" "WordPress/6.6.1; https://drrikhtehgaran.com"
45.139.11.127 - - [22/Aug/2024:05:45:18 +0000] "POST /wp-cron.php?doing_wp_cron=1724305518.8484489917755126953125 HTTP/1.1" 200 0 "-" "WordPress/6.6.1; https://drrikhtehgaran.com"
88.135.68.7 - - [22/Aug/2024:06:08:51 +0000] "GET /.well-known/acme-challenge/HC9XFTTWPMGRZ1TPCK8WQ8EGRUB5O9RO HTTP/1.1" 404 1238 "-" "Cpanel-HTTP-Client/1.0"
88.135.68.7 - - [22/Aug/2024:06:08:51 +0000] "GET /.well-known/acme-challenge/LLFC43NCMZGF3L_U3GMSC6SFP4HQW1N5 HTTP/1.1" 404 1238 "-" "Cpanel-HTTP-Client/1.0"
88.135.68.7 - - [22/Aug/2024:06:08:51 +0000] "GET /.well-known/acme-challenge/_YCKZ8A21868ZIZK_XTVA28357YJETSU HTTP/1.1" 404 1238 "-" "Cpanel-HTTP-Client/1.0"
195.154.84.78 - - [22/Aug/2024:06:11:40 +0000] "POST /wp-login.php HTTP/1.1" 503 7116 "http://drrikhtehgaran.com" "Mozilla/5.0 (Windows NT 10.0; Win64; x64) AppleWebKit/537.36 (KHTML, like Gecko) Chrome/113.0.5672.126 Safari/537.36 Edg/113.0.1774.50"
195.154.84.78 - - [22/Aug/2024:06:11:35 +0000] "POST /xmlrpc.php HTTP/1.1" 503 7431 "http://drrikhtehgaran.com" "Mozilla/5.0 (Macintosh; Intel Mac OS X 10_15_7) AppleWebKit/537.36 (KHTML, like Gecko) Chrome/112.0.5615.138 Safari/537.36"
45.139.11.127 - - [22/Aug/2024:06:11:38 +0000] "POST /wp-cron.php?doing_wp_cron=1724307098.7952470779418945312500 HTTP/1.1" 200 0 "-" "WordPress/6.6.1; https://drrikhtehgaran.com"
88.135.68.7 - - [22/Aug/2024:09:09:07 +0000] "GET /.well-known/acme-challenge/CMYDSZEW2RCA1R30OXKDS-AD4FELG7J4 HTTP/1.1" 404 1238 "-" "Cpanel-HTTP-Client/1.0"
88.135.68.7 - - [22/Aug/2024:09:09:07 +0000] "GET /.well-known/acme-challenge/-URGNG51OECKZEAZGME9KVMHZCOQ3-G4 HTTP/1.1" 404 1238 "-" "Cpanel-HTTP-Client/1.0"
88.135.68.7 - - [22/Aug/2024:09:09:07 +0000] "GET /.well-known/acme-challenge/JO0_-C__JRUMGUTRRYUJ0EU0PY-E75GI HTTP/1.1" 404 1238 "-" "Cpanel-HTTP-Client/1.0"
52.164.126.26 - - [22/Aug/2024:09:28:27 +0000] "GET /lv.php HTTP/1.1" 404 222654 "-" "-"
52.164.126.26 - - [22/Aug/2024:09:28:29 +0000] "GET /wp-22.php?sfilename=bdkr28tools.php&sfilecontent=&supfiles= HTTP/1.1" 404 222899 "-" "-"
52.164.126.26 - - [22/Aug/2024:09:28:30 +0000] "GET /wp-content/plugins/pwnd/pwnd.php HTTP/1.1" 404 219831 "-" "-"
52.164.126.26 - - [22/Aug/2024:09:28:31 +0000] "GET /wp-content/plugins/pwnd-1/pwnd.php HTTP/1.1" 404 219841 "-" "-"
52.164.126.26 - - [22/Aug/2024:09:28:32 +0000] "GET /wp-includes/Requests/about.php HTTP/1.1" 404 219821 "-" "-"
52.164.126.26 - - [22/Aug/2024:09:28:33 +0000] "GET /wp-includes/style-engine/about.php HTTP/1.1" 404 219838 "-" "-"
52.164.126.26 - - [22/Aug/2024:09:28:34 +0000] "GET /wp-includes/rest-api/about.php HTTP/1.1" 404 219821 "-" "-"
52.164.126.26 - - [22/Aug/2024:09:28:35 +0000] "GET /wp-includes/SimplePie/about.php HTTP/1.1" 404 219821 "-" "-"
52.164.126.26 - - [22/Aug/2024:09:28:36 +0000] "GET /wp-content/banners/about.php HTTP/1.1" 404 219813 "-" "-"
52.164.126.26 - - [22/Aug/2024:09:28:38 +0000] "GET /wp-content/about.php HTTP/1.1" 404 222713 "-" "-"
52.164.126.26 - - [22/Aug/2024:09:28:39 +0000] "GET /.well-known/about.php HTTP/1.1" 404 222714 "-" "-"
52.164.126.26 - - [22/Aug/2024:09:28:40 +0000] "GET /wp-includes/Text/about.php HTTP/1.1" 404 219807 "-" "-"
52.164.126.26 - - [22/Aug/2024:09:28:41 +0000] "GET /wp-includes/ID3/about.php HTTP/1.1" 404 219800 "-" "-"
52.164.126.26 - - [22/Aug/2024:09:28:42 +0000] "GET /img/about.php HTTP/1.1" 404 222681 "-" "-"
52.164.126.26 - - [22/Aug/2024:09:28:43 +0000] "GET /wp-content/languages/about.php HTTP/1.1" 404 219816 "-" "-"
52.164.126.26 - - [22/Aug/2024:09:28:44 +0000] "GET /wp-includes/customize/about.php HTTP/1.1" 404 219826 "-" "-"
52.164.126.26 - - [22/Aug/2024:09:28:45 +0000] "GET /wp-includes.bak/html-api/about.php HTTP/1.1" 404 219839 "-" "-"
52.164.126.26 - - [22/Aug/2024:09:28:46 +0000] "GET /wp-includes/widgets/about.php HTTP/1.1" 404 219817 "-" "-"
52.164.126.26 - - [22/Aug/2024:09:28:47 +0000] "GET /wp-includes/IXR/about.php HTTP/1.1" 404 219801 "-" "-"
52.164.126.26 - - [22/Aug/2024:09:28:48 +0000] "GET /wp-admin/js/about.php HTTP/1.1" 404 219785 "-" "-"
