45.139.11.127 - - [15/Aug/2024:18:50:55 +0000] "POST /wp-cron.php?doing_wp_cron=1723747855.5158369541168212890625 HTTP/1.1" 200 0 "-" "WordPress/6.6.1; https://drrikhtehgaran.com"
205.169.39.18 - - [15/Aug/2024:18:50:50 +0000] "GET / HTTP/1.1" 301 0 "-" "Mozilla/5.0 (Windows NT 10.0; Win64; x64) AppleWebKit/537.36 (KHTML, like Gecko) Chrome/117.0.5938.132 Safari/537.36"
205.169.39.2 - - [15/Aug/2024:18:50:52 +0000] "GET / HTTP/1.1" 301 0 "-" "Mozilla/5.0 (Windows NT 10.0; Win64; x64) AppleWebKit/537.36 (KHTML, like Gecko) Chrome/117.0.5938.132 Safari/537.36"
5.125.137.79 - - [15/Aug/2024:18:42:08 +0000] "GET / HTTP/1.1" 301 0 "-" "Mozilla/5.0 (Linux; Android 10; K) AppleWebKit/537.36 (KHTML, like Gecko) Chrome/127.0.0.0 Mobile Safari/537.36"
45.139.11.127 - - [15/Aug/2024:18:42:12 +0000] "POST /wp-cron.php?doing_wp_cron=1723747332.9222071170806884765625 HTTP/1.1" 200 0 "-" "WordPress/6.6.1; https://drrikhtehgaran.com"
185.191.77.28 - - [15/Aug/2024:18:58:47 +0000] "GET / HTTP/1.1" 301 0 "-" "Mozilla/5.0 (X11; Linux x86_64) AppleWebKit/537.36 (KHTML, like Gecko) Chrome/86.0.4240.198 Safari/537.36"
45.139.11.127 - - [15/Aug/2024:18:58:55 +0000] "POST /wp-cron.php?doing_wp_cron=1723748335.4993550777435302734375 HTTP/1.1" 200 0 "-" "WordPress/6.6.1; https://drrikhtehgaran.com"
45.139.11.127 - - [15/Aug/2024:18:58:55 +0000] "POST /wp-cron.php?doing_wp_cron=1723748335.4993519783020019531250 HTTP/1.1" 200 0 "-" "WordPress/6.6.1; https://drrikhtehgaran.com"
185.191.77.28 - - [15/Aug/2024:18:58:51 +0000] "GET / HTTP/1.1" 301 0 "-" "Mozilla/5.0 (X11; Linux x86_64) AppleWebKit/537.36 (KHTML, like Gecko) HeadlessChrome/86.0.4240.198 Safari/537.36"
159.223.46.93 - - [15/Aug/2024:19:23:40 +0000] "GET //wp-includes/css/dashicons.min.css HTTP/1.1" 200 35749 "www.google.com" "Mozlila/5.0 (Linux; Android 7.0; SM-G892A Bulid/NRD90M; wv) AppleWebKit/537.36 (KHTML, like Gecko) Version/4.0 Chrome/60.0.3112.107 Moblie Safari/537.36"
159.223.46.93 - - [15/Aug/2024:19:23:41 +0000] "GET //wordpress/wp-includes/css/dashicons.min.css HTTP/1.1" 403 7167 "www.google.com" "Mozlila/5.0 (Linux; Android 7.0; SM-G892A Bulid/NRD90M; wv) AppleWebKit/537.36 (KHTML, like Gecko) Version/4.0 Chrome/60.0.3112.107 Moblie Safari/537.36"
38.60.209.250 - - [15/Aug/2024:19:53:24 +0000] "GET /wp-content/plugins/wp-catcher/index.php HTTP/1.1" 403 7159 "www.google.com" "Mozlila/5.0 (Linux; Android 7.0; SM-G892A Bulid/NRD90M; wv) AppleWebKit/537.36 (KHTML, like Gecko) Version/4.0 Chrome/60.0.3112.107 Moblie Safari/537.36"
205.169.39.11 - - [15/Aug/2024:20:50:43 +0000] "GET / HTTP/1.1" 301 0 "-" "Mozilla/5.0 (Windows NT 10.0) AppleWebKit/537.36 (KHTML, like Gecko) Chrome/106.0.0.0 Safari/537.36"
45.139.11.127 - - [15/Aug/2024:20:50:43 +0000] "POST /wp-cron.php?doing_wp_cron=1723755043.9589869976043701171875 HTTP/1.1" 200 0 "-" "WordPress/6.6.1; https://drrikhtehgaran.com"
88.135.68.7 - - [15/Aug/2024:21:09:10 +0000] "GET /.well-known/acme-challenge/YJG2LICLW4EIEG_OGB-2XMALKC9L8SM2 HTTP/1.1" 404 1238 "-" "Cpanel-HTTP-Client/1.0"
88.135.68.7 - - [15/Aug/2024:21:09:10 +0000] "GET /.well-known/acme-challenge/OGP6B3I9ZX6WKCNMFMQVILL1HMAWEIHB HTTP/1.1" 404 1238 "-" "Cpanel-HTTP-Client/1.0"
88.135.68.7 - - [15/Aug/2024:21:09:10 +0000] "GET /.well-known/acme-challenge/SDNERHMD-AUEF_-3EDDUK-ADSP43KAZY HTTP/1.1" 404 1238 "-" "Cpanel-HTTP-Client/1.0"
45.139.11.127 - - [15/Aug/2024:21:23:07 +0000] "POST /wp-cron.php?doing_wp_cron=1723756987.2665619850158691406250 HTTP/1.1" 200 0 "-" "WordPress/6.6.1; https://drrikhtehgaran.com"
167.172.149.194 - - [15/Aug/2024:21:23:04 +0000] "GET / HTTP/1.1" 301 0 "-" "Mozilla/5.0 (Windows NT 10.0; Win64; x64) AppleWebKit/537.36 (KHTML, like Gecko) Chrome/126.0.0.0 Safari/537.36"
194.163.150.199 - - [15/Aug/2024:22:49:45 +0000] "GET /wp-content/themes/noo-jobmonster/assets/css/noo.css HTTP/1.1" 404 220715 "-" "Mozilla/5.0 (Windows NT 10.0; Win64; x64) AppleWebKit/537.36 (KHTML, like Gecko) Chrome/93.0.4577.82 Safari/537.36"
45.139.11.127 - - [15/Aug/2024:22:49:49 +0000] "POST /wp-cron.php?doing_wp_cron=1723762189.8594839572906494140625 HTTP/1.1" 200 0 "-" "WordPress/6.6.1; https://drrikhtehgaran.com"
88.135.68.7 - - [16/Aug/2024:00:08:50 +0000] "GET /.well-known/acme-challenge/QATUCCCJI2JF3OF33FPC0MMY0MZH4E7I HTTP/1.1" 404 1238 "-" "Cpanel-HTTP-Client/1.0"
88.135.68.7 - - [16/Aug/2024:00:08:50 +0000] "GET /.well-known/acme-challenge/AXA8JC6ZG91JLEML-MEHA3F91LYHAZ3I HTTP/1.1" 404 1238 "-" "Cpanel-HTTP-Client/1.0"
88.135.68.7 - - [16/Aug/2024:00:08:50 +0000] "GET /.well-known/acme-challenge/LQWDO3ZOPW5IX4N05N5CY875TWOOLGQ3 HTTP/1.1" 404 1238 "-" "Cpanel-HTTP-Client/1.0"
198.251.73.39 - - [16/Aug/2024:01:24:41 +0000] "GET /robots.txt HTTP/1.1" 200 129 "-" "IonCrawl (https://www.ionos.de/terms-gtc/faq-crawler-en/)"
154.38.175.68 - - [16/Aug/2024:01:59:23 +0000] "GET /wp-content/plugins/essential-addons-for-elementor-lite/readme.txt HTTP/1.1" 404 41008 "www.google.com" "Mozilla/6.4 (Windows NT 11.1) Gecko/2010102 Firefox/99.0"
45.139.11.127 - - [16/Aug/2024:01:59:36 +0000] "POST /wp-cron.php?doing_wp_cron=1723773576.2360730171203613281250 HTTP/1.1" 200 0 "-" "WordPress/6.6.1; https://drrikhtehgaran.com"
93.119.213.207 - - [16/Aug/2024:02:22:43 +0000] "GET / HTTP/1.1" 301 0 "-" "Mozilla/5.0 (Windows NT 10.0; Win64; x64) AppleWebKit/537.36 (KHTML, like Gecko) Chrome/127.0.0.0 Safari/537.36"
45.139.11.127 - - [16/Aug/2024:02:22:46 +0000] "POST /wp-cron.php?doing_wp_cron=1723774966.9056260585784912109375 HTTP/1.1" 200 0 "-" "WordPress/6.6.1; https://drrikhtehgaran.com"
88.135.68.7 - - [16/Aug/2024:03:09:08 +0000] "GET /.well-known/acme-challenge/3CYMJLAOUUPC04VKJFXK243-WA9DH80N HTTP/1.1" 404 1238 "-" "Cpanel-HTTP-Client/1.0"
88.135.68.7 - - [16/Aug/2024:03:09:08 +0000] "GET /.well-known/acme-challenge/-PNF86SA4Z121IUYMWTR3U4NXDPTJN94 HTTP/1.1" 404 1238 "-" "Cpanel-HTTP-Client/1.0"
88.135.68.7 - - [16/Aug/2024:03:09:08 +0000] "GET /.well-known/acme-challenge/-Z9D6F27BJWHIKLHZ0X7H8PYBLFW796H HTTP/1.1" 404 1238 "-" "Cpanel-HTTP-Client/1.0"
159.223.46.93 - - [16/Aug/2024:04:02:57 +0000] "GET //wp-admin/install.php?step=1 HTTP/1.1" 403 7169 "www.google.com" "Mozlila/5.0 (Linux; Android 7.0; SM-G892A Bulid/NRD90M; wv) AppleWebKit/537.36 (KHTML, like Gecko) Version/4.0 Chrome/60.0.3112.107 Moblie Safari/537.36"
159.223.46.93 - - [16/Aug/2024:04:02:57 +0000] "GET //wordpress/wp-admin/setup-config.php?step=1 HTTP/1.1" 403 7163 "www.google.com" "Mozlila/5.0 (Linux; Android 7.0; SM-G892A Bulid/NRD90M; wv) AppleWebKit/537.36 (KHTML, like Gecko) Version/4.0 Chrome/60.0.3112.107 Moblie Safari/537.36"
159.223.46.93 - - [16/Aug/2024:04:02:58 +0000] "GET //wordpress/wp-admin/install.php?step=1 HTTP/1.1" 403 7169 "www.google.com" "Mozlila/5.0 (Linux; Android 7.0; SM-G892A Bulid/NRD90M; wv) AppleWebKit/537.36 (KHTML, like Gecko) Version/4.0 Chrome/60.0.3112.107 Moblie Safari/537.36"
159.223.46.93 - - [16/Aug/2024:04:02:55 +0000] "GET //wp-admin/setup-config.php?step=1 HTTP/1.1" 403 7169 "www.google.com" "Mozlila/5.0 (Linux; Android 7.0; SM-G892A Bulid/NRD90M; wv) AppleWebKit/537.36 (KHTML, like Gecko) Version/4.0 Chrome/60.0.3112.107 Moblie Safari/537.36"
45.139.11.127 - - [16/Aug/2024:05:02:36 +0000] "POST /wp-cron.php?doing_wp_cron=1723784556.2150719165802001953125 HTTP/1.1" 200 0 "-" "WordPress/6.6.1; https://drrikhtehgaran.com"
43.135.166.178 - - [16/Aug/2024:05:02:29 +0000] "GET / HTTP/1.1" 301 0 "-" "Mozilla/5.0 (iPhone; CPU iPhone OS 13_2_3 like Mac OS X) AppleWebKit/605.1.15 (KHTML, like Gecko) Version/13.0.3 Mobile/15E148 Safari/604.1"
88.135.68.7 - - [16/Aug/2024:06:14:06 +0000] "GET /.well-known/acme-challenge/NPXEGXX3GJBDG2R1QB6XWZQLC5EXPVI7 HTTP/1.1" 404 1238 "-" "Cpanel-HTTP-Client/1.0"
88.135.68.7 - - [16/Aug/2024:06:14:06 +0000] "GET /.well-known/acme-challenge/66GJST8E95VER55OGACA214TD9B7LRNX HTTP/1.1" 404 1238 "-" "Cpanel-HTTP-Client/1.0"
88.135.68.7 - - [16/Aug/2024:06:14:06 +0000] "GET /.well-known/acme-challenge/4_T4-BM_GHD8B6E5TNWTRLNQT6BGC091 HTTP/1.1" 404 1238 "-" "Cpanel-HTTP-Client/1.0"
66.249.66.86 - - [16/Aug/2024:08:43:00 +0000] "GET /robots.txt HTTP/1.1" 200 113 "-" "Mozilla/5.0 (compatible; Googlebot/2.1; +http://www.google.com/bot.html)"
66.249.66.85 - - [16/Aug/2024:08:43:13 +0000] "GET / HTTP/1.1" 301 0 "-" "Mozilla/5.0 (Linux; Android 6.0.1; Nexus 5X Build/MMB29P) AppleWebKit/537.36 (KHTML, like Gecko) Chrome/127.0.6533.119 Mobile Safari/537.36 (compatible; Googlebot/2.1; +http://www.google.com/bot.html)"
45.139.11.127 - - [16/Aug/2024:08:43:12 +0000] "POST /wp-cron.php?doing_wp_cron=1723797792.5550560951232910156250 HTTP/1.1" 200 0 "-" "WordPress/6.6.1; https://drrikhtehgaran.com"
88.135.68.7 - - [16/Aug/2024:09:19:04 +0000] "GET /.well-known/acme-challenge/B87IM3NM3HBH9_TH2-TR9ZWX9KTRDCGC HTTP/1.1" 404 1238 "-" "Cpanel-HTTP-Client/1.0"
88.135.68.7 - - [16/Aug/2024:09:19:04 +0000] "GET /.well-known/acme-challenge/GRHA32R4M-MAJIHG9NLSYUS1-DVR3UB4 HTTP/1.1" 404 1238 "-" "Cpanel-HTTP-Client/1.0"
88.135.68.7 - - [16/Aug/2024:09:19:04 +0000] "GET /.well-known/acme-challenge/HK-_HFP6FL190D6ZDS87U8MBPCPWJ5U3 HTTP/1.1" 404 1238 "-" "Cpanel-HTTP-Client/1.0"
176.53.223.255 - - [16/Aug/2024:10:35:25 +0000] "GET / HTTP/1.1" 301 0 "-" "Mozilla/5.0 (Windows NT 10.0; Win64; x64) AppleWebKit/537.36 (KHTML, like Gecko) Chrome/94.0.4606.61 Safari/537.36"
45.139.11.127 - - [16/Aug/2024:10:35:27 +0000] "POST /wp-cron.php?doing_wp_cron=1723804527.9431259632110595703125 HTTP/1.1" 200 0 "-" "WordPress/6.6.1; https://drrikhtehgaran.com"
45.90.60.34 - - [16/Aug/2024:10:35:18 +0000] "GET / HTTP/1.1" 301 0 "-" "Mozilla/5.0 (Windows NT 10.0; Win64; x64) AppleWebKit/537.36 (KHTML, like Gecko) Chrome/94.0.4606.61 Safari/537.36"
89.104.101.203 - - [16/Aug/2024:10:35:35 +0000] "GET /favicon.ico HTTP/1.1" 404 1238 "-" "Mozilla/5.0 (Windows NT 10.0; Win64; x64) AppleWebKit/537.36 (KHTML, like Gecko) Chrome/94.0.4606.61 Safari/537.36"
45.139.11.127 - - [16/Aug/2024:10:35:27 +0000] "POST /wp-cron.php?doing_wp_cron=1723804527.9432849884033203125000 HTTP/1.1" 200 0 "-" "WordPress/6.6.1; https://drrikhtehgaran.com"
88.135.68.7 - - [16/Aug/2024:12:09:17 +0000] "GET /.well-known/acme-challenge/JRGCMQ1EY556448Q8LAMK9DF8GJ2CILE HTTP/1.1" 404 1238 "-" "Cpanel-HTTP-Client/1.0"
88.135.68.7 - - [16/Aug/2024:12:09:17 +0000] "GET /.well-known/acme-challenge/-RWJKNVW7_DPNJ00PJTBA8BBJ79OEMZA HTTP/1.1" 404 1238 "-" "Cpanel-HTTP-Client/1.0"
88.135.68.7 - - [16/Aug/2024:12:09:17 +0000] "GET /.well-known/acme-challenge/TMXFKCVJ71K2J8Z14OWTVDXAB6ISF1MZ HTTP/1.1" 404 1238 "-" "Cpanel-HTTP-Client/1.0"
45.146.231.225 - - [16/Aug/2024:12:51:08 +0000] "GET / HTTP/1.1" 301 0 "-" "Mozilla/5.0 (Windows NT 10.0; Win64; x64) AppleWebKit/537.36 (KHTML, like Gecko) Chrome/121.0.0.0 Safari/537.36 Edg/121.0.0.0"
88.135.68.7 - - [16/Aug/2024:15:09:24 +0000] "GET /.well-known/acme-challenge/LV2LD4DA1ZL_87ZY6I5M918GVXIX1AI8 HTTP/1.1" 404 1238 "-" "Cpanel-HTTP-Client/1.0"
88.135.68.7 - - [16/Aug/2024:15:09:24 +0000] "GET /.well-known/acme-challenge/AZGA_DMQP3L6VEO4GPW5NBOXFDOLJ8XF HTTP/1.1" 404 1238 "-" "Cpanel-HTTP-Client/1.0"
43.163.3.58 - - [16/Aug/2024:14:56:48 +0000] "GET / HTTP/1.1" 301 0 "-" "Mozilla/5.0 (iPhone; CPU iPhone OS 13_2_3 like Mac OS X) AppleWebKit/605.1.15 (KHTML, like Gecko) Version/13.0.3 Mobile/15E148 Safari/604.1"
88.135.68.7 - - [16/Aug/2024:15:09:24 +0000] "GET /.well-known/acme-challenge/2EB-HM_IRF8NWGGNHL8H0_Y6TS1S3K-Z HTTP/1.1" 404 1238 "-" "Cpanel-HTTP-Client/1.0"
45.139.11.127 - - [16/Aug/2024:14:56:48 +0000] "POST /wp-cron.php?doing_wp_cron=1723820208.6976239681243896484375 HTTP/1.1" 200 0 "-" "WordPress/6.6.1; https://drrikhtehgaran.com"
45.139.11.127 - - [16/Aug/2024:12:51:17 +0000] "POST /wp-cron.php?doing_wp_cron=1723812677.0451400279998779296875 HTTP/1.1" 200 0 "-" "WordPress/6.6.1; https://drrikhtehgaran.com"
45.129.13.34 - - [16/Aug/2024:17:18:08 +0000] "GET / HTTP/1.1" 301 0 "-" "Mozilla/5.0 (Macintosh; Intel Mac OS X 12_5) AppleWebKit/537.36 (KHTML, like Gecko) Chrome/114.0.0.0 Safari/537.36 Edg/114.0.1264.71"
45.139.11.127 - - [16/Aug/2024:17:18:18 +0000] "POST /wp-cron.php?doing_wp_cron=1723828698.3667240142822265625000 HTTP/1.1" 200 0 "-" "WordPress/6.6.1; https://drrikhtehgaran.com"
134.209.146.102 - - [16/Aug/2024:17:28:25 +0000] "GET / HTTP/1.1" 301 0 "-" "Mozilla/5.0 (Windows NT 10.0; Win64; x64) AppleWebKit/537.36 (KHTML, like Gecko) Chrome/88.0.4240.193 Safari/537.36"
45.139.11.127 - - [16/Aug/2024:17:28:37 +0000] "POST /wp-cron.php?doing_wp_cron=1723829317.0780479907989501953125 HTTP/1.1" 200 0 "-" "WordPress/6.6.1; https://drrikhtehgaran.com"
57.129.13.161 - - [16/Aug/2024:17:28:35 +0000] "GET /wp-content/themes/noo-jobmonster/assets/css/noo.css HTTP/1.1" 404 220745 "-" "Mozilla/5.0 (iPhone; CPU iPhone OS 13_3 like Mac OS X) AppleWebKit/605.1.15 (KHTML, like Gecko) Version/13.0.4 Mobile/15E148 Safari/604.1"
88.135.68.7 - - [16/Aug/2024:18:08:54 +0000] "GET /.well-known/acme-challenge/AE1V_814KB5LHLBO-XY3O2R2ANKAJK75 HTTP/1.1" 404 1238 "-" "Cpanel-HTTP-Client/1.0"
88.135.68.7 - - [16/Aug/2024:18:08:54 +0000] "GET /.well-known/acme-challenge/QYS1T9B01FG700SRSQQHSPD_95M3BX8K HTTP/1.1" 404 1238 "-" "Cpanel-HTTP-Client/1.0"
88.135.68.7 - - [16/Aug/2024:18:08:54 +0000] "GET /.well-known/acme-challenge/IULXLWB79TQ6AA4RA23EB2H8A6S85F27 HTTP/1.1" 404 1238 "-" "Cpanel-HTTP-Client/1.0"
88.135.68.7 - - [16/Aug/2024:21:09:02 +0000] "GET /.well-known/acme-challenge/IPBJMU4C0KOU_X_7D27EERWVX42YFFUF HTTP/1.1" 404 1238 "-" "Cpanel-HTTP-Client/1.0"
88.135.68.7 - - [16/Aug/2024:21:09:02 +0000] "GET /.well-known/acme-challenge/7C57GL3KW2RNFVGXH9TDJK8HYA6TPSX6 HTTP/1.1" 404 1238 "-" "Cpanel-HTTP-Client/1.0"
88.135.68.7 - - [16/Aug/2024:21:09:02 +0000] "GET /.well-known/acme-challenge/1MYSOCH_U24CERLG2MKQPEP0WKA429N_ HTTP/1.1" 404 1238 "-" "Cpanel-HTTP-Client/1.0"
51.158.37.210 - - [16/Aug/2024:21:15:49 +0000] "HEAD / HTTP/1.1" 301 0 "-" "curl/7.81.0"
51.158.37.210 - - [16/Aug/2024:21:15:51 +0000] "GET / HTTP/1.1" 301 0 "-" "Mozilla/5.0 (Windows NT 10.0; Win64; x64) AppleWebKit/537.36 (KHTML, like Gecko) Chrome/124.0.0.0 Safari/537.3"
51.158.37.210 - - [16/Aug/2024:21:15:54 +0000] "GET /favicon.ico HTTP/1.1" 404 1238 "-" "Mozilla/5.0 (Windows NT 10.0; Win64; x64) AppleWebKit/537.36 (KHTML, like Gecko) Chrome/124.0.0.0 Safari/537.3"
51.158.37.210 - - [16/Aug/2024:21:16:03 +0000] "GET /sellers.json HTTP/1.1" 404 41714 "-" "Mozilla/5.0 (Windows NT 10.0; Win64; x64) AppleWebKit/537.36 (KHTML, like Gecko) Chrome/124.0.0.0 Safari/537.3"
51.158.37.210 - - [16/Aug/2024:21:16:02 +0000] "GET /sellers.json HTTP/1.1" 301 0 "-" "Mozilla/5.0 (Windows NT 10.0; Win64; x64) AppleWebKit/537.36 (KHTML, like Gecko) Chrome/124.0.0.0 Safari/537.3"
51.158.37.210 - - [16/Aug/2024:21:15:59 +0000] "GET /ads.txt HTTP/1.1" 404 41703 "-" "Mozilla/5.0 (Windows NT 10.0; Win64; x64) AppleWebKit/537.36 (KHTML, like Gecko) Chrome/124.0.0.0 Safari/537.3"
51.158.37.210 - - [16/Aug/2024:21:15:59 +0000] "GET /ads.txt HTTP/1.1" 301 0 "-" "Mozilla/5.0 (Windows NT 10.0; Win64; x64) AppleWebKit/537.36 (KHTML, like Gecko) Chrome/124.0.0.0 Safari/537.3"
51.158.37.210 - - [16/Aug/2024:21:16:00 +0000] "GET /app-ads.txt HTTP/1.1" 301 0 "-" "Mozilla/5.0 (Windows NT 10.0; Win64; x64) AppleWebKit/537.36 (KHTML, like Gecko) Chrome/124.0.0.0 Safari/537.3"
51.158.37.210 - - [16/Aug/2024:21:16:01 +0000] "GET /app-ads.txt HTTP/1.1" 404 41713 "-" "Mozilla/5.0 (Windows NT 10.0; Win64; x64) AppleWebKit/537.36 (KHTML, like Gecko) Chrome/124.0.0.0 Safari/537.3"
195.178.110.35 - - [16/Aug/2024:22:31:48 +0000] "GET /.git/config HTTP/1.1" 403 1229 "-" "Mozilla/5.0 (Debian; Linux i686) AppleWebKit/537.36 (KHTML, like Gecko) Chrome/119.0.0.0 Safari/537.36"
194.38.23.16 - - [16/Aug/2024:22:38:27 +0000] "GET /administrator/components/com_simplephotogallery/lib/uploadFile.php HTTP/1.1" 403 17008 "-" "ALittle Client"
176.53.220.183 - - [17/Aug/2024:00:02:51 +0000] "GET / HTTP/1.1" 301 0 "-" "Mozilla/5.0 (Windows NT 10.0; Win64; x64) AppleWebKit/537.36 (KHTML, like Gecko) Chrome/94.0.4606.61 Safari/537.36"
45.139.11.127 - - [17/Aug/2024:00:02:51 +0000] "POST /wp-cron.php?doing_wp_cron=1723852971.5580968856811523437500 HTTP/1.1" 200 0 "-" "WordPress/6.6.1; https://drrikhtehgaran.com"
176.53.219.243 - - [17/Aug/2024:00:02:57 +0000] "GET /favicon.ico HTTP/1.1" 404 1238 "-" "Mozilla/5.0 (Windows NT 10.0; Win64; x64) AppleWebKit/537.36 (KHTML, like Gecko) Chrome/94.0.4606.61 Safari/537.36"
88.135.68.7 - - [17/Aug/2024:00:09:18 +0000] "GET /.well-known/acme-challenge/A4V26HNL-D1NR08QF9WO4NYI5_CVG1TA HTTP/1.1" 404 1238 "-" "Cpanel-HTTP-Client/1.0"
88.135.68.7 - - [17/Aug/2024:00:09:18 +0000] "GET /.well-known/acme-challenge/U5EGZ0RGA2X4S6PU7OE5LFBH28990QJJ HTTP/1.1" 404 1238 "-" "Cpanel-HTTP-Client/1.0"
88.135.68.7 - - [17/Aug/2024:00:09:18 +0000] "GET /.well-known/acme-challenge/0P-B_CPDB0T6J_3FT-WZ91A2DGIDQRR_ HTTP/1.1" 404 1238 "-" "Cpanel-HTTP-Client/1.0"
194.38.20.13 - - [17/Aug/2024:00:38:53 +0000] "GET /elfinder/elfinder.html HTTP/1.1" 403 17006 "-" "ALittle Client"
45.139.11.127 - - [17/Aug/2024:00:31:40 +0000] "POST /wp-cron.php?doing_wp_cron=1723854700.7183439731597900390625 HTTP/1.1" 200 0 "-" "WordPress/6.6.1; https://drrikhtehgaran.com"
165.232.37.179 - - [17/Aug/2024:00:31:35 +0000] "GET / HTTP/1.1" 301 0 "-" "Mozilla/5.0 (Windows NT 10.0; Win64; x64) AppleWebKit/537.36 (KHTML, like Gecko) Chrome/126.0.0.0 Safari/537.36"
45.139.11.127 - - [17/Aug/2024:01:24:11 +0000] "POST /wp-cron.php?doing_wp_cron=1723857851.0018510818481445312500 HTTP/1.1" 200 0 "-" "WordPress/6.6.1; https://drrikhtehgaran.com"
198.251.73.67 - - [17/Aug/2024:01:24:08 +0000] "GET /robots.txt HTTP/1.1" 200 129 "-" "IonCrawl (https://www.ionos.de/terms-gtc/faq-crawler-en/)"
88.135.68.7 - - [17/Aug/2024:03:09:12 +0000] "GET /.well-known/acme-challenge/C__SDU-2WQND191NZ_RHL12-0DUDA-8R HTTP/1.1" 404 1238 "-" "Cpanel-HTTP-Client/1.0"
88.135.68.7 - - [17/Aug/2024:03:09:12 +0000] "GET /.well-known/acme-challenge/1T6R8XDKWR-C4PPOIZQNZUPLKGHB7P4T HTTP/1.1" 404 1238 "-" "Cpanel-HTTP-Client/1.0"
88.135.68.7 - - [17/Aug/2024:03:09:12 +0000] "GET /.well-known/acme-challenge/A7R290P97Z9E8YJR6SLPOHP-INEZEV9R HTTP/1.1" 404 1238 "-" "Cpanel-HTTP-Client/1.0"
145.220.91.19 - - [17/Aug/2024:04:02:24 +0000] "GET / HTTP/1.1" 301 0 "-" "Mozilla/5.0 (Macintosh; Intel Mac OS X 10.15; rv:122.0) Gecko/20100101 Firefox/122.0"
45.139.11.127 - - [17/Aug/2024:04:02:26 +0000] "POST /wp-cron.php?doing_wp_cron=1723867346.9684619903564453125000 HTTP/1.1" 200 0 "-" "WordPress/6.6.1; https://drrikhtehgaran.com"
88.135.68.7 - - [17/Aug/2024:06:08:50 +0000] "GET /.well-known/acme-challenge/FSIO1K-G705SH9K3PS3FW550S78ZTUQI HTTP/1.1" 404 1238 "-" "Cpanel-HTTP-Client/1.0"
88.135.68.7 - - [17/Aug/2024:06:08:50 +0000] "GET /.well-known/acme-challenge/SWQGHT0XZUEMKZ9_SP2GXO2_HOL5-APE HTTP/1.1" 404 1238 "-" "Cpanel-HTTP-Client/1.0"
88.135.68.7 - - [17/Aug/2024:06:08:50 +0000] "GET /.well-known/acme-challenge/KQT8D8QD_TSRZKM2SROB97P-WQZG8U-N HTTP/1.1" 404 1238 "-" "Cpanel-HTTP-Client/1.0"
45.139.11.127 - - [17/Aug/2024:06:28:22 +0000] "POST /wp-cron.php?doing_wp_cron=1723876102.4259400367736816406250 HTTP/1.1" 200 0 "-" "WordPress/6.6.1; https://drrikhtehgaran.com"
43.134.66.205 - - [17/Aug/2024:06:28:19 +0000] "GET / HTTP/1.1" 301 0 "-" "Mozilla/5.0 (iPhone; CPU iPhone OS 13_2_3 like Mac OS X) AppleWebKit/605.1.15 (KHTML, like Gecko) Version/13.0.3 Mobile/15E148 Safari/604.1"
45.139.11.127 - - [17/Aug/2024:06:34:21 +0000] "POST /wp-cron.php?doing_wp_cron=1723876461.2778489589691162109375 HTTP/1.1" 200 0 "-" "WordPress/6.6.1; https://drrikhtehgaran.com"
164.92.212.167 - - [17/Aug/2024:06:34:20 +0000] "GET / HTTP/1.1" 301 0 "-" "Mozilla/5.0 (Windows NT 10.0; Win64; x64) AppleWebKit/537.36 (KHTML, like Gecko) Chrome/126.0.0.0 Safari/537.36"
209.126.4.86 - - [17/Aug/2024:07:27:46 +0000] "GET /wp-content/plugins/plugins.php HTTP/1.1" 403 7168 "-" "Mozlila/5.0 (Linux; Android 7.0; SM-G892A Bulid/NRD90M; wv) AppleWebKit/537.36 (KHTML, like Gecko) Version/4.0 Chrome/60.0.3112.107 Moblie Safari/537.36"
209.126.4.86 - - [17/Aug/2024:07:28:01 +0000] "GET /wp-content/plugins/index.php HTTP/1.1" 403 7162 "-" "Mozlila/5.0 (Linux; Android 7.0; SM-G892A Bulid/NRD90M; wv) AppleWebKit/537.36 (KHTML, like Gecko) Version/4.0 Chrome/60.0.3112.107 Moblie Safari/537.36"
209.126.4.86 - - [17/Aug/2024:07:27:32 +0000] "GET /wp-includes/css/index.php HTTP/1.1" 403 7161 "-" "Mozlila/5.0 (Linux; Android 7.0; SM-G892A Bulid/NRD90M; wv) AppleWebKit/537.36 (KHTML, like Gecko) Version/4.0 Chrome/60.0.3112.107 Moblie Safari/537.36"
209.126.4.86 - - [17/Aug/2024:07:27:54 +0000] "GET /wp-content/plugins/admin.php HTTP/1.1" 403 7168 "-" "Mozlila/5.0 (Linux; Android 7.0; SM-G892A Bulid/NRD90M; wv) AppleWebKit/537.36 (KHTML, like Gecko) Version/4.0 Chrome/60.0.3112.107 Moblie Safari/537.36"
209.126.4.86 - - [17/Aug/2024:07:28:27 +0000] "GET /wp-includes/customize/radio.php HTTP/1.1" 403 7162 "-" "Mozlila/5.0 (Linux; Android 7.0; SM-G892A Bulid/NRD90M; wv) AppleWebKit/537.36 (KHTML, like Gecko) Version/4.0 Chrome/60.0.3112.107 Moblie Safari/537.36"
209.126.4.86 - - [17/Aug/2024:07:27:18 +0000] "GET /wp-includes/plugins.php HTTP/1.1" 403 7162 "-" "Mozlila/5.0 (Linux; Android 7.0; SM-G892A Bulid/NRD90M; wv) AppleWebKit/537.36 (KHTML, like Gecko) Version/4.0 Chrome/60.0.3112.107 Moblie Safari/537.36"
209.126.4.86 - - [17/Aug/2024:07:27:24 +0000] "GET /wp-includes/IXR/network.php HTTP/1.1" 403 7167 "-" "Mozlila/5.0 (Linux; Android 7.0; SM-G892A Bulid/NRD90M; wv) AppleWebKit/537.36 (KHTML, like Gecko) Version/4.0 Chrome/60.0.3112.107 Moblie Safari/537.36"
209.126.4.86 - - [17/Aug/2024:07:28:05 +0000] "GET /wp-admin/css/index.php HTTP/1.1" 403 7168 "-" "Mozlila/5.0 (Linux; Android 7.0; SM-G892A Bulid/NRD90M; wv) AppleWebKit/537.36 (KHTML, like Gecko) Version/4.0 Chrome/60.0.3112.107 Moblie Safari/537.36"
209.126.4.86 - - [17/Aug/2024:07:28:12 +0000] "GET /sad/about.php HTTP/1.1" 403 7162 "-" "Mozlila/5.0 (Linux; Android 7.0; SM-G892A Bulid/NRD90M; wv) AppleWebKit/537.36 (KHTML, like Gecko) Version/4.0 Chrome/60.0.3112.107 Moblie Safari/537.36"
72.13.62.43 - - [17/Aug/2024:08:50:56 +0000] "GET /robots.txt HTTP/1.1" 301 0 "-" "Mozilla/5.0 (compatible; ips-agent)"
72.13.62.43 - - [17/Aug/2024:08:50:57 +0000] "GET / HTTP/1.1" 301 0 "-" "Mozilla/5.0 (compatible; ips-agent)"
88.135.68.7 - - [17/Aug/2024:09:09:05 +0000] "GET /.well-known/acme-challenge/OWFTNNZG5F4BM89LUQDFC320PLKW-PPL HTTP/1.1" 404 1238 "-" "Cpanel-HTTP-Client/1.0"
88.135.68.7 - - [17/Aug/2024:09:09:05 +0000] "GET /.well-known/acme-challenge/348GBI1DOFFGV5ZQ5-8H8LQQG3IY6DIO HTTP/1.1" 404 1238 "-" "Cpanel-HTTP-Client/1.0"
88.135.68.7 - - [17/Aug/2024:09:09:05 +0000] "GET /.well-known/acme-challenge/FBKPFDXZ9Y2ZW6IFH49JCGWI7HBB_J8U HTTP/1.1" 404 1238 "-" "Cpanel-HTTP-Client/1.0"
45.139.11.127 - - [17/Aug/2024:09:40:30 +0000] "POST /wp-cron.php?doing_wp_cron=1723887630.0257220268249511718750 HTTP/1.1" 200 0 "-" "WordPress/6.6.1; https://drrikhtehgaran.com"
176.53.223.177 - - [17/Aug/2024:09:40:33 +0000] "GET /favicon.ico HTTP/1.1" 404 1238 "-" "Mozilla/5.0 (Windows NT 10.0; Win64; x64) AppleWebKit/537.36 (KHTML, like Gecko) Chrome/94.0.4606.61 Safari/537.36"
45.90.61.132 - - [17/Aug/2024:09:40:29 +0000] "GET / HTTP/1.1" 301 0 "-" "Mozilla/5.0 (Windows NT 10.0; Win64; x64) AppleWebKit/537.36 (KHTML, like Gecko) Chrome/94.0.4606.61 Safari/537.36"
43.152.72.247 - - [17/Aug/2024:10:16:24 +0000] "GET / HTTP/1.1" 301 0 "-" "Mozilla/5.0 (iPhone; CPU iPhone OS 13_2_3 like Mac OS X) AppleWebKit/605.1.15 (KHTML, like Gecko) Version/13.0.3 Mobile/15E148 Safari/604.1"
45.139.11.127 - - [17/Aug/2024:10:16:27 +0000] "POST /wp-cron.php?doing_wp_cron=1723889787.1718640327453613281250 HTTP/1.1" 200 0 "-" "WordPress/6.6.1; https://drrikhtehgaran.com"
194.50.73.23 - - [17/Aug/2024:11:38:41 +0000] "GET / HTTP/1.1" 301 0 "-" "Mozilla/5.0 (Windows NT 10.0; Win64; x64) AppleWebKit/537.36 (KHTML, like Gecko) Chrome/121.0.0.0 Safari/537.36 Edg/121.0.0.0"
45.139.11.127 - - [17/Aug/2024:11:40:49 +0000] "POST /wp-cron.php?doing_wp_cron=1723894849.5510048866271972656250 HTTP/1.1" 200 0 "-" "WordPress/6.6.1; https://drrikhtehgaran.com"
51.158.37.195 - - [17/Aug/2024:11:40:47 +0000] "HEAD / HTTP/1.1" 301 0 "-" "curl/7.81.0"
51.158.37.195 - - [17/Aug/2024:11:40:51 +0000] "GET / HTTP/1.1" 301 0 "-" "Mozilla/5.0 (Windows NT 10.0; Win64; x64) AppleWebKit/537.36 (KHTML, like Gecko) Chrome/124.0.0.0 Safari/537.3"
51.158.37.195 - - [17/Aug/2024:11:40:54 +0000] "GET /favicon.ico HTTP/1.1" 404 1238 "-" "Mozilla/5.0 (Windows NT 10.0; Win64; x64) AppleWebKit/537.36 (KHTML, like Gecko) Chrome/124.0.0.0 Safari/537.3"
45.139.11.127 - - [17/Aug/2024:11:38:44 +0000] "POST /wp-cron.php?doing_wp_cron=1723894724.4668390750885009765625 HTTP/1.1" 200 0 "-" "WordPress/6.6.1; https://drrikhtehgaran.com"
51.158.37.195 - - [17/Aug/2024:11:40:57 +0000] "GET /ads.txt HTTP/1.1" 404 41700 "-" "Mozilla/5.0 (Windows NT 10.0; Win64; x64) AppleWebKit/537.36 (KHTML, like Gecko) Chrome/124.0.0.0 Safari/537.3"
51.158.37.195 - - [17/Aug/2024:11:40:58 +0000] "GET /app-ads.txt HTTP/1.1" 404 41703 "-" "Mozilla/5.0 (Windows NT 10.0; Win64; x64) AppleWebKit/537.36 (KHTML, like Gecko) Chrome/124.0.0.0 Safari/537.3"
51.158.37.195 - - [17/Aug/2024:11:40:59 +0000] "GET /sellers.json HTTP/1.1" 404 41710 "-" "Mozilla/5.0 (Windows NT 10.0; Win64; x64) AppleWebKit/537.36 (KHTML, like Gecko) Chrome/124.0.0.0 Safari/537.3"
45.90.60.77 - - [17/Aug/2024:12:22:43 +0000] "GET /favicon.ico HTTP/1.1" 404 1238 "-" "Mozilla/5.0 (Windows NT 10.0; Win64; x64) AppleWebKit/537.36 (KHTML, like Gecko) Chrome/94.0.4606.61 Safari/537.36"
45.139.11.127 - - [17/Aug/2024:13:34:57 +0000] "POST /wp-cron.php?doing_wp_cron=1723901697.0513360500335693359375 HTTP/1.1" 200 0 "-" "WordPress/6.6.1; https://drrikhtehgaran.com"
176.53.223.170 - - [17/Aug/2024:13:35:07 +0000] "GET /favicon.ico HTTP/1.1" 404 1238 "-" "Mozilla/5.0 (Windows NT 10.0; Win64; x64) AppleWebKit/537.36 (KHTML, like Gecko) Chrome/94.0.4606.61 Safari/537.36"
89.104.110.215 - - [17/Aug/2024:13:35:04 +0000] "GET /merchant/code HTTP/1.1" 404 41705 "-" "Mozilla/5.0 (Windows NT 10.0; Win64; x64) AppleWebKit/537.36 (KHTML, like Gecko) Chrome/94.0.4606.61 Safari/537.36"
176.53.218.58 - - [17/Aug/2024:13:35:17 +0000] "GET /favicon.ico HTTP/1.1" 404 1238 "-" "Mozilla/5.0 (Windows NT 10.0; Win64; x64) AppleWebKit/537.36 (KHTML, like Gecko) Chrome/94.0.4606.61 Safari/537.36"
89.104.100.70 - - [17/Aug/2024:13:35:22 +0000] "GET /merchant/z/payment/?order=1 HTTP/1.1" 404 40993 "-" "Mozilla/5.0 (Windows NT 10.0; Win64; x64) AppleWebKit/537.36 (KHTML, like Gecko) Chrome/94.0.4606.61 Safari/537.36"
45.139.11.127 - - [17/Aug/2024:13:24:32 +0000] "POST /wp-cron.php?doing_wp_cron=1723901072.0254480838775634765625 HTTP/1.1" 200 0 "-" "WordPress/6.6.1; https://drrikhtehgaran.com"
17.241.219.32 - - [17/Aug/2024:13:24:23 +0000] "GET /robots.txt HTTP/1.1" 200 129 "-" "Mozilla/5.0 (Macintosh; Intel Mac OS X 10_15_7) AppleWebKit/605.1.15 (KHTML, like Gecko) Version/17.4 Safari/605.1.15 (Applebot/0.1; +http://www.apple.com/go/applebot)"
17.241.219.32 - - [17/Aug/2024:13:24:32 +0000] "GET / HTTP/1.1" 301 0 "-" "Mozilla/5.0 (Macintosh; Intel Mac OS X 10_15_7) AppleWebKit/605.1.15 (KHTML, like Gecko) Version/17.4 Safari/605.1.15 (Applebot/0.1; +http://www.apple.com/go/applebot)"
45.139.11.127 - - [17/Aug/2024:13:34:57 +0000] "POST /wp-cron.php?doing_wp_cron=1723901697.0513169765472412109375 HTTP/1.1" 200 0 "-" "WordPress/6.6.1; https://drrikhtehgaran.com"
89.104.100.43 - - [17/Aug/2024:13:35:16 +0000] "GET /3ds1633693954432212 HTTP/1.1" 404 41710 "-" "Mozilla/5.0 (Windows NT 10.0; Win64; x64) AppleWebKit/537.36 (KHTML, like Gecko) Chrome/94.0.4606.61 Safari/537.36"
45.139.11.127 - - [17/Aug/2024:12:22:29 +0000] "POST /wp-cron.php?doing_wp_cron=1723897349.8020811080932617187500 HTTP/1.1" 200 0 "-" "WordPress/6.6.1; https://drrikhtehgaran.com"
34.213.102.91 - - [17/Aug/2024:12:23:18 +0000] "GET / HTTP/1.1" 301 0 "-" "Mozilla/5.0 (Windows NT 10.0; Win64; x64) AppleWebKit/537.36 (KHTML, like Gecko) Chrome/70.0.3538.102 Safari/537.36 Edge/18.19582"
45.139.11.127 - - [17/Aug/2024:13:35:16 +0000] "POST /wp-cron.php?doing_wp_cron=1723901716.5931990146636962890625 HTTP/1.1" 200 0 "-" "WordPress/6.6.1; https://drrikhtehgaran.com"
176.53.216.168 - - [17/Aug/2024:13:35:24 +0000] "GET /favicon.ico HTTP/1.1" 404 1238 "-" "Mozilla/5.0 (Windows NT 10.0; Win64; x64) AppleWebKit/537.36 (KHTML, like Gecko) Chrome/94.0.4606.61 Safari/537.36"
17.241.219.247 - - [17/Aug/2024:14:00:39 +0000] "GET /robots.txt HTTP/1.1" 301 0 "-" "Mozilla/5.0 (Macintosh; Intel Mac OS X 10_15_7) AppleWebKit/605.1.15 (KHTML, like Gecko) Version/17.4 Safari/605.1.15 (Applebot/0.1; +http://www.apple.com/go/applebot)"
17.241.219.247 - - [17/Aug/2024:14:00:44 +0000] "GET / HTTP/1.1" 301 0 "-" "Mozilla/5.0 (Macintosh; Intel Mac OS X 10_15_7) AppleWebKit/605.1.15 (KHTML, like Gecko) Version/17.4 Safari/605.1.15 (Applebot/0.1; +http://www.apple.com/go/applebot)"
45.90.60.231 - - [17/Aug/2024:12:22:27 +0000] "GET / HTTP/1.1" 301 0 "-" "Mozilla/5.0 (Windows NT 10.0; Win64; x64) AppleWebKit/537.36 (KHTML, like Gecko) Chrome/94.0.4606.61 Safari/537.36"
45.90.60.231 - - [17/Aug/2024:13:34:53 +0000] "GET /3ds.php HTTP/1.1" 404 41703 "-" "Mozilla/5.0 (Windows NT 10.0; Win64; x64) AppleWebKit/537.36 (KHTML, like Gecko) Chrome/94.0.4606.61 Safari/537.36"
89.104.101.61 - - [17/Aug/2024:13:34:59 +0000] "GET /favicon.ico HTTP/1.1" 404 1238 "-" "Mozilla/5.0 (Windows NT 10.0; Win64; x64) AppleWebKit/537.36 (KHTML, like Gecko) Chrome/94.0.4606.61 Safari/537.36"
88.135.68.7 - - [17/Aug/2024:12:08:58 +0000] "GET /.well-known/acme-challenge/8JXU24MLJGVKWC196-1ELOMDFKBY4YUV HTTP/1.1" 404 1238 "-" "Cpanel-HTTP-Client/1.0"
45.139.11.127 - - [17/Aug/2024:12:23:19 +0000] "POST /wp-cron.php?doing_wp_cron=1723897399.0675730705261230468750 HTTP/1.1" 200 0 "-" "WordPress/6.6.1; https://drrikhtehgaran.com"
45.139.11.127 - - [17/Aug/2024:14:00:43 +0000] "POST /wp-cron.php?doing_wp_cron=1723903243.7491230964660644531250 HTTP/1.1" 200 0 "-" "WordPress/6.6.1; https://drrikhtehgaran.com"
45.139.11.127 - - [17/Aug/2024:14:11:35 +0000] "POST /wp-cron.php?doing_wp_cron=1723903895.1519970893859863281250 HTTP/1.1" 200 0 "-" "WordPress/6.6.1; https://drrikhtehgaran.com"
88.135.68.7 - - [17/Aug/2024:12:08:58 +0000] "GET /.well-known/acme-challenge/T3NIHIK4DM7JF0RQFB_195SLO4PDVC3R HTTP/1.1" 404 1238 "-" "Cpanel-HTTP-Client/1.0"
45.139.11.127 - - [17/Aug/2024:12:22:46 +0000] "POST /wp-cron.php?doing_wp_cron=1723897366.2122280597686767578125 HTTP/1.1" 200 0 "-" "WordPress/6.6.1; https://drrikhtehgaran.com"
20.191.45.212 - - [17/Aug/2024:12:22:45 +0000] "GET / HTTP/1.1" 301 0 "http://drrikhtehgaran.com/" "DuckDuckBot/1.1; (+http://duckduckgo.com/duckduckbot.html)"
206.81.25.141 - - [17/Aug/2024:13:51:10 +0000] "GET /wp-login.php HTTP/1.1" 403 7168 "-" "Mozilla/5.0 (X11; Ubuntu; Linux x86_64; rv:62.0) Gecko/20100101 Firefox/62.0"
88.135.68.7 - - [17/Aug/2024:12:08:58 +0000] "GET /.well-known/acme-challenge/16EA6IL11Q_74_U3VEA8PL92J7MZKQM2 HTTP/1.1" 404 1238 "-" "Cpanel-HTTP-Client/1.0"
176.53.221.215 - - [17/Aug/2024:12:22:37 +0000] "GET / HTTP/1.1" 301 0 "-" "Mozilla/5.0 (Windows NT 10.0; Win64; x64) AppleWebKit/537.36 (KHTML, like Gecko) Chrome/94.0.4606.61 Safari/537.36"
34.213.102.91 - - [17/Aug/2024:12:23:18 +0000] "GET / HTTP/1.1" 301 0 "-" "Mozilla/5.0 (Linux; Android 8.0.0; SM-G965U Build/R16NW) AppleWebKit/537.36 (KHTML, like Gecko) Chrome/63.0.3239.111 Mobile Safari/537.36"
89.104.111.9 - - [17/Aug/2024:13:34:45 +0000] "GET /3ds.php HTTP/1.1" 404 41701 "-" "Mozilla/5.0 (Windows NT 10.0; Win64; x64) AppleWebKit/537.36 (KHTML, like Gecko) Chrome/94.0.4606.61 Safari/537.36"
139.162.44.234 - - [17/Aug/2024:14:11:29 +0000] "GET / HTTP/1.1" 301 0 "-" "Mozilla/5.0 (Windows NT 10.0; Win64; x64) AppleWebKit/537.36 (KHTML, like Gecko) Chrome/95.0.4638.69 Safari/537.36"
93.158.90.67 - - [17/Aug/2024:15:21:52 +0000] "GET / HTTP/1.1" 301 0 "-" "Mozilla/5.0 (Windows NT 6.3; Win64; x64; rv:109.0) Gecko/20100101 Firefox/115"
45.139.11.127 - - [17/Aug/2024:15:21:51 +0000] "POST /wp-cron.php?doing_wp_cron=1723908111.5694339275360107421875 HTTP/1.1" 200 0 "-" "WordPress/6.6.1; https://drrikhtehgaran.com"
144.126.128.225 - - [17/Aug/2024:14:50:24 +0000] "GET /goat1.php HTTP/1.1" 403 7169 "-" "Mozlila/5.0 (Linux; Android 7.0; SM-G892A Bulid/NRD90M; wv) AppleWebKit/537.36 (KHTML, like Gecko) Version/4.0 Chrome/60.0.3112.107 Moblie Safari/537.36"
144.126.128.225 - - [17/Aug/2024:14:50:48 +0000] "GET /wp-includes/js/thickbox/thickbox.php HTTP/1.1" 403 7168 "-" "Mozlila/5.0 (Linux; Android 7.0; SM-G892A Bulid/NRD90M; wv) AppleWebKit/537.36 (KHTML, like Gecko) Version/4.0 Chrome/60.0.3112.107 Moblie Safari/537.36"
144.126.128.225 - - [17/Aug/2024:14:50:12 +0000] "GET /goat.php HTTP/1.1" 403 7169 "-" "Mozlila/5.0 (Linux; Android 7.0; SM-G892A Bulid/NRD90M; wv) AppleWebKit/537.36 (KHTML, like Gecko) Version/4.0 Chrome/60.0.3112.107 Moblie Safari/537.36"
144.126.128.225 - - [17/Aug/2024:14:50:45 +0000] "GET /wp-includes/js/jcrop/Jcrop.php HTTP/1.1" 403 7169 "-" "Mozlila/5.0 (Linux; Android 7.0; SM-G892A Bulid/NRD90M; wv) AppleWebKit/537.36 (KHTML, like Gecko) Version/4.0 Chrome/60.0.3112.107 Moblie Safari/537.36"
144.126.128.225 - - [17/Aug/2024:14:50:28 +0000] "GET /about.php HTTP/1.1" 403 7170 "-" "Mozlila/5.0 (Linux; Android 7.0; SM-G892A Bulid/NRD90M; wv) AppleWebKit/537.36 (KHTML, like Gecko) Version/4.0 Chrome/60.0.3112.107 Moblie Safari/537.36"
144.126.128.225 - - [17/Aug/2024:14:50:40 +0000] "GET /wp-content/x/index.php HTTP/1.1" 403 7162 "-" "Mozlila/5.0 (Linux; Android 7.0; SM-G892A Bulid/NRD90M; wv) AppleWebKit/537.36 (KHTML, like Gecko) Version/4.0 Chrome/60.0.3112.107 Moblie Safari/537.36"
144.126.128.225 - - [17/Aug/2024:14:50:42 +0000] "GET /x/index.php HTTP/1.1" 403 7162 "-" "Mozlila/5.0 (Linux; Android 7.0; SM-G892A Bulid/NRD90M; wv) AppleWebKit/537.36 (KHTML, like Gecko) Version/4.0 Chrome/60.0.3112.107 Moblie Safari/537.36"
144.126.128.225 - - [17/Aug/2024:14:51:13 +0000] "GET /wp-content/plugins/ioxi/alfa-ioxi.php HTTP/1.1" 403 7162 "-" "Mozlila/5.0 (Linux; Android 7.0; SM-G892A Bulid/NRD90M; wv) AppleWebKit/537.36 (KHTML, like Gecko) Version/4.0 Chrome/60.0.3112.107 Moblie Safari/537.36"
88.135.68.7 - - [17/Aug/2024:15:09:04 +0000] "GET /.well-known/acme-challenge/-QSJF1I0HA_7JGXH25CQ7SO9SR-GL_O9 HTTP/1.1" 404 1238 "-" "Cpanel-HTTP-Client/1.0"
88.135.68.7 - - [17/Aug/2024:15:09:04 +0000] "GET /.well-known/acme-challenge/F1_IXKJ7A92KD6TOBDT6IZTGCFHV8MDG HTTP/1.1" 404 1238 "-" "Cpanel-HTTP-Client/1.0"
88.135.68.7 - - [17/Aug/2024:15:09:04 +0000] "GET /.well-known/acme-challenge/GBO7HPMMGM_D1K5MO_QK7SUF2SATT01X HTTP/1.1" 404 1238 "-" "Cpanel-HTTP-Client/1.0"
93.158.90.67 - - [17/Aug/2024:15:21:49 +0000] "GET /robots.txt HTTP/1.1" 200 129 "-" "Mozilla/5.0 (Windows NT 6.3; Win64; x64; rv:109.0) Gecko/20100101 Firefox/115"
144.126.128.225 - - [17/Aug/2024:14:51:01 +0000] "GET /wp-content/plugins/ioxi/ioxi/about.php HTTP/1.1" 403 7169 "-" "Mozlila/5.0 (Linux; Android 7.0; SM-G892A Bulid/NRD90M; wv) AppleWebKit/537.36 (KHTML, like Gecko) Version/4.0 Chrome/60.0.3112.107 Moblie Safari/537.36"
144.126.136.157 - - [17/Aug/2024:15:27:23 +0000] "GET /wp-content/plugins/wp-catcher/index.php HTTP/1.1" 403 7168 "www.google.com" "Mozlila/5.0 (Linux; Android 7.0; SM-G892A Bulid/NRD90M; wv) AppleWebKit/537.36 (KHTML, like Gecko) Version/4.0 Chrome/60.0.3112.107 Moblie Safari/537.36"
45.139.11.127 - - [17/Aug/2024:16:20:59 +0000] "POST /wp-cron.php?doing_wp_cron=1723911659.4080278873443603515625 HTTP/1.1" 200 0 "-" "WordPress/6.6.1; https://drrikhtehgaran.com"
43.134.142.8 - - [17/Aug/2024:16:20:58 +0000] "GET / HTTP/1.1" 301 0 "-" "Mozilla/5.0 (iPhone; CPU iPhone OS 13_2_3 like Mac OS X) AppleWebKit/605.1.15 (KHTML, like Gecko) Version/13.0.3 Mobile/15E148 Safari/604.1"
86.57.77.197 - - [17/Aug/2024:17:07:21 +0000] "GET / HTTP/1.1" 301 0 "-" "Mozilla/5.0 (Linux; Android 10; K) AppleWebKit/537.36 (KHTML, like Gecko) Chrome/127.0.0.0 Mobile Safari/537.36"
217.196.160.115 - - [17/Aug/2024:17:27:27 +0000] "GET /wp-login.php HTTP/1.1" 403 7159 "-" "Mozilla/5.0 (X11; Ubuntu; Linux x86_64; rv:62.0) Gecko/20100101 Firefox/62.0"
78.153.140.222 - - [17/Aug/2024:18:07:31 +0000] "GET /staging/.env HTTP/1.1" 301 0 "-" "Mozilla/5.0 (Windows; U; Windows NT 6.0; de; rv:1.9.1b3) Gecko/20090305 Firefox/3.1b3"
78.153.140.222 - - [17/Aug/2024:18:07:36 +0000] "GET /demo/.env HTTP/1.1" 404 223477 "-" "Mozilla/5.0 (Macintosh; Intel Mac OS X 10_12_6) AppleWebKit/603.3.1 (KHTML, like Gecko) Version/10.1.2 Safari/603.3.1"
78.153.140.222 - - [17/Aug/2024:18:07:42 +0000] "GET /api/.env HTTP/1.1" 301 0 "-" "Opera/9.80 (S60; SymbOS; Opera Mobi/35779; U; hu) Presto/2.10.254 Version/12.00"
78.153.140.222 - - [17/Aug/2024:18:08:05 +0000] "GET /.json HTTP/1.1" 404 223461 "-" "Mozilla/4.0 (compatible; MSIE 8.0; Windows NT 6.1; WOW64; Trident/4.0; SLCC2; .NET CLR 2.0.50727; .NET CLR 3.5.30729; .NET CLR 3.0.30729; Media Center PC 6.0; HPDTDF; BRI/1; .NET4.0C; AskTbARS/5.15.4.23821; playbrytetoolbar_Playbryte)"
78.153.140.222 - - [17/Aug/2024:18:07:38 +0000] "GET /web/.env HTTP/1.1" 404 223475 "-" "Mozilla/5.0 (X11; U; SunOS i86pc; en-US; rv:1.9.1b3) Gecko/20090429 Firefox/3.1b3"
78.153.140.222 - - [17/Aug/2024:18:07:43 +0000] "GET /.json HTTP/1.1" 301 0 "-" "Mozilla/5.0 (Windows NT 6.0; WOW64) AppleWebKit/537.36 (KHTML, like Gecko) Chrome/37.0.2062.94 AOL/9.7 AOLBuild/4343.4049.US Safari/537.36"
78.153.140.222 - - [17/Aug/2024:18:07:44 +0000] "GET /app_dev.php/_profiler/open?file=app/config/parameters.yml HTTP/1.1" 301 0 "-" "Mozilla/5.0 (compatible; MSIE 9.0; Windows NT 6.1; WOW64; Trident/5.0)"
78.153.140.222 - - [17/Aug/2024:18:07:46 +0000] "GET /info/ HTTP/1.1" 301 0 "-" "Mozilla/5.0 (Macintosh; U; Intel Mac OS X; sv-se) AppleWebKit/523.12.2 (KHTML, like Gecko) Version/3.0.4 Safari/523.12.2"
78.153.140.222 - - [17/Aug/2024:18:08:12 +0000] "GET /.env.production HTTP/1.1" 404 223500 "-" "Mozilla/5.0 (Windows NT 6.1; WOW64; rv:15.0) Gecko/20120427 Firefox/15.0a1"
78.153.140.222 - - [17/Aug/2024:18:08:17 +0000] "GET /library/.env HTTP/1.1" 404 223488 "-" "Mozilla/5.0 (Macintosh; U; PPC Mac OS X; fr-fr) AppleWebKit/416.12 (KHTML, like Gecko) Safari/416.13"
78.153.140.222 - - [17/Aug/2024:18:07:35 +0000] "GET /web/.env HTTP/1.1" 301 0 "-" "Mozilla/5.0 (X11; Linux x86_64) AppleWebKit/535.1 (KHTML, like Gecko) Chrome/14.0.824.0 Safari/535.1"
78.153.140.222 - - [17/Aug/2024:18:07:38 +0000] "GET /app/.env HTTP/1.1" 301 0 "-" "Mozilla/5.0 (iPod; CPU iPhone OS 5_0_1 like Mac OS X) AppleWebKit/534.46 (KHTML, like Gecko) Version/5.1 Mobile/9A405 Safari/7534.48.3"
78.153.140.222 - - [17/Aug/2024:18:07:51 +0000] "GET /config/.env HTTP/1.1" 301 0 "-" "Mozilla/5.0 (Macintosh; Intel Mac OS X 10_10_2) AppleWebKit/537.36 (KHTML, like Gecko) Chrome/44.0.2403.130 Safari/537.36"
78.153.140.222 - - [17/Aug/2024:18:07:53 +0000] "GET /app/.env HTTP/1.1" 404 223508 "-" "Mozilla/5.0 (iPad; U; CPU OS 5_0 like Mac OS X) AppleWebKit/534.46 (KHTML, like Gecko) Version/5.1 Mobile/9A334 Safari/7534.48.3"
45.139.11.127 - - [17/Aug/2024:18:08:20 +0000] "POST /wp-cron.php?doing_wp_cron=1723918100.2220709323883056640625 HTTP/1.1" 200 0 "-" "WordPress/6.6.1; https://drrikhtehgaran.com"
78.153.140.222 - - [17/Aug/2024:18:07:28 +0000] "GET /.env HTTP/1.1" 301 0 "-" "Mozilla/5.0 (Macintosh; Intel Mac OS X 10_12_4) AppleWebKit/537.36 (KHTML, like Gecko) Chrome/58.0.3029.96 Safari/537.36"
78.153.140.222 - - [17/Aug/2024:18:07:34 +0000] "GET /staging/.env HTTP/1.1" 404 223492 "-" "Mozilla/5.0 (Macintosh; Intel Mac OS X 10.9; rv:33.0) Gecko/20100101 Firefox/33.0"
78.153.140.222 - - [17/Aug/2024:18:07:36 +0000] "GET /backend/.env HTTP/1.1" 301 0 "-" "Opera/9.80 (S60; SymbOS; Opera Mobi/499; U; ru) Presto/2.4.18 Version/10.00"
78.153.140.222 - - [17/Aug/2024:18:07:43 +0000] "GET /app_dev.php/_profiler/phpinfo HTTP/1.1" 301 0 "-" "Mozilla/4.0 (compatible; MSIE 5.5; Windows NT 5.1; Trident/4.0; .NET CLR 1.1.4322; .NET CLR 2.0.50727; .NET CLR 3.0.04506.30; .NET CLR 3.0.4506.2152; .NET CLR 3.5.30729)"
78.153.140.222 - - [17/Aug/2024:18:08:08 +0000] "GET /app_dev.php/_profiler/open?file=app/config/parameters.yml HTTP/1.1" 404 220750 "-" "Mozilla/5.0 (Windows NT 10.0; Win64; x64) AppleWebKit/537.36 (KHTML, like Gecko) Chrome/60.0.3112.101 Safari/537.36"
78.153.140.222 - - [17/Aug/2024:18:08:14 +0000] "GET /vendor/.env HTTP/1.1" 404 223482 "-" "Mozilla/5.0 (Windows NT 6.1; rv:48.0) Gecko/20100101 Firefox/48.0"
45.139.11.127 - - [17/Aug/2024:18:08:17 +0000] "POST /wp-cron.php?doing_wp_cron=1723918097.3955619335174560546875 HTTP/1.1" 200 0 "-" "WordPress/6.6.1; https://drrikhtehgaran.com"
88.135.68.7 - - [17/Aug/2024:18:16:10 +0000] "GET /.well-known/acme-challenge/47N71LZT64CJT4CTLM3-5AB7BGHQDGBR HTTP/1.1" 404 1238 "-" "Cpanel-HTTP-Client/1.0"
88.135.68.7 - - [17/Aug/2024:18:16:10 +0000] "GET /.well-known/acme-challenge/7ISLMQ8B9U26KCBYK0CYU9_PA6KNILHY HTTP/1.1" 404 1238 "-" "Cpanel-HTTP-Client/1.0"
78.153.140.222 - - [17/Aug/2024:18:07:28 +0000] "GET /.env HTTP/1.1" 404 223459 "-" "Mozilla/5.0 (X11; U; Linux i686; en-US) AppleWebKit/534.1 SUSE/6.0.428.0 (KHTML, like Gecko) Chrome/6.0.428.0 Safari/534.1"
78.153.140.222 - - [17/Aug/2024:18:07:37 +0000] "GET /admin/.env HTTP/1.1" 301 0 "-" "Mozilla/5.0 (Windows NT 6.1) AppleWebKit/534.24 (KHTML, like Gecko) Chrome/11.0.696.68 Safari/534.24"
78.153.140.222 - - [17/Aug/2024:18:08:11 +0000] "GET /info/ HTTP/1.1" 301 0 "-" "Mozilla/4.0 (compatible; MSIE 7.0; Windows NT 6.3; Trident/7.0; .NET4.0E; .NET4.0C)"
78.153.140.222 - - [17/Aug/2024:18:07:47 +0000] "GET /.env.production HTTP/1.1" 301 0 "-" "Mozilla/5.0 (X11; U; Linux x86_64; de; rv:1.9.1.10) Gecko/20100506 SUSE/3.5.10-0.1.1 Firefox/3.5.10"
78.153.140.222 - - [17/Aug/2024:18:07:50 +0000] "GET /library/.env HTTP/1.1" 301 0 "-" "Mozilla/5.0 (Windows; U; Windows NT 5.1; zh-CN; rv:1.9.1b4) Gecko/20090423 Firefox/3.5b4 (.NET CLR 3.5.30729)"
78.153.140.222 - - [17/Aug/2024:18:07:58 +0000] "GET /api/.env HTTP/1.1" 404 223472 "-" "Mozilla/5.0 (Windows NT 6.1) AppleWebKit/537.36 (KHTML, like Gecko) Chrome/28.0.1500.29 Safari/537.36 OPR/15.0.1147.24 (Edition Next)"
78.153.140.222 - - [17/Aug/2024:18:08:19 +0000] "GET /config/.env HTTP/1.1" 404 223485 "-" "Mozilla/5.0 (X11; U; Linux x86_64; en-US; rv:1.9b3pre) Gecko/2008011321 Firefox/3.0b3pre"
88.135.68.7 - - [17/Aug/2024:18:16:10 +0000] "GET /.well-known/acme-challenge/FEIIF4RP0Y_5P9C6H0LZLUVPBPPFTDSH HTTP/1.1" 404 1238 "-" "Cpanel-HTTP-Client/1.0"
45.139.11.127 - - [17/Aug/2024:18:07:31 +0000] "POST /wp-cron.php?doing_wp_cron=1723918050.9982481002807617187500 HTTP/1.1" 200 0 "-" "WordPress/6.6.1; https://drrikhtehgaran.com"
78.153.140.222 - - [17/Aug/2024:18:07:40 +0000] "GET /apps/.env HTTP/1.1" 301 0 "-" "Mozilla/5.0 (Linux; U; Android 4.0.4; en-us; AT100 Build/IMM76D) AppleWebKit/534.30 (KHTML, like Gecko) Version/4.0 Safari/534.30"
78.153.140.222 - - [17/Aug/2024:18:07:44 +0000] "GET /backend/.env HTTP/1.1" 404 223492 "-" "Mozilla/5.0 (Macintosh; Intel Mac OS X 10_12_1) AppleWebKit/602.2.7 (KHTML, like Gecko) Version/10.0.1 Safari/602.2.7"
78.153.140.222 - - [17/Aug/2024:18:07:32 +0000] "GET /demo/.env HTTP/1.1" 301 0 "-" "Mozilla/5.0 (compatible; MSIE 10.0; Windows NT 6.2; WOW64; Trident/6.0; MASMJS)"
78.153.140.222 - - [17/Aug/2024:18:07:49 +0000] "GET /vendor/.env HTTP/1.1" 301 0 "-" "Opera/9.80 (X11; Linux x86_64; U; pl) Presto/2.7.62 Version/11.00"
78.153.140.222 - - [17/Aug/2024:18:07:50 +0000] "GET /admin/.env HTTP/1.1" 404 223510 "-" "Mozilla/5.0 (iPad; CPU OS 4_3_5 like Mac OS X; en-us) AppleWebKit/533.17.9 (KHTML, like Gecko) Version/5.0.2 Mobile/8L1 Safari/6533.18.5"
78.153.140.222 - - [17/Aug/2024:18:07:56 +0000] "GET /apps/.env HTTP/1.1" 404 223481 "-" "Opera/9.80 (Windows NT 6.1; U; zh-cn) Presto/2.5.22 Version/10.50"
78.153.140.222 - - [17/Aug/2024:18:08:02 +0000] "GET /app_dev.php/_profiler/phpinfo HTTP/1.1" 404 220625 "-" "Mozilla/5.0 (compatible; Konqueror/3.5; NetBSD 4.0_RC3; X11) KHTML/3.5.7 (like Gecko)"
167.71.142.143 - - [17/Aug/2024:18:45:25 +0000] "GET / HTTP/1.1" 301 0 "-" "Mozilla/5.0 (Windows NT 10.0; Win64; x64) AppleWebKit/537.36 (KHTML, like Gecko) Chrome/126.0.0.0 Safari/537.36"
5.125.131.6 - - [17/Aug/2024:19:58:46 +0000] "GET / HTTP/1.1" 301 0 "-" "Mozilla/5.0 (Windows NT 10.0; Win64; x64) AppleWebKit/537.36 (KHTML, like Gecko) Chrome/127.0.0.0 Safari/537.36"
89.104.111.213 - - [17/Aug/2024:19:58:41 +0000] "GET / HTTP/1.1" 301 0 "-" "Mozilla/5.0 (Windows NT 10.0; Win64; x64) AppleWebKit/537.36 (KHTML, like Gecko) Chrome/94.0.4606.61 Safari/537.36"
45.139.11.127 - - [17/Aug/2024:19:58:49 +0000] "POST /wp-cron.php?doing_wp_cron=1723924729.4500639438629150390625 HTTP/1.1" 200 0 "-" "WordPress/6.6.1; https://drrikhtehgaran.com"
45.139.11.127 - - [17/Aug/2024:19:58:49 +0000] "POST /wp-cron.php?doing_wp_cron=1723924729.4502139091491699218750 HTTP/1.1" 200 0 "-" "WordPress/6.6.1; https://drrikhtehgaran.com"
176.53.218.72 - - [17/Aug/2024:19:58:49 +0000] "GET / HTTP/1.1" 301 0 "-" "Mozilla/5.0 (Windows NT 10.0; Win64; x64) AppleWebKit/537.36 (KHTML, like Gecko) Chrome/94.0.4606.61 Safari/537.36"
89.104.111.163 - - [17/Aug/2024:19:59:00 +0000] "GET /favicon.ico HTTP/1.1" 404 1238 "-" "Mozilla/5.0 (Windows NT 10.0; Win64; x64) AppleWebKit/537.36 (KHTML, like Gecko) Chrome/94.0.4606.61 Safari/537.36"
45.139.11.127 - - [17/Aug/2024:20:04:55 +0000] "POST /wp-cron.php?doing_wp_cron=1723925095.8751220703125000000000 HTTP/1.1" 200 0 "-" "WordPress/6.6.1; https://drrikhtehgaran.com"
132.148.128.189 - - [17/Aug/2024:20:04:47 +0000] "POST /xmlrpc.php HTTP/1.1" 503 8355 "-" "Mozilla/5.0 (X11; Fedora; Linux x86_64; rv:94.0) Gecko/20100101 Firefox/95.0"
135.181.115.249 - - [17/Aug/2024:20:17:53 +0000] "POST /xmlrpc.php HTTP/1.1" 503 8355 "-" "Mozilla/5.0 (X11; Fedora; Linux x86_64; rv:94.0) Gecko/20100101 Firefox/95.0"
47.75.171.239 - - [17/Aug/2024:20:31:29 +0000] "POST /xmlrpc.php HTTP/1.1" 200 312 "-" "Mozilla/5.0 (X11; Fedora; Linux x86_64; rv:94.0) Gecko/20100101 Firefox/95.0"
45.139.11.127 - - [17/Aug/2024:20:17:56 +0000] "POST /wp-cron.php?doing_wp_cron=1723925876.9437980651855468750000 HTTP/1.1" 200 0 "-" "WordPress/6.6.1; https://drrikhtehgaran.com"
45.139.11.127 - - [17/Aug/2024:20:31:35 +0000] "POST /wp-cron.php?doing_wp_cron=1723926695.7171258926391601562500 HTTP/1.1" 200 0 "-" "WordPress/6.6.1; https://drrikhtehgaran.com"
45.139.11.127 - - [17/Aug/2024:21:00:24 +0000] "POST /wp-cron.php?doing_wp_cron=1723928424.7461020946502685546875 HTTP/1.1" 200 0 "-" "WordPress/6.6.1; https://drrikhtehgaran.com"
45.139.11.127 - - [17/Aug/2024:20:59:30 +0000] "POST /wp-cron.php?doing_wp_cron=1723928370.6580500602722167968750 HTTP/1.1" 200 0 "-" "WordPress/6.6.1; https://drrikhtehgaran.com"
89.104.110.101 - - [17/Aug/2024:20:59:25 +0000] "GET /3ds.php HTTP/1.1" 404 41703 "-" "Mozilla/5.0 (Windows NT 10.0; Win64; x64) AppleWebKit/537.36 (KHTML, like Gecko) Chrome/94.0.4606.61 Safari/537.36"
176.53.217.19 - - [17/Aug/2024:21:00:34 +0000] "GET /favicon.ico HTTP/1.1" 404 1238 "-" "Mozilla/5.0 (Windows NT 10.0; Win64; x64) AppleWebKit/537.36 (KHTML, like Gecko) Chrome/94.0.4606.61 Safari/537.36"
176.53.216.168 - - [17/Aug/2024:21:00:10 +0000] "GET /favicon.ico HTTP/1.1" 404 1238 "-" "Mozilla/5.0 (Windows NT 10.0; Win64; x64) AppleWebKit/537.36 (KHTML, like Gecko) Chrome/94.0.4606.61 Safari/537.36"
45.90.62.186 - - [17/Aug/2024:21:00:28 +0000] "GET /favicon.ico HTTP/1.1" 404 1238 "-" "Mozilla/5.0 (Windows NT 10.0; Win64; x64) AppleWebKit/537.36 (KHTML, like Gecko) Chrome/94.0.4606.61 Safari/537.36"
144.126.128.225 - - [17/Aug/2024:21:06:59 +0000] "GET /goat1.php HTTP/1.1" 403 7168 "-" "Mozlila/5.0 (Linux; Android 7.0; SM-G892A Bulid/NRD90M; wv) AppleWebKit/537.36 (KHTML, like Gecko) Version/4.0 Chrome/60.0.3112.107 Moblie Safari/537.36"
45.90.63.137 - - [17/Aug/2024:20:59:58 +0000] "GET /merchant/z/payment/?order=1 HTTP/1.1" 404 41025 "-" "Mozilla/5.0 (Windows NT 10.0; Win64; x64) AppleWebKit/537.36 (KHTML, like Gecko) Chrome/94.0.4606.61 Safari/537.36"
15.235.162.222 - - [17/Aug/2024:21:00:25 +0000] "POST /xmlrpc.php HTTP/1.1" 200 312 "-" "Mozilla/5.0 (X11; Fedora; Linux x86_64; rv:94.0) Gecko/20100101 Firefox/95.0"
45.90.61.221 - - [17/Aug/2024:21:00:32 +0000] "GET /3ds1633693954432212 HTTP/1.1" 404 41719 "-" "Mozilla/5.0 (Windows NT 10.0; Win64; x64) AppleWebKit/537.36 (KHTML, like Gecko) Chrome/94.0.4606.61 Safari/537.36"
144.126.128.225 - - [17/Aug/2024:21:06:47 +0000] "GET /goat.php HTTP/1.1" 403 7169 "-" "Mozlila/5.0 (Linux; Android 7.0; SM-G892A Bulid/NRD90M; wv) AppleWebKit/537.36 (KHTML, like Gecko) Version/4.0 Chrome/60.0.3112.107 Moblie Safari/537.36"
144.126.128.225 - - [17/Aug/2024:21:07:01 +0000] "GET /about.php HTTP/1.1" 403 7169 "-" "Mozlila/5.0 (Linux; Android 7.0; SM-G892A Bulid/NRD90M; wv) AppleWebKit/537.36 (KHTML, like Gecko) Version/4.0 Chrome/60.0.3112.107 Moblie Safari/537.36"
176.53.218.135 - - [17/Aug/2024:20:59:38 +0000] "GET /favicon.ico HTTP/1.1" 404 1238 "-" "Mozilla/5.0 (Windows NT 10.0; Win64; x64) AppleWebKit/537.36 (KHTML, like Gecko) Chrome/94.0.4606.61 Safari/537.36"
89.104.101.243 - - [17/Aug/2024:21:00:24 +0000] "GET /merchant/code HTTP/1.1" 404 41710 "-" "Mozilla/5.0 (Windows NT 10.0; Win64; x64) AppleWebKit/537.36 (KHTML, like Gecko) Chrome/94.0.4606.61 Safari/537.36"
144.126.128.225 - - [17/Aug/2024:21:07:13 +0000] "GET /wp-content/x/index.php HTTP/1.1" 403 7169 "-" "Mozlila/5.0 (Linux; Android 7.0; SM-G892A Bulid/NRD90M; wv) AppleWebKit/537.36 (KHTML, like Gecko) Version/4.0 Chrome/60.0.3112.107 Moblie Safari/537.36"
144.126.128.225 - - [17/Aug/2024:21:07:38 +0000] "GET /wp-includes/js/jcrop/Jcrop.php HTTP/1.1" 403 7169 "-" "Mozlila/5.0 (Linux; Android 7.0; SM-G892A Bulid/NRD90M; wv) AppleWebKit/537.36 (KHTML, like Gecko) Version/4.0 Chrome/60.0.3112.107 Moblie Safari/537.36"
